../Drivers/CMSIS/Include/core_cm4.h:1684:22:__NVIC_EnableIRQ	16	static,ignoring_inline_asm
../Drivers/CMSIS/Include/core_cm4.h:1814:22:__NVIC_SetPriority	16	static
../Core/Src/main.c:36:5:main	16	static
../Core/Src/main.c:93:6:LED_TASK_Handler	48	static
../Core/Src/main.c:134:6:usart_config	8	static
../Core/Src/main.c:173:6:USART2_IRQHandler	24	static,ignoring_inline_asm
../Core/Src/main.c:242:6:print_uart	16	static
../Core/Src/main.c:260:6:SystemClock_Config	88	static
../Core/Src/main.c:308:13:MX_GPIO_Init	48	static
../Core/Src/main.c:354:6:HAL_TIM_PeriodElapsedCallback	16	static
../Core/Src/main.c:372:6:Error_Handler	4	static,ignoring_inline_asm
