../Core/Src/main.c:28:5:main	16	static
../Core/Src/main.c:79:6:Task1_Handler	16	static,ignoring_inline_asm
../Core/Src/main.c:93:6:Task2_Handler	16	static,ignoring_inline_asm
../Core/Src/main.c:106:6:setup	4	static
../Core/Src/main.c:116:6:usart_config	4	static
../Core/Src/main.c:145:6:print_uart	16	static
../Core/Src/main.c:163:6:SystemClock_Config	88	static
../Core/Src/main.c:210:13:MX_USART2_UART_Init	8	static
../Core/Src/main.c:243:13:MX_GPIO_Init	48	static
../Core/Src/main.c:289:6:HAL_TIM_PeriodElapsedCallback	16	static
../Core/Src/main.c:307:6:Error_Handler	4	static,ignoring_inline_asm
