../Drivers/CMSIS/Include/core_cm4.h:1684:22:__NVIC_EnableIRQ	16	static,ignoring_inline_asm
../Drivers/CMSIS/Include/core_cm4.h:1814:22:__NVIC_SetPriority	16	static
../Drivers/Modules/GPIO_Driver.c:21:6:gpio_setup	8	static
../Drivers/Modules/GPIO_Driver.c:64:6:gpio_set	16	static
../Drivers/Modules/GPIO_Driver.c:68:6:gpio_reset	16	static
../Drivers/Modules/GPIO_Driver.c:90:6:EXTI0_IRQHandler	16	static,ignoring_inline_asm
../Drivers/Modules/GPIO_Driver.c:108:6:EXTI1_IRQHandler	16	static,ignoring_inline_asm
