../Drivers/CMSIS/Include/core_cm4.h:1684:22:__NVIC_EnableIRQ	16	static,ignoring_inline_asm
../Drivers/CMSIS/Include/core_cm4.h:1814:22:__NVIC_SetPriority	16	static
../Core/Src/main.c:60:5:main	24	static
../Core/Src/main.c:175:6:Consumer_Handler	80	static
../Core/Src/main.c:264:6:Producer_Handler	56	static
../Core/Src/main.c:322:6:usart_config	8	static
../Core/Src/main.c:361:6:USART2_IRQHandler	24	static,ignoring_inline_asm
../Core/Src/main.c:430:6:print_uart	16	static
../Core/Src/main.c:448:6:SystemClock_Config	88	static
../Core/Src/main.c:496:13:MX_GPIO_Init	48	static
../Core/Src/main.c:542:6:HAL_TIM_PeriodElapsedCallback	16	static
../Core/Src/main.c:560:6:Error_Handler	4	static,ignoring_inline_asm
