Archive member included to satisfy reference by file (symbol)

/Applications/STM32CubeIDE.app/Contents/Eclipse/plugins/com.st.stm32cube.ide.mcu.externaltools.gnu-tools-for-stm32.13.3.rel1.macos64_1.0.100.202509120712/tools/bin/../lib/gcc/arm-none-eabi/13.3.1/../../../../arm-none-eabi/lib/thumb/v7e-m+fp/hard/libc_nano.a(libc_a-exit.o)
                              /Applications/STM32CubeIDE.app/Contents/Eclipse/plugins/com.st.stm32cube.ide.mcu.externaltools.gnu-tools-for-stm32.13.3.rel1.macos64_1.0.100.202509120712/tools/bin/../lib/gcc/arm-none-eabi/13.3.1/../../../../arm-none-eabi/lib/thumb/v7e-m+fp/hard/crt0.o (exit)
/Applications/STM32CubeIDE.app/Contents/Eclipse/plugins/com.st.stm32cube.ide.mcu.externaltools.gnu-tools-for-stm32.13.3.rel1.macos64_1.0.100.202509120712/tools/bin/../lib/gcc/arm-none-eabi/13.3.1/../../../../arm-none-eabi/lib/thumb/v7e-m+fp/hard/libc_nano.a(libc_a-findfp.o)
                              /Applications/STM32CubeIDE.app/Contents/Eclipse/plugins/com.st.stm32cube.ide.mcu.externaltools.gnu-tools-for-stm32.13.3.rel1.macos64_1.0.100.202509120712/tools/bin/../lib/gcc/arm-none-eabi/13.3.1/../../../../arm-none-eabi/lib/thumb/v7e-m+fp/hard/libc_nano.a(libc_a-exit.o) (__stdio_exit_handler)
/Applications/STM32CubeIDE.app/Contents/Eclipse/plugins/com.st.stm32cube.ide.mcu.externaltools.gnu-tools-for-stm32.13.3.rel1.macos64_1.0.100.202509120712/tools/bin/../lib/gcc/arm-none-eabi/13.3.1/../../../../arm-none-eabi/lib/thumb/v7e-m+fp/hard/libc_nano.a(libc_a-fwalk.o)
                              /Applications/STM32CubeIDE.app/Contents/Eclipse/plugins/com.st.stm32cube.ide.mcu.externaltools.gnu-tools-for-stm32.13.3.rel1.macos64_1.0.100.202509120712/tools/bin/../lib/gcc/arm-none-eabi/13.3.1/../../../../arm-none-eabi/lib/thumb/v7e-m+fp/hard/libc_nano.a(libc_a-findfp.o) (_fwalk_sglue)
/Applications/STM32CubeIDE.app/Contents/Eclipse/plugins/com.st.stm32cube.ide.mcu.externaltools.gnu-tools-for-stm32.13.3.rel1.macos64_1.0.100.202509120712/tools/bin/../lib/gcc/arm-none-eabi/13.3.1/../../../../arm-none-eabi/lib/thumb/v7e-m+fp/hard/libc_nano.a(libc_a-memcmp.o)
                              ./ThirdParty/SEGGER/OS/SEGGER_SYSVIEW_FreeRTOS.o (memcmp)
/Applications/STM32CubeIDE.app/Contents/Eclipse/plugins/com.st.stm32cube.ide.mcu.externaltools.gnu-tools-for-stm32.13.3.rel1.macos64_1.0.100.202509120712/tools/bin/../lib/gcc/arm-none-eabi/13.3.1/../../../../arm-none-eabi/lib/thumb/v7e-m+fp/hard/libc_nano.a(libc_a-memset.o)
                              /Applications/STM32CubeIDE.app/Contents/Eclipse/plugins/com.st.stm32cube.ide.mcu.externaltools.gnu-tools-for-stm32.13.3.rel1.macos64_1.0.100.202509120712/tools/bin/../lib/gcc/arm-none-eabi/13.3.1/../../../../arm-none-eabi/lib/thumb/v7e-m+fp/hard/crt0.o (memset)
/Applications/STM32CubeIDE.app/Contents/Eclipse/plugins/com.st.stm32cube.ide.mcu.externaltools.gnu-tools-for-stm32.13.3.rel1.macos64_1.0.100.202509120712/tools/bin/../lib/gcc/arm-none-eabi/13.3.1/../../../../arm-none-eabi/lib/thumb/v7e-m+fp/hard/libc_nano.a(libc_a-errno.o)
                              ./Core/Src/syscalls.o (__errno)
/Applications/STM32CubeIDE.app/Contents/Eclipse/plugins/com.st.stm32cube.ide.mcu.externaltools.gnu-tools-for-stm32.13.3.rel1.macos64_1.0.100.202509120712/tools/bin/../lib/gcc/arm-none-eabi/13.3.1/../../../../arm-none-eabi/lib/thumb/v7e-m+fp/hard/libc_nano.a(libc_a-init.o)
                              /Applications/STM32CubeIDE.app/Contents/Eclipse/plugins/com.st.stm32cube.ide.mcu.externaltools.gnu-tools-for-stm32.13.3.rel1.macos64_1.0.100.202509120712/tools/bin/../lib/gcc/arm-none-eabi/13.3.1/../../../../arm-none-eabi/lib/thumb/v7e-m+fp/hard/crt0.o (__libc_init_array)
/Applications/STM32CubeIDE.app/Contents/Eclipse/plugins/com.st.stm32cube.ide.mcu.externaltools.gnu-tools-for-stm32.13.3.rel1.macos64_1.0.100.202509120712/tools/bin/../lib/gcc/arm-none-eabi/13.3.1/../../../../arm-none-eabi/lib/thumb/v7e-m+fp/hard/libc_nano.a(libc_a-lock.o)
                              /Applications/STM32CubeIDE.app/Contents/Eclipse/plugins/com.st.stm32cube.ide.mcu.externaltools.gnu-tools-for-stm32.13.3.rel1.macos64_1.0.100.202509120712/tools/bin/../lib/gcc/arm-none-eabi/13.3.1/../../../../arm-none-eabi/lib/thumb/v7e-m+fp/hard/libc_nano.a(libc_a-findfp.o) (__retarget_lock_init_recursive)
/Applications/STM32CubeIDE.app/Contents/Eclipse/plugins/com.st.stm32cube.ide.mcu.externaltools.gnu-tools-for-stm32.13.3.rel1.macos64_1.0.100.202509120712/tools/bin/../lib/gcc/arm-none-eabi/13.3.1/../../../../arm-none-eabi/lib/thumb/v7e-m+fp/hard/libc_nano.a(libc_a-impure.o)
                              /Applications/STM32CubeIDE.app/Contents/Eclipse/plugins/com.st.stm32cube.ide.mcu.externaltools.gnu-tools-for-stm32.13.3.rel1.macos64_1.0.100.202509120712/tools/bin/../lib/gcc/arm-none-eabi/13.3.1/../../../../arm-none-eabi/lib/thumb/v7e-m+fp/hard/libc_nano.a(libc_a-errno.o) (_impure_ptr)
[...]
Memory Configuration

Name             Origin             Length             Attributes
RAM              0x20000000         0x00020000         xrw
FLASH            0x08000000         0x00080000         xr
*default*        0x00000000         0xffffffff

Linker script and memory map

LOAD /Applications/STM32CubeIDE.app/Contents/Eclipse/plugins/com.st.stm32cube.ide.mcu.externaltools.gnu-tools-for-stm32.13.3.rel1.macos64_1.0.100.202509120712/tools/bin/../lib/gcc/arm-none-eabi/13.3.1/thumb/v7e-m+fp/hard/crti.o
LOAD /Applications/STM32CubeIDE.app/Contents/Eclipse/plugins/com.st.stm32cube.ide.mcu.externaltools.gnu-tools-for-stm32.13.3.rel1.macos64_1.0.100.202509120712/tools/bin/../lib/gcc/arm-none-eabi/13.3.1/thumb/v7e-m+fp/hard/crtbegin.o
LOAD /Applications/STM32CubeIDE.app/Contents/Eclipse/plugins/com.st.stm32cube.ide.mcu.externaltools.gnu-tools-for-stm32.13.3.rel1.macos64_1.0.100.202509120712/tools/bin/../lib/gcc/arm-none-eabi/13.3.1/../../../../arm-none-eabi/lib/thumb/v7e-m+fp/hard/crt0.o
LOAD ./Core/Src/main.o
LOAD ./Core/Src/stm32f4xx_hal_msp.o
LOAD ./Core/Src/stm32f4xx_hal_timebase_tim.o
LOAD ./Core/Src/stm32f4xx_it.o
LOAD ./Core/Src/syscalls.o
LOAD ./Core/Src/sysmem.o
LOAD ./Core/Src/system_stm32f4xx.o
LOAD ./Core/Startup/startup_stm32f411retx.o
LOAD ./Drivers/Modules/GPIO_Driver.o
LOAD ./Drivers/Modules/UART_Driver.o
LOAD ./Drivers/STM32F4xx_HAL_Driver/Src/stm32f4xx_hal.o
LOAD ./Drivers/STM32F4xx_HAL_Driver/Src/stm32f4xx_hal_cortex.o
LOAD ./Drivers/STM32F4xx_HAL_Driver/Src/stm32f4xx_hal_dma.o
LOAD ./Drivers/STM32F4xx_HAL_Driver/Src/stm32f4xx_hal_dma_ex.o
LOAD ./Drivers/STM32F4xx_HAL_Driver/Src/stm32f4xx_hal_exti.o
LOAD ./Drivers/STM32F4xx_HAL_Driver/Src/stm32f4xx_hal_flash.o
LOAD ./Drivers/STM32F4xx_HAL_Driver/Src/stm32f4xx_hal_flash_ex.o
LOAD ./Drivers/STM32F4xx_HAL_Driver/Src/stm32f4xx_hal_flash_ramfunc.o
LOAD ./Drivers/STM32F4xx_HAL_Driver/Src/stm32f4xx_hal_gpio.o
LOAD ./Drivers/STM32F4xx_HAL_Driver/Src/stm32f4xx_hal_pwr.o
LOAD ./Drivers/STM32F4xx_HAL_Driver/Src/stm32f4xx_hal_pwr_ex.o
LOAD ./Drivers/STM32F4xx_HAL_Driver/Src/stm32f4xx_hal_rcc.o
LOAD ./Drivers/STM32F4xx_HAL_Driver/Src/stm32f4xx_hal_rcc_ex.o
LOAD ./Drivers/STM32F4xx_HAL_Driver/Src/stm32f4xx_hal_tim.o
LOAD ./Drivers/STM32F4xx_HAL_Driver/Src/stm32f4xx_hal_tim_ex.o
LOAD ./Drivers/STM32F4xx_HAL_Driver/Src/stm32f4xx_hal_uart.o
LOAD ./ThirdParty/FreeRTOS/org/Source/croutine.o
LOAD ./ThirdParty/FreeRTOS/org/Source/event_groups.o
LOAD ./ThirdParty/FreeRTOS/org/Source/list.o
LOAD ./ThirdParty/FreeRTOS/org/Source/queue.o
LOAD ./ThirdParty/FreeRTOS/org/Source/stream_buffer.o
LOAD ./ThirdParty/FreeRTOS/org/Source/tasks.o
LOAD ./ThirdParty/FreeRTOS/org/Source/timers.o
LOAD ./ThirdParty/FreeRTOS/org/Source/portable/GCC/ARM_CM4F/port.o
LOAD ./ThirdParty/FreeRTOS/org/Source/portable/MemMang/heap_4.o
LOAD ./ThirdParty/SEGGER/Config/SEGGER_SYSVIEW_Config_FreeRTOS.o
LOAD ./ThirdParty/SEGGER/OS/SEGGER_SYSVIEW_FreeRTOS.o
LOAD ./ThirdParty/SEGGER/SEGGER/SEGGER_RTT.o
LOAD ./ThirdParty/SEGGER/SEGGER/SEGGER_SYSVIEW.o
START GROUP
LOAD /Applications/STM32CubeIDE.app/Contents/Eclipse/plugins/com.st.stm32cube.ide.mcu.externaltools.gnu-tools-for-stm32.13.3.rel1.macos64_1.0.100.202509120712/tools/bin/../lib/gcc/arm-none-eabi/13.3.1/../../../../arm-none-eabi/lib/thumb/v7e-m+fp/hard/libc_nano.a
LOAD /Applications/STM32CubeIDE.app/Contents/Eclipse/plugins/com.st.stm32cube.ide.mcu.externaltools.gnu-tools-for-stm32.13.3.rel1.macos64_1.0.100.202509120712/tools/bin/../lib/gcc/arm-none-eabi/13.3.1/../../../../arm-none-eabi/lib/thumb/v7e-m+fp/hard/libm.a
END GROUP
START GROUP
LOAD /Applications/STM32CubeIDE.app/Contents/Eclipse/plugins/com.st.stm32cube.ide.mcu.externaltools.gnu-tools-for-stm32.13.3.rel1.macos64_1.0.100.202509120712/tools/bin/../lib/gcc/arm-none-eabi/13.3.1/thumb/v7e-m+fp/hard/libgcc.a
LOAD /Applications/STM32CubeIDE.app/Contents/Eclipse/plugins/com.st.stm32cube.ide.mcu.externaltools.gnu-tools-for-stm32.13.3.rel1.macos64_1.0.100.202509120712/tools/bin/../lib/gcc/arm-none-eabi/13.3.1/../../../../arm-none-eabi/lib/thumb/v7e-m+fp/hard/libc_nano.a
END GROUP
START GROUP
LOAD /Applications/STM32CubeIDE.app/Contents/Eclipse/plugins/com.st.stm32cube.ide.mcu.externaltools.gnu-tools-for-stm32.13.3.rel1.macos64_1.0.100.202509120712/tools/bin/../lib/gcc/arm-none-eabi/13.3.1/thumb/v7e-m+fp/hard/libgcc.a
LOAD /Applications/STM32CubeIDE.app/Contents/Eclipse/plugins/com.st.stm32cube.ide.mcu.externaltools.gnu-tools-for-stm32.13.3.rel1.macos64_1.0.100.202509120712/tools/bin/../lib/gcc/arm-none-eabi/13.3.1/../../../../arm-none-eabi/lib/thumb/v7e-m+fp/hard/libc_nano.a
LOAD /Applications/STM32CubeIDE.app/Contents/Eclipse/plugins/com.st.stm32cube.ide.mcu.externaltools.gnu-tools-for-stm32.13.3.rel1.macos64_1.0.100.202509120712/tools/bin/../lib/gcc/arm-none-eabi/13.3.1/../../../../arm-none-eabi/lib/thumb/v7e-m+fp/hard/libnosys.a
END GROUP
START GROUP
LOAD /Applications/STM32CubeIDE.app/Contents/Eclipse/plugins/com.st.stm32cube.ide.mcu.externaltools.gnu-tools-for-stm32.13.3.rel1.macos64_1.0.100.202509120712/tools/bin/../lib/gcc/arm-none-eabi/13.3.1/thumb/v7e-m+fp/hard/libgcc.a
LOAD /Applications/STM32CubeIDE.app/Contents/Eclipse/plugins/com.st.stm32cube.ide.mcu.externaltools.gnu-tools-for-stm32.13.3.rel1.macos64_1.0.100.202509120712/tools/bin/../lib/gcc/arm-none-eabi/13.3.1/../../../../arm-none-eabi/lib/thumb/v7e-m+fp/hard/libc_nano.a
LOAD /Applications/STM32CubeIDE.app/Contents/Eclipse/plugins/com.st.stm32cube.ide.mcu.externaltools.gnu-tools-for-stm32.13.3.rel1.macos64_1.0.100.202509120712/tools/bin/../lib/gcc/arm-none-eabi/13.3.1/../../../../arm-none-eabi/lib/thumb/v7e-m+fp/hard/libnosys.a
END GROUP
LOAD /Applications/STM32CubeIDE.app/Contents/Eclipse/plugins/com.st.stm32cube.ide.mcu.externaltools.gnu-tools-for-stm32.13.3.rel1.macos64_1.0.100.202509120712/tools/bin/../lib/gcc/arm-none-eabi/13.3.1/thumb/v7e-m+fp/hard/crtend.o
LOAD /Applications/STM32CubeIDE.app/Contents/Eclipse/plugins/com.st.stm32cube.ide.mcu.externaltools.gnu-tools-for-stm32.13.3.rel1.macos64_1.0.100.202509120712/tools/bin/../lib/gcc/arm-none-eabi/13.3.1/thumb/v7e-m+fp/hard/crtn.o
                0x20020000                        _estack = (ORIGIN (RAM) + LENGTH (RAM))
                0x00000200                        _Min_Heap_Size = 0x200
                0x00000400                        _Min_Stack_Size = 0x400

.isr_vector     0x08000000      0x198
                0x08000000                        . = ALIGN (0x4)
 *(.isr_vector)
 .isr_vector    0x08000000      0x198 ./Core/Startup/startup_stm32f411retx.o
                0x08000000                g_pfnVectors
                0x08000198                        . = ALIGN (0x4)

.text           0x080001a0     0x5e24
                0x080001a0                        . = ALIGN (0x4)
 *(.text)
 .text          0x080001a0       0x40 /Applications/STM32CubeIDE.app/Contents/Eclipse/plugins/com.st.stm32cube.ide.mcu.externaltools.gnu-tools-for-stm32.13.3.rel1.macos64_1.0.100.202509120712/tools/bin/../lib/gcc/arm-none-eabi/13.3.1/thumb/v7e-m+fp/hard/crtbegin.o
 .text          0x080001e0       0x30 /Applications/STM32CubeIDE.app/Contents/Eclipse/plugins/com.st.stm32cube.ide.mcu.externaltools.gnu-tools-for-stm32.13.3.rel1.macos64_1.0.100.202509120712/tools/bin/../lib/gcc/arm-none-eabi/13.3.1/thumb/v7e-m+fp/hard/libgcc.a(_aeabi_uldivmod.o)
                0x080001e0                __aeabi_uldivmod
 .text          0x08000210      0x2f8 /Applications/STM32CubeIDE.app/Contents/Eclipse/plugins/com.st.stm32cube.ide.mcu.externaltools.gnu-tools-for-stm32.13.3.rel1.macos64_1.0.100.202509120712/tools/bin/../lib/gcc/arm-none-eabi/13.3.1/thumb/v7e-m+fp/hard/libgcc.a(_udivmoddi4.o)
                0x08000210                __udivmoddi4
 .text          0x08000508        0x4 /Applications/STM32CubeIDE.app/Contents/Eclipse/plugins/com.st.stm32cube.ide.mcu.externaltools.gnu-tools-for-stm32.13.3.rel1.macos64_1.0.100.202509120712/tools/bin/../lib/gcc/arm-none-eabi/13.3.1/thumb/v7e-m+fp/hard/libgcc.a(_dvmd_tls.o)
                0x08000508                __aeabi_ldiv0
                0x08000508                __aeabi_idiv0
 *(.text*)
 .text.main     0x0800050c       0xc4 ./Core/Src/main.o
                0x0800050c                main
 .text.Task4_uart_logging_Handler
                0x080005d0       0x50 ./Core/Src/main.o
                0x080005d0                Task4_uart_logging_Handler
 .text.Task1_red_led_Handler
                0x08000620       0x24 ./Core/Src/main.o
                0x08000620                Task1_red_led_Handler
 .text.Task2_blue_led_Handler
                0x08000644       0x28 ./Core/Src/main.o
                0x08000644                Task2_blue_led_Handler
 .text.Task3_green_led_Handler
                0x0800066c       0x40 ./Core/Src/main.o
                0x0800066c                Task3_green_led_Handler
 .text.usart_config
                0x080006ac       0x50 ./Core/Src/main.o
                0x080006ac                usart_config
 .text.SystemClock_Config
                0x080006fc       0xd4 ./Core/Src/main.o
                0x080006fc                SystemClock_Config
 .text.MX_USART2_UART_Init
                0x080007d0       0x54 ./Core/Src/main.o
 .text.MX_GPIO_Init
                0x08000824       0xdc ./Core/Src/main.o
 .text.HAL_TIM_PeriodElapsedCallback
                0x08000900       0x24 ./Core/Src/main.o
                0x08000900                HAL_TIM_PeriodElapsedCallback
 .text.Error_Handler
                0x08000924        0xc ./Core/Src/main.o
                0x08000924                Error_Handler
 .text.HAL_MspInit
                0x08000930       0x50 ./Core/Src/stm32f4xx_hal_msp.o
                0x08000930                HAL_MspInit
 .text.HAL_UART_MspInit
                0x08000980       0x90 ./Core/Src/stm32f4xx_hal_msp.o
                0x08000980                HAL_UART_MspInit
 .text.HAL_InitTick
                0x08000a10       0xe4 ./Core/Src/stm32f4xx_hal_timebase_tim.o
                0x08000a10                HAL_InitTick
 .text.NMI_Handler
                0x08000af4        0x8 ./Core/Src/stm32f4xx_it.o
                0x08000af4                NMI_Handler
 .text.HardFault_Handler
                0x08000afc        0x8 ./Core/Src/stm32f4xx_it.o
                0x08000afc                HardFault_Handler
 .text.MemManage_Handler
                0x08000b04        0x8 ./Core/Src/stm32f4xx_it.o
                0x08000b04                MemManage_Handler
 .text.BusFault_Handler
                0x08000b0c        0x8 ./Core/Src/stm32f4xx_it.o
                0x08000b0c                BusFault_Handler
 .text.UsageFault_Handler
                0x08000b14        0x8 ./Core/Src/stm32f4xx_it.o
                0x08000b14                UsageFault_Handler
 .text.DebugMon_Handler
                0x08000b1c        0xe ./Core/Src/stm32f4xx_it.o
                0x08000b1c                DebugMon_Handler
 *fill*         0x08000b2a        0x2 
 .text.TIM1_UP_TIM10_IRQHandler
                0x08000b2c       0x14 ./Core/Src/stm32f4xx_it.o
                0x08000b2c                TIM1_UP_TIM10_IRQHandler
 .text.SystemInit
                0x08000b40       0x24 ./Core/Src/system_stm32f4xx.o
                0x08000b40                SystemInit
 .text.Reset_Handler
                0x08000b64       0x50 ./Core/Startup/startup_stm32f411retx.o
                0x08000b64                Reset_Handler
 .text.Default_Handler
                0x08000bb4        0x2 ./Core/Startup/startup_stm32f411retx.o
                0x08000bb4                DMA1_Stream3_IRQHandler
                0x08000bb4                EXTI2_IRQHandler
                0x08000bb4                SPI4_IRQHandler
                0x08000bb4                TIM1_CC_IRQHandler
                0x08000bb4                DMA2_Stream5_IRQHandler
                0x08000bb4                DMA1_Stream5_IRQHandler
                0x08000bb4                PVD_IRQHandler
                0x08000bb4                SDIO_IRQHandler
                0x08000bb4                TAMP_STAMP_IRQHandler
                0x08000bb4                EXTI3_IRQHandler
                0x08000bb4                I2C3_ER_IRQHandler
                0x08000bb4                EXTI0_IRQHandler
                0x08000bb4                I2C2_EV_IRQHandler
                0x08000bb4                DMA1_Stream2_IRQHandler
                0x08000bb4                FPU_IRQHandler
                0x08000bb4                DMA2_Stream2_IRQHandler
                0x08000bb4                SPI1_IRQHandler
                0x08000bb4                TIM1_BRK_TIM9_IRQHandler
                0x08000bb4                DMA2_Stream3_IRQHandler
                0x08000bb4                USART6_IRQHandler
                0x08000bb4                DMA2_Stream0_IRQHandler
                0x08000bb4                TIM4_IRQHandler
                0x08000bb4                I2C1_EV_IRQHandler
                0x08000bb4                DMA1_Stream6_IRQHandler
                0x08000bb4                DMA1_Stream1_IRQHandler
                0x08000bb4                TIM3_IRQHandler
                0x08000bb4                RCC_IRQHandler
                0x08000bb4                Default_Handler
                0x08000bb4                EXTI15_10_IRQHandler
                0x08000bb4                ADC_IRQHandler
                0x08000bb4                DMA1_Stream7_IRQHandler
                0x08000bb4                SPI5_IRQHandler
                0x08000bb4                TIM5_IRQHandler
                0x08000bb4                DMA2_Stream7_IRQHandler
                0x08000bb4                I2C3_EV_IRQHandler
                0x08000bb4                EXTI9_5_IRQHandler
                0x08000bb4                RTC_WKUP_IRQHandler
                0x08000bb4                SPI2_IRQHandler
                0x08000bb4                DMA1_Stream0_IRQHandler
                0x08000bb4                EXTI4_IRQHandler
                0x08000bb4                WWDG_IRQHandler
                0x08000bb4                TIM2_IRQHandler
                0x08000bb4                OTG_FS_WKUP_IRQHandler
                0x08000bb4                TIM1_TRG_COM_TIM11_IRQHandler
                0x08000bb4                EXTI1_IRQHandler
                0x08000bb4                USART2_IRQHandler
                0x08000bb4                I2C2_ER_IRQHandler
                0x08000bb4                DMA2_Stream1_IRQHandler
                0x08000bb4                FLASH_IRQHandler
                0x08000bb4                DMA2_Stream4_IRQHandler
                0x08000bb4                USART1_IRQHandler
                0x08000bb4                OTG_FS_IRQHandler
                0x08000bb4                SPI3_IRQHandler
                0x08000bb4                DMA1_Stream4_IRQHandler
                0x08000bb4                I2C1_ER_IRQHandler
                0x08000bb4                DMA2_Stream6_IRQHandler
                0x08000bb4                RTC_Alarm_IRQHandler
 *fill*         0x08000bb6        0x2 
 .text.gpio_setup
                0x08000bb8       0x90 ./Drivers/Modules/GPIO_Driver.o
                0x08000bb8                gpio_setup
 .text.gpio_set
                0x08000c48       0x2c ./Drivers/Modules/GPIO_Driver.o
                0x08000c48                gpio_set
 .text.gpio_reset
                0x08000c74       0x30 ./Drivers/Modules/GPIO_Driver.o
                0x08000c74                gpio_reset
 .text.HAL_Init
                0x08000ca4       0x44 ./Drivers/STM32F4xx_HAL_Driver/Src/stm32f4xx_hal.o
                0x08000ca4                HAL_Init
 .text.HAL_IncTick
                0x08000ce8       0x28 ./Drivers/STM32F4xx_HAL_Driver/Src/stm32f4xx_hal.o
                0x08000ce8                HAL_IncTick
 .text.HAL_GetTick
                0x08000d10       0x18 ./Drivers/STM32F4xx_HAL_Driver/Src/stm32f4xx_hal.o
                0x08000d10                HAL_GetTick
 .text.__NVIC_SetPriorityGrouping
                0x08000d28       0x48 ./Drivers/STM32F4xx_HAL_Driver/Src/stm32f4xx_hal_cortex.o
 .text.__NVIC_GetPriorityGrouping
                0x08000d70       0x1c ./Drivers/STM32F4xx_HAL_Driver/Src/stm32f4xx_hal_cortex.o
 .text.__NVIC_EnableIRQ
                0x08000d8c       0x3c ./Drivers/STM32F4xx_HAL_Driver/Src/stm32f4xx_hal_cortex.o
 .text.__NVIC_SetPriority
                0x08000dc8       0x54 ./Drivers/STM32F4xx_HAL_Driver/Src/stm32f4xx_hal_cortex.o
 .text.NVIC_EncodePriority
                0x08000e1c       0x66 ./Drivers/STM32F4xx_HAL_Driver/Src/stm32f4xx_hal_cortex.o
 .text.HAL_NVIC_SetPriorityGrouping
                0x08000e82       0x16 ./Drivers/STM32F4xx_HAL_Driver/Src/stm32f4xx_hal_cortex.o
                0x08000e82                HAL_NVIC_SetPriorityGrouping
 .text.HAL_NVIC_SetPriority
                0x08000e98       0x38 ./Drivers/STM32F4xx_HAL_Driver/Src/stm32f4xx_hal_cortex.o
                0x08000e98                HAL_NVIC_SetPriority
 .text.HAL_NVIC_EnableIRQ
                0x08000ed0       0x1c ./Drivers/STM32F4xx_HAL_Driver/Src/stm32f4xx_hal_cortex.o
                0x08000ed0                HAL_NVIC_EnableIRQ
 .text.HAL_GPIO_Init
                0x08000eec      0x308 ./Drivers/STM32F4xx_HAL_Driver/Src/stm32f4xx_hal_gpio.o
                0x08000eec                HAL_GPIO_Init
 .text.HAL_GPIO_WritePin
                0x080011f4       0x32 ./Drivers/STM32F4xx_HAL_Driver/Src/stm32f4xx_hal_gpio.o
                0x080011f4                HAL_GPIO_WritePin
 *fill*         0x08001226        0x2 
 .text.HAL_RCC_OscConfig
                0x08001228      0x4f0 ./Drivers/STM32F4xx_HAL_Driver/Src/stm32f4xx_hal_rcc.o
                0x08001228                HAL_RCC_OscConfig
 .text.HAL_RCC_ClockConfig
                0x08001718      0x1cc ./Drivers/STM32F4xx_HAL_Driver/Src/stm32f4xx_hal_rcc.o
                0x08001718                HAL_RCC_ClockConfig
 .text.HAL_RCC_GetSysClockFreq
                0x080018e4      0x20c ./Drivers/STM32F4xx_HAL_Driver/Src/stm32f4xx_hal_rcc.o
                0x080018e4                HAL_RCC_GetSysClockFreq
 .text.HAL_RCC_GetHCLKFreq
                0x08001af0       0x18 ./Drivers/STM32F4xx_HAL_Driver/Src/stm32f4xx_hal_rcc.o
                0x08001af0                HAL_RCC_GetHCLKFreq
 .text.HAL_RCC_GetPCLK1Freq
                0x08001b08       0x28 ./Drivers/STM32F4xx_HAL_Driver/Src/stm32f4xx_hal_rcc.o
                0x08001b08                HAL_RCC_GetPCLK1Freq
 .text.HAL_RCC_GetPCLK2Freq
                0x08001b30       0x28 ./Drivers/STM32F4xx_HAL_Driver/Src/stm32f4xx_hal_rcc.o
                0x08001b30                HAL_RCC_GetPCLK2Freq
 .text.HAL_RCC_GetClockConfig
                0x08001b58       0x64 ./Drivers/STM32F4xx_HAL_Driver/Src/stm32f4xx_hal_rcc.o
                0x08001b58                HAL_RCC_GetClockConfig
 .text.HAL_TIM_Base_Init
                0x08001bbc       0x9e ./Drivers/STM32F4xx_HAL_Driver/Src/stm32f4xx_hal_tim.o
                0x08001bbc                HAL_TIM_Base_Init
 .text.HAL_TIM_Base_MspInit
                0x08001c5a       0x14 ./Drivers/STM32F4xx_HAL_Driver/Src/stm32f4xx_hal_tim.o
                0x08001c5a                HAL_TIM_Base_MspInit
 *fill*         0x08001c6e        0x2 
 .text.HAL_TIM_Base_Start_IT
                0x08001c70       0xc4 ./Drivers/STM32F4xx_HAL_Driver/Src/stm32f4xx_hal_tim.o
                0x08001c70                HAL_TIM_Base_Start_IT
 .text.HAL_TIM_IRQHandler
                0x08001d34      0x1e0 ./Drivers/STM32F4xx_HAL_Driver/Src/stm32f4xx_hal_tim.o
                0x08001d34                HAL_TIM_IRQHandler
 .text.HAL_TIM_OC_DelayElapsedCallback
                0x08001f14       0x14 ./Drivers/STM32F4xx_HAL_Driver/Src/stm32f4xx_hal_tim.o
                0x08001f14                HAL_TIM_OC_DelayElapsedCallback
 .text.HAL_TIM_IC_CaptureCallback
                0x08001f28       0x14 ./Drivers/STM32F4xx_HAL_Driver/Src/stm32f4xx_hal_tim.o
                0x08001f28                HAL_TIM_IC_CaptureCallback
 .text.HAL_TIM_PWM_PulseFinishedCallback
                0x08001f3c       0x14 ./Drivers/STM32F4xx_HAL_Driver/Src/stm32f4xx_hal_tim.o
                0x08001f3c                HAL_TIM_PWM_PulseFinishedCallback
 .text.HAL_TIM_TriggerCallback
                0x08001f50       0x14 ./Drivers/STM32F4xx_HAL_Driver/Src/stm32f4xx_hal_tim.o
                0x08001f50                HAL_TIM_TriggerCallback
 .text.TIM_Base_SetConfig
                0x08001f64      0x10c ./Drivers/STM32F4xx_HAL_Driver/Src/stm32f4xx_hal_tim.o
                0x08001f64                TIM_Base_SetConfig
 .text.HAL_TIMEx_CommutCallback
                0x08002070       0x14 ./Drivers/STM32F4xx_HAL_Driver/Src/stm32f4xx_hal_tim_ex.o
                0x08002070                HAL_TIMEx_CommutCallback
 .text.HAL_TIMEx_BreakCallback
                0x08002084       0x14 ./Drivers/STM32F4xx_HAL_Driver/Src/stm32f4xx_hal_tim_ex.o
                0x08002084                HAL_TIMEx_BreakCallback
 .text.HAL_UART_Init
                0x08002098       0xa0 ./Drivers/STM32F4xx_HAL_Driver/Src/stm32f4xx_hal_uart.o
                0x08002098                HAL_UART_Init
 .text.HAL_UART_Transmit
                0x08002138      0x116 ./Drivers/STM32F4xx_HAL_Driver/Src/stm32f4xx_hal_uart.o
                0x08002138                HAL_UART_Transmit
 .text.UART_WaitOnFlagUntilTimeout
                0x0800224e       0xb2 ./Drivers/STM32F4xx_HAL_Driver/Src/stm32f4xx_hal_uart.o
 .text.UART_EndRxTransfer
                0x08002300       0xc6 ./Drivers/STM32F4xx_HAL_Driver/Src/stm32f4xx_hal_uart.o
 *fill*         0x080023c6        0x2 
 .text.UART_SetConfig
                0x080023c8      0x4e8 ./Drivers/STM32F4xx_HAL_Driver/Src/stm32f4xx_hal_uart.o
 .text.vListInitialise
                0x080028b0       0x40 ./ThirdParty/FreeRTOS/org/Source/list.o
                0x080028b0                vListInitialise
 .text.vListInitialiseItem
                0x080028f0       0x1a ./ThirdParty/FreeRTOS/org/Source/list.o
                0x080028f0                vListInitialiseItem
 .text.vListInsert
                0x0800290a       0x72 ./ThirdParty/FreeRTOS/org/Source/list.o
                0x0800290a                vListInsert
 .text.uxListRemove
                0x0800297c       0x54 ./ThirdParty/FreeRTOS/org/Source/list.o
                0x0800297c                uxListRemove
 .text.prvCreateTask
                0x080029d0       0x78 ./ThirdParty/FreeRTOS/org/Source/tasks.o
 .text.xTaskCreate
                0x08002a48       0x46 ./ThirdParty/FreeRTOS/org/Source/tasks.o
                0x08002a48                xTaskCreate
 .text.prvInitialiseNewTask
                0x08002a8e      0x120 ./ThirdParty/FreeRTOS/org/Source/tasks.o
 *fill*         0x08002bae        0x2 
 .text.prvAddNewTaskToReadyList
                0x08002bb0      0x16c ./ThirdParty/FreeRTOS/org/Source/tasks.o
 .text.vTaskDelay
                0x08002d1c       0x74 ./ThirdParty/FreeRTOS/org/Source/tasks.o
                0x08002d1c                vTaskDelay
 .text.prvCreateIdleTasks
                0x08002d90       0x94 ./ThirdParty/FreeRTOS/org/Source/tasks.o
 .text.vTaskStartScheduler
                0x08002e24       0xa0 ./ThirdParty/FreeRTOS/org/Source/tasks.o
                0x08002e24                vTaskStartScheduler
 .text.vTaskSuspendAll
                0x08002ec4       0x1c ./ThirdParty/FreeRTOS/org/Source/tasks.o
                0x08002ec4                vTaskSuspendAll
 .text.xTaskResumeAll
                0x08002ee0      0x218 ./ThirdParty/FreeRTOS/org/Source/tasks.o
                0x08002ee0                xTaskResumeAll
 .text.xTaskGetTickCountFromISR
                0x080030f8       0x24 ./ThirdParty/FreeRTOS/org/Source/tasks.o
                0x080030f8                xTaskGetTickCountFromISR
 .text.xTaskIncrementTick
                0x0800311c      0x23c ./ThirdParty/FreeRTOS/org/Source/tasks.o
                0x0800311c                xTaskIncrementTick
 .text.vTaskSwitchContext
                0x08003358       0xd8 ./ThirdParty/FreeRTOS/org/Source/tasks.o
                0x08003358                vTaskSwitchContext
 .text.prvIdleTask
                0x08003430       0x30 ./ThirdParty/FreeRTOS/org/Source/tasks.o
 .text.prvInitialiseTaskLists
                0x08003460       0x80 ./ThirdParty/FreeRTOS/org/Source/tasks.o
 .text.prvCheckTasksWaitingTermination
                0x080034e0       0x5c ./ThirdParty/FreeRTOS/org/Source/tasks.o
 .text.prvDeleteTCB
                0x0800353c       0x20 ./ThirdParty/FreeRTOS/org/Source/tasks.o
 .text.prvResetNextTaskUnblockTime
                0x0800355c       0x38 ./ThirdParty/FreeRTOS/org/Source/tasks.o
 .text.ulTaskGenericNotifyTake
                0x08003594      0x100 ./ThirdParty/FreeRTOS/org/Source/tasks.o
                0x08003594                ulTaskGenericNotifyTake
 .text.xTaskGenericNotify
                0x08003694      0x274 ./ThirdParty/FreeRTOS/org/Source/tasks.o
                0x08003694                xTaskGenericNotify
 .text.prvAddCurrentTaskToDelayedList
                0x08003908      0x11c ./ThirdParty/FreeRTOS/org/Source/tasks.o
 .text.pxPortInitialiseStack
                0x08003a24       0x68 ./ThirdParty/FreeRTOS/org/Source/portable/GCC/ARM_CM4F/port.o
                0x08003a24                pxPortInitialiseStack
 .text.prvTaskExitError
                0x08003a8c       0x5c ./ThirdParty/FreeRTOS/org/Source/portable/GCC/ARM_CM4F/port.o
 *fill*         0x08003ae8        0x8 
 .text.SVC_Handler
                0x08003af0       0x28 ./ThirdParty/FreeRTOS/org/Source/portable/GCC/ARM_CM4F/port.o
                0x08003af0                SVC_Handler
 .text.prvPortStartFirstTask
                0x08003b18       0x2c ./ThirdParty/FreeRTOS/org/Source/portable/GCC/ARM_CM4F/port.o
 .text.xPortStartScheduler
                0x08003b44      0x1e0 ./ThirdParty/FreeRTOS/org/Source/portable/GCC/ARM_CM4F/port.o
                0x08003b44                xPortStartScheduler
 .text.vPortEnterCritical
                0x08003d24       0x64 ./ThirdParty/FreeRTOS/org/Source/portable/GCC/ARM_CM4F/port.o
                0x08003d24                vPortEnterCritical
 .text.vPortExitCritical
                0x08003d88       0x54 ./ThirdParty/FreeRTOS/org/Source/portable/GCC/ARM_CM4F/port.o
                0x08003d88                vPortExitCritical
 *fill*         0x08003ddc        0x4 
 .text.PendSV_Handler
                0x08003de0       0x68 ./ThirdParty/FreeRTOS/org/Source/portable/GCC/ARM_CM4F/port.o
                0x08003de0                PendSV_Handler
 .text.SysTick_Handler
                0x08003e48       0x54 ./ThirdParty/FreeRTOS/org/Source/portable/GCC/ARM_CM4F/port.o
                0x08003e48                SysTick_Handler
 .text.vPortSetupTimerInterrupt
                0x08003e9c       0x48 ./ThirdParty/FreeRTOS/org/Source/portable/GCC/ARM_CM4F/port.o
                0x08003e9c                vPortSetupTimerInterrupt
 .text.vPortEnableVFP
                0x08003ee4       0x18 ./ThirdParty/FreeRTOS/org/Source/portable/GCC/ARM_CM4F/port.o
 .text.vPortValidateInterruptPriority
                0x08003efc       0x84 ./ThirdParty/FreeRTOS/org/Source/portable/GCC/ARM_CM4F/port.o
                0x08003efc                vPortValidateInterruptPriority
 .text.vSetVarulMaxPRIGROUPValue
                0x08003f80       0xe4 ./ThirdParty/FreeRTOS/org/Source/portable/GCC/ARM_CM4F/port.o
                0x08003f80                vSetVarulMaxPRIGROUPValue
 .text.pvPortMalloc
                0x08004064      0x264 ./ThirdParty/FreeRTOS/org/Source/portable/MemMang/heap_4.o
                0x08004064                pvPortMalloc
 .text.vPortFree
                0x080042c8       0xec ./ThirdParty/FreeRTOS/org/Source/portable/MemMang/heap_4.o
                0x080042c8                vPortFree
 .text.prvHeapInit
                0x080043b4       0xb4 ./ThirdParty/FreeRTOS/org/Source/portable/MemMang/heap_4.o
 .text.prvInsertBlockIntoFreeList
                0x08004468       0xf4 ./ThirdParty/FreeRTOS/org/Source/portable/MemMang/heap_4.o
 .text._cbSendSystemDesc
                0x0800455c       0x1c ./ThirdParty/SEGGER/Config/SEGGER_SYSVIEW_Config_FreeRTOS.o
 .text.SEGGER_SYSVIEW_Conf
                0x08004578       0x2c ./ThirdParty/SEGGER/Config/SEGGER_SYSVIEW_Config_FreeRTOS.o
                0x08004578                SEGGER_SYSVIEW_Conf
 .text._cbSendTaskList
                0x080045a4       0x90 ./ThirdParty/SEGGER/OS/SEGGER_SYSVIEW_FreeRTOS.o
 .text._cbGetTime
                0x08004634       0x86 ./ThirdParty/SEGGER/OS/SEGGER_SYSVIEW_FreeRTOS.o
 *fill*         0x080046ba        0x2 
 .text.SYSVIEW_AddTask
                0x080046bc       0xd0 ./ThirdParty/SEGGER/OS/SEGGER_SYSVIEW_FreeRTOS.o
                0x080046bc                SYSVIEW_AddTask
 .text.SYSVIEW_SendTaskInfo
                0x0800478c       0x42 ./ThirdParty/SEGGER/OS/SEGGER_SYSVIEW_FreeRTOS.o
                0x0800478c                SYSVIEW_SendTaskInfo
 *fill*         0x080047ce        0x2 
 .text._DoInit  0x080047d0       0xa4 ./ThirdParty/SEGGER/SEGGER/SEGGER_RTT.o
 .text.SEGGER_RTT_ReadNoLock
                0x08004874      0x104 ./ThirdParty/SEGGER/SEGGER/SEGGER_RTT.o
                0x08004874                SEGGER_RTT_ReadNoLock
 .text.SEGGER_RTT_WriteSkipNoLock
                0x08004978      0x120 ./ThirdParty/SEGGER/SEGGER/SEGGER_RTT.o
                0x08004978                SEGGER_RTT_WriteSkipNoLock
 .text.SEGGER_RTT_ConfigUpBuffer
                0x08004a98       0xd4 ./ThirdParty/SEGGER/SEGGER/SEGGER_RTT.o
                0x08004a98                SEGGER_RTT_ConfigUpBuffer
 .text.SEGGER_RTT_ConfigDownBuffer
                0x08004b6c       0xd4 ./ThirdParty/SEGGER/SEGGER/SEGGER_RTT.o
                0x08004b6c                SEGGER_RTT_ConfigDownBuffer
 .text._EncodeStr
                0x08004c40       0x9a ./ThirdParty/SEGGER/SEGGER/SEGGER_SYSVIEW.o
 .text._PreparePacket
                0x08004cda       0x18 ./ThirdParty/SEGGER/SEGGER/SEGGER_SYSVIEW.o
 *fill*         0x08004cf2        0x2 
 .text._HandleIncomingPacket
                0x08004cf4       0xc4 ./ThirdParty/SEGGER/SEGGER/SEGGER_SYSVIEW.o
 .text._TrySendOverflowPacket
                0x08004db8       0xe0 ./ThirdParty/SEGGER/SEGGER/SEGGER_SYSVIEW.o
 .text._SendPacket
                0x08004e98      0x1a8 ./ThirdParty/SEGGER/SEGGER/SEGGER_SYSVIEW.o
 .text.SEGGER_SYSVIEW_Init
                0x08005040       0x7c ./ThirdParty/SEGGER/SEGGER/SEGGER_SYSVIEW.o
                0x08005040                SEGGER_SYSVIEW_Init
 .text.SEGGER_SYSVIEW_SetRAMBase
                0x080050bc       0x20 ./ThirdParty/SEGGER/SEGGER/SEGGER_SYSVIEW.o
                0x080050bc                SEGGER_SYSVIEW_SetRAMBase
 .text.SEGGER_SYSVIEW_RecordVoid
                0x080050dc       0x3c ./ThirdParty/SEGGER/SEGGER/SEGGER_SYSVIEW.o
                0x080050dc                SEGGER_SYSVIEW_RecordVoid
 .text.SEGGER_SYSVIEW_RecordU32
                0x08005118       0x78 ./ThirdParty/SEGGER/SEGGER/SEGGER_SYSVIEW.o
                0x08005118                SEGGER_SYSVIEW_RecordU32
 .text.SEGGER_SYSVIEW_RecordU32x2
                0x08005190       0xb4 ./ThirdParty/SEGGER/SEGGER/SEGGER_SYSVIEW.o
                0x08005190                SEGGER_SYSVIEW_RecordU32x2
 .text.SEGGER_SYSVIEW_RecordU32x4
                0x08005244      0x124 ./ThirdParty/SEGGER/SEGGER/SEGGER_SYSVIEW.o
                0x08005244                SEGGER_SYSVIEW_RecordU32x4
 .text.SEGGER_SYSVIEW_Start
                0x08005368      0x178 ./ThirdParty/SEGGER/SEGGER/SEGGER_SYSVIEW.o
                0x08005368                SEGGER_SYSVIEW_Start
 .text.SEGGER_SYSVIEW_Stop
                0x080054e0       0x4c ./ThirdParty/SEGGER/SEGGER/SEGGER_SYSVIEW.o
                0x080054e0                SEGGER_SYSVIEW_Stop
 .text.SEGGER_SYSVIEW_GetSysDesc
                0x0800552c      0x134 ./ThirdParty/SEGGER/SEGGER/SEGGER_SYSVIEW.o
                0x0800552c                SEGGER_SYSVIEW_GetSysDesc
 .text.SEGGER_SYSVIEW_SendTaskInfo
                0x08005660      0x1cc ./ThirdParty/SEGGER/SEGGER/SEGGER_SYSVIEW.o
                0x08005660                SEGGER_SYSVIEW_SendTaskInfo
 .text.SEGGER_SYSVIEW_SendTaskList
                0x0800582c       0x28 ./ThirdParty/SEGGER/SEGGER/SEGGER_SYSVIEW.o
                0x0800582c                SEGGER_SYSVIEW_SendTaskList
 .text.SEGGER_SYSVIEW_SendSysDesc
                0x08005854       0x48 ./ThirdParty/SEGGER/SEGGER/SEGGER_SYSVIEW.o
                0x08005854                SEGGER_SYSVIEW_SendSysDesc
 .text.SEGGER_SYSVIEW_RecordSystime
                0x0800589c       0x64 ./ThirdParty/SEGGER/SEGGER/SEGGER_SYSVIEW.o
                0x0800589c                SEGGER_SYSVIEW_RecordSystime
 .text.SEGGER_SYSVIEW_RecordEnterISR
                0x08005900       0x84 ./ThirdParty/SEGGER/SEGGER/SEGGER_SYSVIEW.o
                0x08005900                SEGGER_SYSVIEW_RecordEnterISR
 .text.SEGGER_SYSVIEW_RecordExitISR
                0x08005984       0x38 ./ThirdParty/SEGGER/SEGGER/SEGGER_SYSVIEW.o
                0x08005984                SEGGER_SYSVIEW_RecordExitISR
 .text.SEGGER_SYSVIEW_RecordExitISRToScheduler
                0x080059bc       0x38 ./ThirdParty/SEGGER/SEGGER/SEGGER_SYSVIEW.o
                0x080059bc                SEGGER_SYSVIEW_RecordExitISRToScheduler
 .text.SEGGER_SYSVIEW_OnIdle
                0x080059f4       0x38 ./ThirdParty/SEGGER/SEGGER/SEGGER_SYSVIEW.o
                0x080059f4                SEGGER_SYSVIEW_OnIdle
 .text.SEGGER_SYSVIEW_OnTaskCreate
                0x08005a2c       0x88 ./ThirdParty/SEGGER/SEGGER/SEGGER_SYSVIEW.o
                0x08005a2c                SEGGER_SYSVIEW_OnTaskCreate
 .text.SEGGER_SYSVIEW_OnTaskStartExec
                0x08005ab4       0x88 ./ThirdParty/SEGGER/SEGGER/SEGGER_SYSVIEW.o
                0x08005ab4                SEGGER_SYSVIEW_OnTaskStartExec
 .text.SEGGER_SYSVIEW_OnTaskStartReady
                0x08005b3c       0x88 ./ThirdParty/SEGGER/SEGGER/SEGGER_SYSVIEW.o
                0x08005b3c                SEGGER_SYSVIEW_OnTaskStartReady
 .text.SEGGER_SYSVIEW_OnTaskStopReady
                0x08005bc4       0xc0 ./ThirdParty/SEGGER/SEGGER/SEGGER_SYSVIEW.o
                0x08005bc4                SEGGER_SYSVIEW_OnTaskStopReady
 .text.SEGGER_SYSVIEW_ShrinkId
                0x08005c84       0x24 ./ThirdParty/SEGGER/SEGGER/SEGGER_SYSVIEW.o
                0x08005c84                SEGGER_SYSVIEW_ShrinkId
 .text.SEGGER_SYSVIEW_SendModule
                0x08005ca8      0x100 ./ThirdParty/SEGGER/SEGGER/SEGGER_SYSVIEW.o
                0x08005ca8                SEGGER_SYSVIEW_SendModule
 .text.SEGGER_SYSVIEW_SendModuleDescription
                0x08005da8       0x3c ./ThirdParty/SEGGER/SEGGER/SEGGER_SYSVIEW.o
                0x08005da8                SEGGER_SYSVIEW_SendModuleDescription
 .text.SEGGER_SYSVIEW_SendNumModules
                0x08005de4       0x7c ./ThirdParty/SEGGER/SEGGER/SEGGER_SYSVIEW.o
                0x08005de4                SEGGER_SYSVIEW_SendNumModules
 .text.SEGGER_SYSVIEW_Warn
                0x08005e60       0xb8 ./ThirdParty/SEGGER/SEGGER/SEGGER_SYSVIEW.o
                0x08005e60                SEGGER_SYSVIEW_Warn
 .text.memcmp   0x08005f18       0x20 /Applications/STM32CubeIDE.app/Contents/Eclipse/plugins/com.st.stm32cube.ide.mcu.externaltools.gnu-tools-for-stm32.13.3.rel1.macos64_1.0.100.202509120712/tools/bin/../lib/gcc/arm-none-eabi/13.3.1/../../../../arm-none-eabi/lib/thumb/v7e-m+fp/hard/libc_nano.a(libc_a-memcmp.o)
                0x08005f18                memcmp
 .text.memset   0x08005f38       0x10 /Applications/STM32CubeIDE.app/Contents/Eclipse/plugins/com.st.stm32cube.ide.mcu.externaltools.gnu-tools-for-stm32.13.3.rel1.macos64_1.0.100.202509120712/tools/bin/../lib/gcc/arm-none-eabi/13.3.1/../../../../arm-none-eabi/lib/thumb/v7e-m+fp/hard/libc_nano.a(libc_a-memset.o)
                0x08005f38                memset
 .text.__libc_init_array
                0x08005f48       0x48 /Applications/STM32CubeIDE.app/Contents/Eclipse/plugins/com.st.stm32cube.ide.mcu.externaltools.gnu-tools-for-stm32.13.3.rel1.macos64_1.0.100.202509120712/tools/bin/../lib/gcc/arm-none-eabi/13.3.1/../../../../arm-none-eabi/lib/thumb/v7e-m+fp/hard/libc_nano.a(libc_a-init.o)
                0x08005f48                __libc_init_array
 .text.memcpy   0x08005f90       0x1c /Applications/STM32CubeIDE.app/Contents/Eclipse/plugins/com.st.stm32cube.ide.mcu.externaltools.gnu-tools-for-stm32.13.3.rel1.macos64_1.0.100.202509120712/tools/bin/../lib/gcc/arm-none-eabi/13.3.1/../../../../arm-none-eabi/lib/thumb/v7e-m+fp/hard/libc_nano.a(libc_a-memcpy-stub.o)
                0x08005f90                memcpy
 *(.glue_7)
 .glue_7        0x08005fac        0x0 linker stubs
 *(.glue_7t)
 .glue_7t       0x08005fac        0x0 linker stubs
 *(.eh_frame)
 .eh_frame      0x08005fac        0x0 /Applications/STM32CubeIDE.app/Contents/Eclipse/plugins/com.st.stm32cube.ide.mcu.externaltools.gnu-tools-for-stm32.13.3.rel1.macos64_1.0.100.202509120712/tools/bin/../lib/gcc/arm-none-eabi/13.3.1/thumb/v7e-m+fp/hard/crtbegin.o
 *(.init)
 .init          0x08005fac        0x4 /Applications/STM32CubeIDE.app/Contents/Eclipse/plugins/com.st.stm32cube.ide.mcu.externaltools.gnu-tools-for-stm32.13.3.rel1.macos64_1.0.100.202509120712/tools/bin/../lib/gcc/arm-none-eabi/13.3.1/thumb/v7e-m+fp/hard/crti.o
                0x08005fac                _init
 .init          0x08005fb0        0x8 /Applications/STM32CubeIDE.app/Contents/Eclipse/plugins/com.st.stm32cube.ide.mcu.externaltools.gnu-tools-for-stm32.13.3.rel1.macos64_1.0.100.202509120712/tools/bin/../lib/gcc/arm-none-eabi/13.3.1/thumb/v7e-m+fp/hard/crtn.o
 *(.fini)
 .fini          0x08005fb8        0x4 /Applications/STM32CubeIDE.app/Contents/Eclipse/plugins/com.st.stm32cube.ide.mcu.externaltools.gnu-tools-for-stm32.13.3.rel1.macos64_1.0.100.202509120712/tools/bin/../lib/gcc/arm-none-eabi/13.3.1/thumb/v7e-m+fp/hard/crti.o
                0x08005fb8                _fini
 .fini          0x08005fbc        0x8 /Applications/STM32CubeIDE.app/Contents/Eclipse/plugins/com.st.stm32cube.ide.mcu.externaltools.gnu-tools-for-stm32.13.3.rel1.macos64_1.0.100.202509120712/tools/bin/../lib/gcc/arm-none-eabi/13.3.1/thumb/v7e-m+fp/hard/crtn.o
                0x08005fc4                        . = ALIGN (0x4)
                0x08005fc4                        _etext = .

.vfp11_veneer   0x08005fc4        0x0
 .vfp11_veneer  0x08005fc4        0x0 linker stubs

.v4_bx          0x08005fc4        0x0
 .v4_bx         0x08005fc4        0x0 linker stubs

.iplt           0x08005fc4        0x0
 .iplt          0x08005fc4        0x0 /Applications/STM32CubeIDE.app/Contents/Eclipse/plugins/com.st.stm32cube.ide.mcu.externaltools.gnu-tools-for-stm32.13.3.rel1.macos64_1.0.100.202509120712/tools/bin/../lib/gcc/arm-none-eabi/13.3.1/thumb/v7e-m+fp/hard/crtbegin.o

.rodata         0x08005fc4      0x150
                0x08005fc4                        . = ALIGN (0x4)
 *(.rodata)
 .rodata        0x08005fc4       0x57 ./Core/Src/main.o
 *fill*         0x0800601b        0x1 
 .rodata        0x0800601c        0x5 ./ThirdParty/FreeRTOS/org/Source/tasks.o
 *fill*         0x08006021        0x3 
 .rodata        0x08006024       0x45 ./ThirdParty/SEGGER/Config/SEGGER_SYSVIEW_Config_FreeRTOS.o
 *fill*         0x08006069        0x3 
 .rodata        0x0800606c       0x58 ./ThirdParty/SEGGER/OS/SEGGER_SYSVIEW_FreeRTOS.o
 .rodata        0x080060c4       0x17 ./ThirdParty/SEGGER/SEGGER/SEGGER_RTT.o
 *fill*         0x080060db        0x1 
 .rodata        0x080060dc        0x8 ./ThirdParty/SEGGER/SEGGER/SEGGER_SYSVIEW.o
 *(.rodata*)
 .rodata.AHBPrescTable
                0x080060e4       0x10 ./Core/Src/system_stm32f4xx.o
                0x080060e4                AHBPrescTable
 .rodata.APBPrescTable
                0x080060f4        0x8 ./Core/Src/system_stm32f4xx.o
                0x080060f4                APBPrescTable
 .rodata.uxTopUsedPriority
                0x080060fc        0x4 ./ThirdParty/FreeRTOS/org/Source/tasks.o
 .rodata.SYSVIEW_X_OS_TraceAPI
                0x08006100        0x8 ./ThirdParty/SEGGER/OS/SEGGER_SYSVIEW_FreeRTOS.o
                0x08006100                SYSVIEW_X_OS_TraceAPI
 .rodata._abSync
                0x08006108        0xa ./ThirdParty/SEGGER/SEGGER/SEGGER_SYSVIEW.o
                0x08006114                        . = ALIGN (0x4)
 *fill*         0x08006112        0x2 

.ARM.extab      0x08006114        0x0
                0x08006114                        . = ALIGN (0x4)
 *(.ARM.extab* .gnu.linkonce.armextab.*)
                0x08006114                        . = ALIGN (0x4)

.ARM            0x08006114        0x8
                0x08006114                        . = ALIGN (0x4)
                0x08006114                        __exidx_start = .
 *(.ARM.exidx*)
 .ARM.exidx     0x08006114        0x8 /Applications/STM32CubeIDE.app/Contents/Eclipse/plugins/com.st.stm32cube.ide.mcu.externaltools.gnu-tools-for-stm32.13.3.rel1.macos64_1.0.100.202509120712/tools/bin/../lib/gcc/arm-none-eabi/13.3.1/thumb/v7e-m+fp/hard/libgcc.a(_udivmoddi4.o)
                0x0800611c                        __exidx_end = .
                0x0800611c                        . = ALIGN (0x4)

.preinit_array  0x0800611c        0x0
                0x0800611c                        . = ALIGN (0x4)
                0x0800611c                        PROVIDE (__preinit_array_start = .)
 *(.preinit_array*)
                0x0800611c                        PROVIDE (__preinit_array_end = .)
                0x0800611c                        . = ALIGN (0x4)

.init_array     0x0800611c        0x4
                0x0800611c                        . = ALIGN (0x4)
                0x0800611c                        PROVIDE (__init_array_start = .)
 *(SORT_BY_NAME(.init_array.*))
 *(.init_array*)
 .init_array    0x0800611c        0x4 /Applications/STM32CubeIDE.app/Contents/Eclipse/plugins/com.st.stm32cube.ide.mcu.externaltools.gnu-tools-for-stm32.13.3.rel1.macos64_1.0.100.202509120712/tools/bin/../lib/gcc/arm-none-eabi/13.3.1/thumb/v7e-m+fp/hard/crtbegin.o
                0x08006120                        PROVIDE (__init_array_end = .)
                0x08006120                        . = ALIGN (0x4)

.fini_array     0x08006120        0x4
                0x08006120                        . = ALIGN (0x4)
                [!provide]                        PROVIDE (__fini_array_start = .)
 *(SORT_BY_NAME(.fini_array.*))
 *(.fini_array*)
 .fini_array    0x08006120        0x4 /Applications/STM32CubeIDE.app/Contents/Eclipse/plugins/com.st.stm32cube.ide.mcu.externaltools.gnu-tools-for-stm32.13.3.rel1.macos64_1.0.100.202509120712/tools/bin/../lib/gcc/arm-none-eabi/13.3.1/thumb/v7e-m+fp/hard/crtbegin.o
                [!provide]                        PROVIDE (__fini_array_end = .)
                0x08006124                        . = ALIGN (0x4)
                0x08006124                        _sidata = LOADADDR (.data)

.rel.dyn        0x08006124        0x0
 .rel.iplt      0x08006124        0x0 /Applications/STM32CubeIDE.app/Contents/Eclipse/plugins/com.st.stm32cube.ide.mcu.externaltools.gnu-tools-for-stm32.13.3.rel1.macos64_1.0.100.202509120712/tools/bin/../lib/gcc/arm-none-eabi/13.3.1/thumb/v7e-m+fp/hard/crtbegin.o

.data           0x20000000       0x10 load address 0x08006124
                0x20000000                        . = ALIGN (0x4)
                0x20000000                        _sdata = .
 *(.data)
 *(.data*)
 .data.SystemCoreClock
                0x20000000        0x4 ./Core/Src/system_stm32f4xx.o
                0x20000000                SystemCoreClock
 .data.uwTickPrio
                0x20000004        0x4 ./Drivers/STM32F4xx_HAL_Driver/Src/stm32f4xx_hal.o
                0x20000004                uwTickPrio
 .data.uwTickFreq
                0x20000008        0x1 ./Drivers/STM32F4xx_HAL_Driver/Src/stm32f4xx_hal.o
                0x20000008                uwTickFreq
 *fill*         0x20000009        0x3 
 .data.uxCriticalNesting
                0x2000000c        0x4 ./ThirdParty/FreeRTOS/org/Source/portable/GCC/ARM_CM4F/port.o
 *(.RamFunc)
 *(.RamFunc*)
                0x20000010                        . = ALIGN (0x4)
                0x20000010                        _edata = .

.igot.plt       0x20000010        0x0 load address 0x08006134
 .igot.plt      0x20000010        0x0 /Applications/STM32CubeIDE.app/Contents/Eclipse/plugins/com.st.stm32cube.ide.mcu.externaltools.gnu-tools-for-stm32.13.3.rel1.macos64_1.0.100.202509120712/tools/bin/../lib/gcc/arm-none-eabi/13.3.1/thumb/v7e-m+fp/hard/crtbegin.o
                0x20000010                        . = ALIGN (0x4)

.bss            0x20000010    0x17460 load address 0x08006134
                0x20000010                        _sbss = .
                0x20000010                        __bss_start__ = _sbss
 *(.bss)
 .bss           0x20000010       0x1c /Applications/STM32CubeIDE.app/Contents/Eclipse/plugins/com.st.stm32cube.ide.mcu.externaltools.gnu-tools-for-stm32.13.3.rel1.macos64_1.0.100.202509120712/tools/bin/../lib/gcc/arm-none-eabi/13.3.1/thumb/v7e-m+fp/hard/crtbegin.o
 *(.bss*)
 .bss.huart2    0x2000002c       0x48 ./Core/Src/main.o
                0x2000002c                huart2
 .bss.Task1Handle
                0x20000074        0x4 ./Core/Src/main.o
                0x20000074                Task1Handle
 .bss.Task2Handle
                0x20000078        0x4 ./Core/Src/main.o
                0x20000078                Task2Handle
 .bss.Task3Handle
                0x2000007c        0x4 ./Core/Src/main.o
                0x2000007c                Task3Handle
 .bss.Task4Handle
                0x20000080        0x4 ./Core/Src/main.o
                0x20000080                Task4Handle
 .bss.htim1     0x20000084       0x48 ./Core/Src/stm32f4xx_hal_timebase_tim.o
                0x20000084                htim1
 .bss.uwTick    0x200000cc        0x4 ./Drivers/STM32F4xx_HAL_Driver/Src/stm32f4xx_hal.o
                0x200000cc                uwTick
 .bss.pxCurrentTCB
                0x200000d0        0x4 ./ThirdParty/FreeRTOS/org/Source/tasks.o
                0x200000d0                pxCurrentTCB
 .bss.pxReadyTasksLists
                0x200000d4       0x64 ./ThirdParty/FreeRTOS/org/Source/tasks.o
 .bss.xDelayedTaskList1
                0x20000138       0x14 ./ThirdParty/FreeRTOS/org/Source/tasks.o
 .bss.xDelayedTaskList2
                0x2000014c       0x14 ./ThirdParty/FreeRTOS/org/Source/tasks.o
 .bss.pxDelayedTaskList
                0x20000160        0x4 ./ThirdParty/FreeRTOS/org/Source/tasks.o
 .bss.pxOverflowDelayedTaskList
                0x20000164        0x4 ./ThirdParty/FreeRTOS/org/Source/tasks.o
 .bss.xPendingReadyList
                0x20000168       0x14 ./ThirdParty/FreeRTOS/org/Source/tasks.o
 .bss.xTasksWaitingTermination
                0x2000017c       0x14 ./ThirdParty/FreeRTOS/org/Source/tasks.o
 .bss.uxDeletedTasksWaitingCleanUp
                0x20000190        0x4 ./ThirdParty/FreeRTOS/org/Source/tasks.o
 .bss.xSuspendedTaskList
                0x20000194       0x14 ./ThirdParty/FreeRTOS/org/Source/tasks.o
 .bss.uxCurrentNumberOfTasks
                0x200001a8        0x4 ./ThirdParty/FreeRTOS/org/Source/tasks.o
 .bss.xTickCount
                0x200001ac        0x4 ./ThirdParty/FreeRTOS/org/Source/tasks.o
 .bss.uxTopReadyPriority
                0x200001b0        0x4 ./ThirdParty/FreeRTOS/org/Source/tasks.o
 .bss.xSchedulerRunning
                0x200001b4        0x4 ./ThirdParty/FreeRTOS/org/Source/tasks.o
 .bss.xPendedTicks
                0x200001b8        0x4 ./ThirdParty/FreeRTOS/org/Source/tasks.o
 .bss.xYieldPendings
                0x200001bc        0x4 ./ThirdParty/FreeRTOS/org/Source/tasks.o
 .bss.xNumOfOverflows
                0x200001c0        0x4 ./ThirdParty/FreeRTOS/org/Source/tasks.o
 .bss.uxTaskNumber
                0x200001c4        0x4 ./ThirdParty/FreeRTOS/org/Source/tasks.o
 .bss.xNextTaskUnblockTime
                0x200001c8        0x4 ./ThirdParty/FreeRTOS/org/Source/tasks.o
 .bss.xIdleTaskHandles
                0x200001cc        0x4 ./ThirdParty/FreeRTOS/org/Source/tasks.o
 .bss.uxSchedulerSuspended
                0x200001d0        0x4 ./ThirdParty/FreeRTOS/org/Source/tasks.o
 .bss.ucMaxSysCallPriority
                0x200001d4        0x1 ./ThirdParty/FreeRTOS/org/Source/portable/GCC/ARM_CM4F/port.o
 *fill*         0x200001d5        0x3 
 .bss.ulMaxPRIGROUPValue
                0x200001d8        0x4 ./ThirdParty/FreeRTOS/org/Source/portable/GCC/ARM_CM4F/port.o
 .bss.ucHeap    0x200001dc    0x12c00 ./ThirdParty/FreeRTOS/org/Source/portable/MemMang/heap_4.o
 .bss.xStart    0x20012ddc        0x8 ./ThirdParty/FreeRTOS/org/Source/portable/MemMang/heap_4.o
 .bss.pxEnd     0x20012de4        0x4 ./ThirdParty/FreeRTOS/org/Source/portable/MemMang/heap_4.o
 .bss.xFreeBytesRemaining
                0x20012de8        0x4 ./ThirdParty/FreeRTOS/org/Source/portable/MemMang/heap_4.o
 .bss.xMinimumEverFreeBytesRemaining
                0x20012dec        0x4 ./ThirdParty/FreeRTOS/org/Source/portable/MemMang/heap_4.o
 .bss.xNumberOfSuccessfulAllocations
                0x20012df0        0x4 ./ThirdParty/FreeRTOS/org/Source/portable/MemMang/heap_4.o
 .bss.xNumberOfSuccessfulFrees
                0x20012df4        0x4 ./ThirdParty/FreeRTOS/org/Source/portable/MemMang/heap_4.o
 .bss._aTasks   0x20012df8       0xa0 ./ThirdParty/SEGGER/OS/SEGGER_SYSVIEW_FreeRTOS.o
 .bss._NumTasks
                0x20012e98        0x4 ./ThirdParty/SEGGER/OS/SEGGER_SYSVIEW_FreeRTOS.o
 .bss._SEGGER_RTT
                0x20012e9c       0xa8 ./ThirdParty/SEGGER/SEGGER/SEGGER_RTT.o
                0x20012e9c                _SEGGER_RTT
 .bss._acUpBuffer
                0x20012f44      0x400 ./ThirdParty/SEGGER/SEGGER/SEGGER_RTT.o
 .bss._acDownBuffer
                0x20013344       0x10 ./ThirdParty/SEGGER/SEGGER/SEGGER_RTT.o
 .bss._UpBuffer
                0x20013354     0x4000 ./ThirdParty/SEGGER/SEGGER/SEGGER_SYSVIEW.o
 .bss._DownBuffer
                0x20017354        0x8 ./ThirdParty/SEGGER/SEGGER/SEGGER_SYSVIEW.o
 .bss._SYSVIEW_Globals
                0x2001735c       0x28 ./ThirdParty/SEGGER/SEGGER/SEGGER_SYSVIEW.o
 .bss._pFirstModule
                0x20017384        0x4 ./ThirdParty/SEGGER/SEGGER/SEGGER_SYSVIEW.o
 .bss._NumModules
                0x20017388        0x1 ./ThirdParty/SEGGER/SEGGER/SEGGER_SYSVIEW.o
 *fill*         0x20017389        0x3 
 .bss._aPacket  0x2001738c       0xe3 ./ThirdParty/SEGGER/SEGGER/SEGGER_SYSVIEW.o
 *(COMMON)
                0x20017470                        . = ALIGN (0x4)
 *fill*         0x2001746f        0x1 
                0x20017470                        _ebss = .
                0x20017470                        __bss_end__ = _ebss

._user_heap_stack
                0x20017470      0x600 load address 0x08006134
                0x20017470                        . = ALIGN (0x8)
                [!provide]                        PROVIDE (end = .)
                0x20017470                        PROVIDE (_end = .)
                0x20017670                        . = (. + _Min_Heap_Size)
 *fill*         0x20017470      0x200 
                0x20017a70                        . = (. + _Min_Stack_Size)
 *fill*         0x20017670      0x400 
                0x20017a70                        . = ALIGN (0x8)

/DISCARD/
 libc.a(*)
 libm.a(*)
 libgcc.a(*)

.ARM.attributes
                0x00000000       0x30
 *(.ARM.attributes)
 .ARM.attributes
                0x00000000       0x22 /Applications/STM32CubeIDE.app/Contents/Eclipse/plugins/com.st.stm32cube.ide.mcu.externaltools.gnu-tools-for-stm32.13.3.rel1.macos64_1.0.100.202509120712/tools/bin/../lib/gcc/arm-none-eabi/13.3.1/thumb/v7e-m+fp/hard/crti.o
 .ARM.attributes
                0x00000022       0x34 /Applications/STM32CubeIDE.app/Contents/Eclipse/plugins/com.st.stm32cube.ide.mcu.externaltools.gnu-tools-for-stm32.13.3.rel1.macos64_1.0.100.202509120712/tools/bin/../lib/gcc/arm-none-eabi/13.3.1/thumb/v7e-m+fp/hard/crtbegin.o
 .ARM.attributes
                0x00000056       0x34 ./Core/Src/main.o
 .ARM.attributes
                0x0000008a       0x34 ./Core/Src/stm32f4xx_hal_msp.o
 .ARM.attributes
                0x000000be       0x34 ./Core/Src/stm32f4xx_hal_timebase_tim.o
 .ARM.attributes
                0x000000f2       0x34 ./Core/Src/stm32f4xx_it.o
 .ARM.attributes
                0x00000126       0x34 ./Core/Src/system_stm32f4xx.o
 .ARM.attributes
                0x0000015a       0x21 ./Core/Startup/startup_stm32f411retx.o
 .ARM.attributes
                0x0000017b       0x34 ./Drivers/Modules/GPIO_Driver.o
 .ARM.attributes
                0x000001af       0x34 ./Drivers/STM32F4xx_HAL_Driver/Src/stm32f4xx_hal.o
 .ARM.attributes
                0x000001e3       0x34 ./Drivers/STM32F4xx_HAL_Driver/Src/stm32f4xx_hal_cortex.o
 .ARM.attributes
                0x00000217       0x34 ./Drivers/STM32F4xx_HAL_Driver/Src/stm32f4xx_hal_gpio.o
 .ARM.attributes
                0x0000024b       0x34 ./Drivers/STM32F4xx_HAL_Driver/Src/stm32f4xx_hal_rcc.o
 .ARM.attributes
                0x0000027f       0x34 ./Drivers/STM32F4xx_HAL_Driver/Src/stm32f4xx_hal_tim.o
 .ARM.attributes
                0x000002b3       0x34 ./Drivers/STM32F4xx_HAL_Driver/Src/stm32f4xx_hal_tim_ex.o
 .ARM.attributes
                0x000002e7       0x34 ./Drivers/STM32F4xx_HAL_Driver/Src/stm32f4xx_hal_uart.o
 .ARM.attributes
                0x0000031b       0x34 ./ThirdParty/FreeRTOS/org/Source/list.o
 .ARM.attributes
                0x0000034f       0x34 ./ThirdParty/FreeRTOS/org/Source/tasks.o
 .ARM.attributes
                0x00000383       0x34 ./ThirdParty/FreeRTOS/org/Source/portable/GCC/ARM_CM4F/port.o
 .ARM.attributes
                0x000003b7       0x34 ./ThirdParty/FreeRTOS/org/Source/portable/MemMang/heap_4.o
 .ARM.attributes
                0x000003eb       0x34 ./ThirdParty/SEGGER/Config/SEGGER_SYSVIEW_Config_FreeRTOS.o
 .ARM.attributes
                0x0000041f       0x34 ./ThirdParty/SEGGER/OS/SEGGER_SYSVIEW_FreeRTOS.o
 .ARM.attributes
                0x00000453       0x34 ./ThirdParty/SEGGER/SEGGER/SEGGER_RTT.o
 .ARM.attributes
                0x00000487       0x34 ./ThirdParty/SEGGER/SEGGER/SEGGER_SYSVIEW.o
 .ARM.attributes
                0x000004bb       0x34 /Applications/STM32CubeIDE.app/Contents/Eclipse/plugins/com.st.stm32cube.ide.mcu.externaltools.gnu-tools-for-stm32.13.3.rel1.macos64_1.0.100.202509120712/tools/bin/../lib/gcc/arm-none-eabi/13.3.1/../../../../arm-none-eabi/lib/thumb/v7e-m+fp/hard/libc_nano.a(libc_a-memcmp.o)
 .ARM.attributes
                0x000004ef       0x34 /Applications/STM32CubeIDE.app/Contents/Eclipse/plugins/com.st.stm32cube.ide.mcu.externaltools.gnu-tools-for-stm32.13.3.rel1.macos64_1.0.100.202509120712/tools/bin/../lib/gcc/arm-none-eabi/13.3.1/../../../../arm-none-eabi/lib/thumb/v7e-m+fp/hard/libc_nano.a(libc_a-memset.o)
 .ARM.attributes
                0x00000523       0x34 /Applications/STM32CubeIDE.app/Contents/Eclipse/plugins/com.st.stm32cube.ide.mcu.externaltools.gnu-tools-for-stm32.13.3.rel1.macos64_1.0.100.202509120712/tools/bin/../lib/gcc/arm-none-eabi/13.3.1/../../../../arm-none-eabi/lib/thumb/v7e-m+fp/hard/libc_nano.a(libc_a-init.o)
 .ARM.attributes
                0x00000557       0x34 /Applications/STM32CubeIDE.app/Contents/Eclipse/plugins/com.st.stm32cube.ide.mcu.externaltools.gnu-tools-for-stm32.13.3.rel1.macos64_1.0.100.202509120712/tools/bin/../lib/gcc/arm-none-eabi/13.3.1/../../../../arm-none-eabi/lib/thumb/v7e-m+fp/hard/libc_nano.a(libc_a-memcpy-stub.o)
 .ARM.attributes
                0x0000058b       0x22 /Applications/STM32CubeIDE.app/Contents/Eclipse/plugins/com.st.stm32cube.ide.mcu.externaltools.gnu-tools-for-stm32.13.3.rel1.macos64_1.0.100.202509120712/tools/bin/../lib/gcc/arm-none-eabi/13.3.1/thumb/v7e-m+fp/hard/libgcc.a(_aeabi_uldivmod.o)
 .ARM.attributes
                0x000005ad       0x34 /Applications/STM32CubeIDE.app/Contents/Eclipse/plugins/com.st.stm32cube.ide.mcu.externaltools.gnu-tools-for-stm32.13.3.rel1.macos64_1.0.100.202509120712/tools/bin/../lib/gcc/arm-none-eabi/13.3.1/thumb/v7e-m+fp/hard/libgcc.a(_udivmoddi4.o)
 .ARM.attributes
                0x000005e1       0x22 /Applications/STM32CubeIDE.app/Contents/Eclipse/plugins/com.st.stm32cube.ide.mcu.externaltools.gnu-tools-for-stm32.13.3.rel1.macos64_1.0.100.202509120712/tools/bin/../lib/gcc/arm-none-eabi/13.3.1/thumb/v7e-m+fp/hard/libgcc.a(_dvmd_tls.o)
 .ARM.attributes
                0x00000603       0x22 /Applications/STM32CubeIDE.app/Contents/Eclipse/plugins/com.st.stm32cube.ide.mcu.externaltools.gnu-tools-for-stm32.13.3.rel1.macos64_1.0.100.202509120712/tools/bin/../lib/gcc/arm-none-eabi/13.3.1/thumb/v7e-m+fp/hard/crtn.o
OUTPUT(FreeRTOS_easy_1.elf elf32-littlearm)
LOAD linker stubs
LOAD /Applications/STM32CubeIDE.app/Contents/Eclipse/plugins/com.st.stm32cube.ide.mcu.externaltools.gnu-tools-for-stm32.13.3.rel1.macos64_1.0.100.202509120712/tools/bin/../lib/gcc/arm-none-eabi/13.3.1/../../../../arm-none-eabi/lib/thumb/v7e-m+fp/hard/libc.a
LOAD /Applications/STM32CubeIDE.app/Contents/Eclipse/plugins/com.st.stm32cube.ide.mcu.externaltools.gnu-tools-for-stm32.13.3.rel1.macos64_1.0.100.202509120712/tools/bin/../lib/gcc/arm-none-eabi/13.3.1/../../../../arm-none-eabi/lib/thumb/v7e-m+fp/hard/libm.a
LOAD /Applications/STM32CubeIDE.app/Contents/Eclipse/plugins/com.st.stm32cube.ide.mcu.externaltools.gnu-tools-for-stm32.13.3.rel1.macos64_1.0.100.202509120712/tools/bin/../lib/gcc/arm-none-eabi/13.3.1/thumb/v7e-m+fp/hard/libgcc.a

.debug_info     0x00000000    0x14ad3
 .debug_info    0x00000000     0x1454 ./Core/Src/main.o
 .debug_info    0x00001454      0x91a ./Core/Src/stm32f4xx_hal_msp.o
 .debug_info    0x00001d6e      0xb75 ./Core/Src/stm32f4xx_hal_timebase_tim.o
 .debug_info    0x000028e3      0x6a4 ./Core/Src/stm32f4xx_it.o
 .debug_info    0x00002f87      0x53e ./Core/Src/system_stm32f4xx.o
 .debug_info    0x000034c5       0x30 ./Core/Startup/startup_stm32f411retx.o
 .debug_info    0x000034f5      0x34d ./Drivers/Modules/GPIO_Driver.o
 .debug_info    0x00003842      0x8c4 ./Drivers/STM32F4xx_HAL_Driver/Src/stm32f4xx_hal.o
 .debug_info    0x00004106      0xcfc ./Drivers/STM32F4xx_HAL_Driver/Src/stm32f4xx_hal_cortex.o
 .debug_info    0x00004e02      0x6f9 ./Drivers/STM32F4xx_HAL_Driver/Src/stm32f4xx_hal_gpio.o
 .debug_info    0x000054fb      0x904 ./Drivers/STM32F4xx_HAL_Driver/Src/stm32f4xx_hal_rcc.o
 .debug_info    0x00005dff     0x2996 ./Drivers/STM32F4xx_HAL_Driver/Src/stm32f4xx_hal_tim.o
 .debug_info    0x00008795     0x14d4 ./Drivers/STM32F4xx_HAL_Driver/Src/stm32f4xx_hal_tim_ex.o
 .debug_info    0x00009c69     0x2f56 ./Drivers/STM32F4xx_HAL_Driver/Src/stm32f4xx_hal_uart.o
 .debug_info    0x0000cbbf      0x2aa ./ThirdParty/FreeRTOS/org/Source/list.o
 .debug_info    0x0000ce69     0x2883 ./ThirdParty/FreeRTOS/org/Source/tasks.o
 .debug_info    0x0000f6ec      0x626 ./ThirdParty/FreeRTOS/org/Source/portable/GCC/ARM_CM4F/port.o
 .debug_info    0x0000fd12      0x5d9 ./ThirdParty/FreeRTOS/org/Source/portable/MemMang/heap_4.o
 .debug_info    0x000102eb      0x173 ./ThirdParty/SEGGER/Config/SEGGER_SYSVIEW_Config_FreeRTOS.o
 .debug_info    0x0001045e      0x412 ./ThirdParty/SEGGER/OS/SEGGER_SYSVIEW_FreeRTOS.o
 .debug_info    0x00010870      0xef3 ./ThirdParty/SEGGER/SEGGER/SEGGER_RTT.o
 .debug_info    0x00011763     0x3370 ./ThirdParty/SEGGER/SEGGER/SEGGER_SYSVIEW.o

.debug_abbrev   0x00000000     0x2dbc
 .debug_abbrev  0x00000000      0x375 ./Core/Src/main.o
 .debug_abbrev  0x00000375      0x1ac ./Core/Src/stm32f4xx_hal_msp.o
 .debug_abbrev  0x00000521      0x207 ./Core/Src/stm32f4xx_hal_timebase_tim.o
 .debug_abbrev  0x00000728      0x190 ./Core/Src/stm32f4xx_it.o
 .debug_abbrev  0x000008b8      0x11a ./Core/Src/system_stm32f4xx.o
 .debug_abbrev  0x000009d2       0x24 ./Core/Startup/startup_stm32f411retx.o
 .debug_abbrev  0x000009f6       0xe4 ./Drivers/Modules/GPIO_Driver.o
 .debug_abbrev  0x00000ada      0x24b ./Drivers/STM32F4xx_HAL_Driver/Src/stm32f4xx_hal.o
 .debug_abbrev  0x00000d25      0x31d ./Drivers/STM32F4xx_HAL_Driver/Src/stm32f4xx_hal_cortex.o
 .debug_abbrev  0x00001042      0x1d3 ./Drivers/STM32F4xx_HAL_Driver/Src/stm32f4xx_hal_gpio.o
 .debug_abbrev  0x00001215      0x2b6 ./Drivers/STM32F4xx_HAL_Driver/Src/stm32f4xx_hal_rcc.o
 .debug_abbrev  0x000014cb      0x28b ./Drivers/STM32F4xx_HAL_Driver/Src/stm32f4xx_hal_tim.o
 .debug_abbrev  0x00001756      0x296 ./Drivers/STM32F4xx_HAL_Driver/Src/stm32f4xx_hal_tim_ex.o
 .debug_abbrev  0x000019ec      0x31b ./Drivers/STM32F4xx_HAL_Driver/Src/stm32f4xx_hal_uart.o
 .debug_abbrev  0x00001d07       0xee ./ThirdParty/FreeRTOS/org/Source/list.o
 .debug_abbrev  0x00001df5      0x393 ./ThirdParty/FreeRTOS/org/Source/tasks.o
 .debug_abbrev  0x00002188      0x266 ./ThirdParty/FreeRTOS/org/Source/portable/GCC/ARM_CM4F/port.o
 .debug_abbrev  0x000023ee      0x25a ./ThirdParty/FreeRTOS/org/Source/portable/MemMang/heap_4.o
 .debug_abbrev  0x00002648       0xdf ./ThirdParty/SEGGER/Config/SEGGER_SYSVIEW_Config_FreeRTOS.o
 .debug_abbrev  0x00002727      0x1a4 ./ThirdParty/SEGGER/OS/SEGGER_SYSVIEW_FreeRTOS.o
 .debug_abbrev  0x000028cb      0x22d ./ThirdParty/SEGGER/SEGGER/SEGGER_RTT.o
 .debug_abbrev  0x00002af8      0x2c4 ./ThirdParty/SEGGER/SEGGER/SEGGER_SYSVIEW.o

.debug_aranges  0x00000000     0x1328
 .debug_aranges
                0x00000000       0x78 ./Core/Src/main.o
 .debug_aranges
                0x00000078       0x30 ./Core/Src/stm32f4xx_hal_msp.o
 .debug_aranges
                0x000000a8       0x30 ./Core/Src/stm32f4xx_hal_timebase_tim.o
 .debug_aranges
                0x000000d8       0x50 ./Core/Src/stm32f4xx_it.o
 .debug_aranges
                0x00000128       0x28 ./Core/Src/system_stm32f4xx.o
 .debug_aranges
                0x00000150       0x28 ./Core/Startup/startup_stm32f411retx.o
 .debug_aranges
                0x00000178       0x30 ./Drivers/Modules/GPIO_Driver.o
 .debug_aranges
                0x000001a8       0xf0 ./Drivers/STM32F4xx_HAL_Driver/Src/stm32f4xx_hal.o
 .debug_aranges
                0x00000298      0x130 ./Drivers/STM32F4xx_HAL_Driver/Src/stm32f4xx_hal_cortex.o
 .debug_aranges
                0x000003c8       0x58 ./Drivers/STM32F4xx_HAL_Driver/Src/stm32f4xx_hal_gpio.o
 .debug_aranges
                0x00000420       0x88 ./Drivers/STM32F4xx_HAL_Driver/Src/stm32f4xx_hal_rcc.o
 .debug_aranges
                0x000004a8      0x3d0 ./Drivers/STM32F4xx_HAL_Driver/Src/stm32f4xx_hal_tim.o
 .debug_aranges
                0x00000878      0x168 ./Drivers/STM32F4xx_HAL_Driver/Src/stm32f4xx_hal_tim_ex.o
 .debug_aranges
                0x000009e0      0x208 ./Drivers/STM32F4xx_HAL_Driver/Src/stm32f4xx_hal_uart.o
 .debug_aranges
                0x00000be8       0x40 ./ThirdParty/FreeRTOS/org/Source/list.o
 .debug_aranges
                0x00000c28      0x228 ./ThirdParty/FreeRTOS/org/Source/tasks.o
 .debug_aranges
                0x00000e50       0x88 ./ThirdParty/FreeRTOS/org/Source/portable/GCC/ARM_CM4F/port.o
 .debug_aranges
                0x00000ed8       0x68 ./ThirdParty/FreeRTOS/org/Source/portable/MemMang/heap_4.o
 .debug_aranges
                0x00000f40       0x28 ./ThirdParty/SEGGER/Config/SEGGER_SYSVIEW_Config_FreeRTOS.o
 .debug_aranges
                0x00000f68       0x48 ./ThirdParty/SEGGER/OS/SEGGER_SYSVIEW_FreeRTOS.o
 .debug_aranges
                0x00000fb0      0x110 ./ThirdParty/SEGGER/SEGGER/SEGGER_RTT.o
 .debug_aranges
                0x000010c0      0x268 ./ThirdParty/SEGGER/SEGGER/SEGGER_SYSVIEW.o

.debug_rnglists
                0x00000000      0xf08
 .debug_rnglists
                0x00000000       0x58 ./Core/Src/main.o
 .debug_rnglists
                0x00000058       0x20 ./Core/Src/stm32f4xx_hal_msp.o
 .debug_rnglists
                0x00000078       0x20 ./Core/Src/stm32f4xx_hal_timebase_tim.o
 .debug_rnglists
                0x00000098       0x37 ./Core/Src/stm32f4xx_it.o
 .debug_rnglists
                0x000000cf       0x1a ./Core/Src/system_stm32f4xx.o
 .debug_rnglists
                0x000000e9       0x19 ./Core/Startup/startup_stm32f411retx.o
 .debug_rnglists
                0x00000102       0x20 ./Drivers/Modules/GPIO_Driver.o
 .debug_rnglists
                0x00000122       0xaf ./Drivers/STM32F4xx_HAL_Driver/Src/stm32f4xx_hal.o
 .debug_rnglists
                0x000001d1       0xe0 ./Drivers/STM32F4xx_HAL_Driver/Src/stm32f4xx_hal_cortex.o
 .debug_rnglists
                0x000002b1       0x3f ./Drivers/STM32F4xx_HAL_Driver/Src/stm32f4xx_hal_gpio.o
 .debug_rnglists
                0x000002f0       0x66 ./Drivers/STM32F4xx_HAL_Driver/Src/stm32f4xx_hal_rcc.o
 .debug_rnglists
                0x00000356      0x31a ./Drivers/STM32F4xx_HAL_Driver/Src/stm32f4xx_hal_tim.o
 .debug_rnglists
                0x00000670      0x125 ./Drivers/STM32F4xx_HAL_Driver/Src/stm32f4xx_hal_tim_ex.o
 .debug_rnglists
                0x00000795      0x1bc ./Drivers/STM32F4xx_HAL_Driver/Src/stm32f4xx_hal_uart.o
 .debug_rnglists
                0x00000951       0x2b ./ThirdParty/FreeRTOS/org/Source/list.o
 .debug_rnglists
                0x0000097c      0x1c8 ./ThirdParty/FreeRTOS/org/Source/tasks.o
 .debug_rnglists
                0x00000b44       0x64 ./ThirdParty/FreeRTOS/org/Source/portable/GCC/ARM_CM4F/port.o
 .debug_rnglists
                0x00000ba8       0x4e ./ThirdParty/FreeRTOS/org/Source/portable/MemMang/heap_4.o
 .debug_rnglists
                0x00000bf6       0x19 ./ThirdParty/SEGGER/Config/SEGGER_SYSVIEW_Config_FreeRTOS.o
 .debug_rnglists
                0x00000c0f       0x36 ./ThirdParty/SEGGER/OS/SEGGER_SYSVIEW_FreeRTOS.o
 .debug_rnglists
                0x00000c45       0xd6 ./ThirdParty/SEGGER/SEGGER/SEGGER_RTT.o
 .debug_rnglists
                0x00000d1b      0x1ed ./ThirdParty/SEGGER/SEGGER/SEGGER_SYSVIEW.o

.debug_macro    0x00000000    0x19535
 .debug_macro   0x00000000      0x370 ./Core/Src/main.o
 .debug_macro   0x00000370      0xad8 ./Core/Src/main.o
 .debug_macro   0x00000e48      0x29b ./Core/Src/main.o
 .debug_macro   0x000010e3       0x2e ./Core/Src/main.o
 .debug_macro   0x00001111       0x28 ./Core/Src/main.o
 .debug_macro   0x00001139       0x22 ./Core/Src/main.o
 .debug_macro   0x0000115b       0x8e ./Core/Src/main.o
 .debug_macro   0x000011e9       0x51 ./Core/Src/main.o
 .debug_macro   0x0000123a      0x103 ./Core/Src/main.o
 .debug_macro   0x0000133d       0x6a ./Core/Src/main.o
 .debug_macro   0x000013a7      0x1df ./Core/Src/main.o
 .debug_macro   0x00001586       0x1c ./Core/Src/main.o
 .debug_macro   0x000015a2       0x22 ./Core/Src/main.o
 .debug_macro   0x000015c4       0xfb ./Core/Src/main.o
 .debug_macro   0x000016bf     0x1011 ./Core/Src/main.o
 .debug_macro   0x000026d0      0x11f ./Core/Src/main.o
 .debug_macro   0x000027ef     0xb968 ./Core/Src/main.o
 .debug_macro   0x0000e157       0x6d ./Core/Src/main.o
 .debug_macro   0x0000e1c4     0x3693 ./Core/Src/main.o
 .debug_macro   0x00011857      0x190 ./Core/Src/main.o
 .debug_macro   0x000119e7       0x5c ./Core/Src/main.o
 .debug_macro   0x00011a43      0x45c ./Core/Src/main.o
 .debug_macro   0x00011e9f      0x9e9 ./Core/Src/main.o
 .debug_macro   0x00012888      0x115 ./Core/Src/main.o
 .debug_macro   0x0001299d      0x11b ./Core/Src/main.o
 .debug_macro   0x00012ab8       0xa5 ./Core/Src/main.o
 .debug_macro   0x00012b5d      0x15f ./Core/Src/main.o
 .debug_macro   0x00012cbc      0x287 ./Core/Src/main.o
 .debug_macro   0x00012f43       0x5f ./Core/Src/main.o
 .debug_macro   0x00012fa2      0x236 ./Core/Src/main.o
 .debug_macro   0x000131d8      0x132 ./Core/Src/main.o
 .debug_macro   0x0001330a      0x264 ./Core/Src/main.o
 .debug_macro   0x0001356e       0x2e ./Core/Src/main.o
 .debug_macro   0x0001359c      0x127 ./Core/Src/main.o
 .debug_macro   0x000136c3       0x85 ./Core/Src/main.o
 .debug_macro   0x00013748       0x89 ./Core/Src/main.o
 .debug_macro   0x000137d1      0x8ed ./Core/Src/main.o
 .debug_macro   0x000140be       0x47 ./Core/Src/main.o
 .debug_macro   0x00014105      0x2aa ./Core/Src/main.o
 .debug_macro   0x000143af      0x126 ./Core/Src/main.o
 .debug_macro   0x000144d5       0x58 ./Core/Src/main.o
 .debug_macro   0x0001452d       0x16 ./Core/Src/main.o
 .debug_macro   0x00014543      0x112 ./Core/Src/main.o
 .debug_macro   0x00014655       0x58 ./Core/Src/main.o
 .debug_macro   0x000146ad       0x40 ./Core/Src/main.o
 .debug_macro   0x000146ed       0x4c ./Core/Src/main.o
 .debug_macro   0x00014739      0x1cd ./Core/Src/main.o
 .debug_macro   0x00014906      0x45a ./Core/Src/main.o
 .debug_macro   0x00014d60       0x1c ./Core/Src/main.o
 .debug_macro   0x00014d7c      0x182 ./Core/Src/main.o
 .debug_macro   0x00014efe       0xee ./Core/Src/main.o
 .debug_macro   0x00014fec       0x2e ./Core/Src/main.o
 .debug_macro   0x0001501a       0x1f ./Core/Src/main.o
 .debug_macro   0x00015039       0x12 ./Core/Src/main.o
 .debug_macro   0x0001504b      0xf8a ./Core/Src/main.o
 .debug_macro   0x00015fd5       0xc3 ./Core/Src/main.o
 .debug_macro   0x00016098      0x14f ./Core/Src/main.o
 .debug_macro   0x000161e7       0x61 ./Core/Src/main.o
 .debug_macro   0x00016248       0x2a ./Core/Src/main.o
 .debug_macro   0x00016272       0x43 ./Core/Src/main.o
 .debug_macro   0x000162b5       0x34 ./Core/Src/main.o
 .debug_macro   0x000162e9       0x16 ./Core/Src/main.o
 .debug_macro   0x000162ff       0x3c ./Core/Src/main.o
 .debug_macro   0x0001633b      0x370 ./Core/Src/main.o
 .debug_macro   0x000166ab       0x16 ./Core/Src/main.o
 .debug_macro   0x000166c1       0x4a ./Core/Src/main.o
 .debug_macro   0x0001670b       0x34 ./Core/Src/main.o
 .debug_macro   0x0001673f       0x10 ./Core/Src/main.o
 .debug_macro   0x0001674f       0x58 ./Core/Src/main.o
 .debug_macro   0x000167a7       0x8e ./Core/Src/main.o
 .debug_macro   0x00016835       0x1c ./Core/Src/main.o
 .debug_macro   0x00016851      0x185 ./Core/Src/main.o
 .debug_macro   0x000169d6       0x16 ./Core/Src/main.o
 .debug_macro   0x000169ec       0x16 ./Core/Src/main.o
 .debug_macro   0x00016a02      0x146 ./Core/Src/main.o
 .debug_macro   0x00016b48      0x1dd ./Core/Src/stm32f4xx_hal_msp.o
 .debug_macro   0x00016d25      0x1ce ./Core/Src/stm32f4xx_hal_timebase_tim.o
 .debug_macro   0x00016ef3      0x1e7 ./Core/Src/stm32f4xx_it.o
 .debug_macro   0x000170da      0x1ce ./Core/Src/system_stm32f4xx.o
 .debug_macro   0x000172a8      0x1d8 ./Drivers/Modules/GPIO_Driver.o
 .debug_macro   0x00017480      0x22e ./Drivers/STM32F4xx_HAL_Driver/Src/stm32f4xx_hal.o
 .debug_macro   0x000176ae      0x1ce ./Drivers/STM32F4xx_HAL_Driver/Src/stm32f4xx_hal_cortex.o
 .debug_macro   0x0001787c      0x1d4 ./Drivers/STM32F4xx_HAL_Driver/Src/stm32f4xx_hal_gpio.o
 .debug_macro   0x00017a50      0x1f2 ./Drivers/STM32F4xx_HAL_Driver/Src/stm32f4xx_hal_rcc.o
 .debug_macro   0x00017c42      0x1cf ./Drivers/STM32F4xx_HAL_Driver/Src/stm32f4xx_hal_tim.o
 .debug_macro   0x00017e11      0x1ce ./Drivers/STM32F4xx_HAL_Driver/Src/stm32f4xx_hal_tim_ex.o
 .debug_macro   0x00017fdf      0x1cf ./Drivers/STM32F4xx_HAL_Driver/Src/stm32f4xx_hal_uart.o
 .debug_macro   0x000181ae      0x1f1 ./ThirdParty/FreeRTOS/org/Source/list.o
 .debug_macro   0x0001839f      0x30e ./ThirdParty/FreeRTOS/org/Source/tasks.o
 .debug_macro   0x000186ad       0x17 ./ThirdParty/FreeRTOS/org/Source/tasks.o
 .debug_macro   0x000186c4      0x21e ./ThirdParty/FreeRTOS/org/Source/portable/GCC/ARM_CM4F/port.o
 .debug_macro   0x000188e2      0x286 ./ThirdParty/FreeRTOS/org/Source/portable/MemMang/heap_4.o
 .debug_macro   0x00018b68      0x134 ./ThirdParty/SEGGER/Config/SEGGER_SYSVIEW_Config_FreeRTOS.o
 .debug_macro   0x00018c9c      0x200 ./ThirdParty/SEGGER/OS/SEGGER_SYSVIEW_FreeRTOS.o
 .debug_macro   0x00018e9c      0x176 ./ThirdParty/SEGGER/SEGGER/SEGGER_RTT.o
 .debug_macro   0x00019012       0x4f ./ThirdParty/SEGGER/SEGGER/SEGGER_RTT.o
 .debug_macro   0x00019061      0x115 ./ThirdParty/SEGGER/SEGGER/SEGGER_RTT.o
 .debug_macro   0x00019176      0x20a ./ThirdParty/SEGGER/SEGGER/SEGGER_SYSVIEW.o
 .debug_macro   0x00019380       0x65 ./ThirdParty/SEGGER/SEGGER/SEGGER_SYSVIEW.o
 .debug_macro   0x000193e5       0x35 ./ThirdParty/SEGGER/SEGGER/SEGGER_SYSVIEW.o
 .debug_macro   0x0001941a      0x11b ./ThirdParty/SEGGER/SEGGER/SEGGER_SYSVIEW.o

.debug_line     0x00000000    0x153c8
 .debug_line    0x00000000      0xdaf ./Core/Src/main.o
 .debug_line    0x00000daf      0x730 ./Core/Src/stm32f4xx_hal_msp.o
 .debug_line    0x000014df      0x74f ./Core/Src/stm32f4xx_hal_timebase_tim.o
 .debug_line    0x00001c2e      0x76c ./Core/Src/stm32f4xx_it.o
 .debug_line    0x0000239a      0x759 ./Core/Src/system_stm32f4xx.o
 .debug_line    0x00002af3       0x7a ./Core/Startup/startup_stm32f411retx.o
 .debug_line    0x00002b6d      0x766 ./Drivers/Modules/GPIO_Driver.o
 .debug_line    0x000032d3      0x9d5 ./Drivers/STM32F4xx_HAL_Driver/Src/stm32f4xx_hal.o
 .debug_line    0x00003ca8      0xca5 ./Drivers/STM32F4xx_HAL_Driver/Src/stm32f4xx_hal_cortex.o
 .debug_line    0x0000494d      0xaf1 ./Drivers/STM32F4xx_HAL_Driver/Src/stm32f4xx_hal_gpio.o
 .debug_line    0x0000543e      0xde4 ./Drivers/STM32F4xx_HAL_Driver/Src/stm32f4xx_hal_rcc.o
 .debug_line    0x00006222     0x3514 ./Drivers/STM32F4xx_HAL_Driver/Src/stm32f4xx_hal_tim.o
 .debug_line    0x00009736     0x18d0 ./Drivers/STM32F4xx_HAL_Driver/Src/stm32f4xx_hal_tim_ex.o
 .debug_line    0x0000b006     0x251d ./Drivers/STM32F4xx_HAL_Driver/Src/stm32f4xx_hal_uart.o
 .debug_line    0x0000d523      0x989 ./ThirdParty/FreeRTOS/org/Source/list.o
 .debug_line    0x0000deac     0x2247 ./ThirdParty/FreeRTOS/org/Source/tasks.o
 .debug_line    0x000100f3      0xb17 ./ThirdParty/FreeRTOS/org/Source/portable/GCC/ARM_CM4F/port.o
 .debug_line    0x00010c0a      0xd12 ./ThirdParty/FreeRTOS/org/Source/portable/MemMang/heap_4.o
 .debug_line    0x0001191c      0x746 ./ThirdParty/SEGGER/Config/SEGGER_SYSVIEW_Config_FreeRTOS.o
 .debug_line    0x00012062      0xa50 ./ThirdParty/SEGGER/OS/SEGGER_SYSVIEW_FreeRTOS.o
 .debug_line    0x00012ab2      0xd72 ./ThirdParty/SEGGER/SEGGER/SEGGER_RTT.o
 .debug_line    0x00013824     0x1ba4 ./ThirdParty/SEGGER/SEGGER/SEGGER_SYSVIEW.o

.debug_str      0x00000000    0xa1800
 .debug_str     0x00000000    0xa1800 ./Core/Src/main.o
                              0x9972c (size before relaxing)
 .debug_str     0x000a1800        0x0 ./Core/Src/stm32f4xx_hal_msp.o
                              0x8777c (size before relaxing)
 .debug_str     0x000a1800        0x0 ./Core/Src/stm32f4xx_hal_timebase_tim.o
                              0x87b76 (size before relaxing)
 .debug_str     0x000a1800        0x0 ./Core/Src/stm32f4xx_it.o
                              0x87701 (size before relaxing)
 .debug_str     0x000a1800        0x0 ./Core/Src/system_stm32f4xx.o
                              0x871e7 (size before relaxing)
 .debug_str     0x000a1800        0x0 ./Core/Startup/startup_stm32f411retx.o
                                 0x89 (size before relaxing)
 .debug_str     0x000a1800        0x0 ./Drivers/Modules/GPIO_Driver.o
                              0x8719e (size before relaxing)
 .debug_str     0x000a1800        0x0 ./Drivers/STM32F4xx_HAL_Driver/Src/stm32f4xx_hal.o
                              0x87c13 (size before relaxing)
 .debug_str     0x000a1800        0x0 ./Drivers/STM32F4xx_HAL_Driver/Src/stm32f4xx_hal_cortex.o
                              0x8797d (size before relaxing)
 .debug_str     0x000a1800        0x0 ./Drivers/STM32F4xx_HAL_Driver/Src/stm32f4xx_hal_gpio.o
                              0x87362 (size before relaxing)
 .debug_str     0x000a1800        0x0 ./Drivers/STM32F4xx_HAL_Driver/Src/stm32f4xx_hal_rcc.o
                              0x8761b (size before relaxing)
 .debug_str     0x000a1800        0x0 ./Drivers/STM32F4xx_HAL_Driver/Src/stm32f4xx_hal_tim.o
                              0x8855f (size before relaxing)
 .debug_str     0x000a1800        0x0 ./Drivers/STM32F4xx_HAL_Driver/Src/stm32f4xx_hal_tim_ex.o
                              0x87d6b (size before relaxing)
 .debug_str     0x000a1800        0x0 ./Drivers/STM32F4xx_HAL_Driver/Src/stm32f4xx_hal_uart.o
                              0x87bea (size before relaxing)
 .debug_str     0x000a1800        0x0 ./ThirdParty/FreeRTOS/org/Source/list.o
                              0x14112 (size before relaxing)
 .debug_str     0x000a1800        0x0 ./ThirdParty/FreeRTOS/org/Source/tasks.o
                              0x17a96 (size before relaxing)
 .debug_str     0x000a1800        0x0 ./ThirdParty/FreeRTOS/org/Source/portable/GCC/ARM_CM4F/port.o
                              0x12c2d (size before relaxing)
 .debug_str     0x000a1800        0x0 ./ThirdParty/FreeRTOS/org/Source/portable/MemMang/heap_4.o
                              0x15c69 (size before relaxing)
 .debug_str     0x000a1800        0x0 ./ThirdParty/SEGGER/Config/SEGGER_SYSVIEW_Config_FreeRTOS.o
                              0x10339 (size before relaxing)
 .debug_str     0x000a1800        0x0 ./ThirdParty/SEGGER/OS/SEGGER_SYSVIEW_FreeRTOS.o
                              0x1555d (size before relaxing)
 .debug_str     0x000a1800        0x0 ./ThirdParty/SEGGER/SEGGER/SEGGER_RTT.o
                               0x7615 (size before relaxing)
 .debug_str     0x000a1800        0x0 ./ThirdParty/SEGGER/SEGGER/SEGGER_SYSVIEW.o
                               0x9600 (size before relaxing)

.comment        0x00000000       0x43
 .comment       0x00000000       0x43 ./Core/Src/main.o
                                 0x44 (size before relaxing)
 .comment       0x00000043        0x0 ./Core/Src/stm32f4xx_hal_msp.o
                                 0x44 (size before relaxing)
 .comment       0x00000043        0x0 ./Core/Src/stm32f4xx_hal_timebase_tim.o
                                 0x44 (size before relaxing)
 .comment       0x00000043        0x0 ./Core/Src/stm32f4xx_it.o
                                 0x44 (size before relaxing)
 .comment       0x00000043        0x0 ./Core/Src/system_stm32f4xx.o
                                 0x44 (size before relaxing)
 .comment       0x00000043        0x0 ./Drivers/Modules/GPIO_Driver.o
                                 0x44 (size before relaxing)
 .comment       0x00000043        0x0 ./Drivers/STM32F4xx_HAL_Driver/Src/stm32f4xx_hal.o
                                 0x44 (size before relaxing)
 .comment       0x00000043        0x0 ./Drivers/STM32F4xx_HAL_Driver/Src/stm32f4xx_hal_cortex.o
                                 0x44 (size before relaxing)
 .comment       0x00000043        0x0 ./Drivers/STM32F4xx_HAL_Driver/Src/stm32f4xx_hal_gpio.o
                                 0x44 (size before relaxing)
 .comment       0x00000043        0x0 ./Drivers/STM32F4xx_HAL_Driver/Src/stm32f4xx_hal_rcc.o
                                 0x44 (size before relaxing)
 .comment       0x00000043        0x0 ./Drivers/STM32F4xx_HAL_Driver/Src/stm32f4xx_hal_tim.o
                                 0x44 (size before relaxing)
 .comment       0x00000043        0x0 ./Drivers/STM32F4xx_HAL_Driver/Src/stm32f4xx_hal_tim_ex.o
                                 0x44 (size before relaxing)
 .comment       0x00000043        0x0 ./Drivers/STM32F4xx_HAL_Driver/Src/stm32f4xx_hal_uart.o
                                 0x44 (size before relaxing)
 .comment       0x00000043        0x0 ./ThirdParty/FreeRTOS/org/Source/list.o
                                 0x44 (size before relaxing)
 .comment       0x00000043        0x0 ./ThirdParty/FreeRTOS/org/Source/tasks.o
                                 0x44 (size before relaxing)
 .comment       0x00000043        0x0 ./ThirdParty/FreeRTOS/org/Source/portable/GCC/ARM_CM4F/port.o
                                 0x44 (size before relaxing)
 .comment       0x00000043        0x0 ./ThirdParty/FreeRTOS/org/Source/portable/MemMang/heap_4.o
                                 0x44 (size before relaxing)
 .comment       0x00000043        0x0 ./ThirdParty/SEGGER/Config/SEGGER_SYSVIEW_Config_FreeRTOS.o
                                 0x44 (size before relaxing)
 .comment       0x00000043        0x0 ./ThirdParty/SEGGER/OS/SEGGER_SYSVIEW_FreeRTOS.o
                                 0x44 (size before relaxing)
 .comment       0x00000043        0x0 ./ThirdParty/SEGGER/SEGGER/SEGGER_RTT.o
                                 0x44 (size before relaxing)
 .comment       0x00000043        0x0 ./ThirdParty/SEGGER/SEGGER/SEGGER_SYSVIEW.o
                                 0x44 (size before relaxing)

.debug_frame    0x00000000     0x50fc
 .debug_frame   0x00000000      0x198 ./Core/Src/main.o
 .debug_frame   0x00000198       0x80 ./Core/Src/stm32f4xx_hal_msp.o
 .debug_frame   0x00000218       0x74 ./Core/Src/stm32f4xx_hal_timebase_tim.o
 .debug_frame   0x0000028c       0xc4 ./Core/Src/stm32f4xx_it.o
 .debug_frame   0x00000350       0x58 ./Core/Src/system_stm32f4xx.o
 .debug_frame   0x000003a8       0x80 ./Drivers/Modules/GPIO_Driver.o
 .debug_frame   0x00000428      0x374 ./Drivers/STM32F4xx_HAL_Driver/Src/stm32f4xx_hal.o
 .debug_frame   0x0000079c      0x508 ./Drivers/STM32F4xx_HAL_Driver/Src/stm32f4xx_hal_cortex.o
 .debug_frame   0x00000ca4      0x14c ./Drivers/STM32F4xx_HAL_Driver/Src/stm32f4xx_hal_gpio.o
 .debug_frame   0x00000df0      0x1f4 ./Drivers/STM32F4xx_HAL_Driver/Src/stm32f4xx_hal_rcc.o
 .debug_frame   0x00000fe4     0x11b8 ./Drivers/STM32F4xx_HAL_Driver/Src/stm32f4xx_hal_tim.o
 .debug_frame   0x0000219c      0x638 ./Drivers/STM32F4xx_HAL_Driver/Src/stm32f4xx_hal_tim_ex.o
 .debug_frame   0x000027d4      0x954 ./Drivers/STM32F4xx_HAL_Driver/Src/stm32f4xx_hal_uart.o
 .debug_frame   0x00003128       0xd8 ./ThirdParty/FreeRTOS/org/Source/list.o
 .debug_frame   0x00003200      0x99c ./ThirdParty/FreeRTOS/org/Source/tasks.o
 .debug_frame   0x00003b9c      0x1d0 ./ThirdParty/FreeRTOS/org/Source/portable/GCC/ARM_CM4F/port.o
 .debug_frame   0x00003d6c      0x174 ./ThirdParty/FreeRTOS/org/Source/portable/MemMang/heap_4.o
 .debug_frame   0x00003ee0       0x48 ./ThirdParty/SEGGER/Config/SEGGER_SYSVIEW_Config_FreeRTOS.o
 .debug_frame   0x00003f28      0x104 ./ThirdParty/SEGGER/OS/SEGGER_SYSVIEW_FreeRTOS.o
 .debug_frame   0x0000402c      0x478 ./ThirdParty/SEGGER/SEGGER/SEGGER_RTT.o
 .debug_frame   0x000044a4      0xb5c ./ThirdParty/SEGGER/SEGGER/SEGGER_SYSVIEW.o
 .debug_frame   0x00005000       0x28 /Applications/STM32CubeIDE.app/Contents/Eclipse/plugins/com.st.stm32cube.ide.mcu.externaltools.gnu-tools-for-stm32.13.3.rel1.macos64_1.0.100.202509120712/tools/bin/../lib/gcc/arm-none-eabi/13.3.1/../../../../arm-none-eabi/lib/thumb/v7e-m+fp/hard/libc_nano.a(libc_a-memcmp.o)
 .debug_frame   0x00005028       0x20 /Applications/STM32CubeIDE.app/Contents/Eclipse/plugins/com.st.stm32cube.ide.mcu.externaltools.gnu-tools-for-stm32.13.3.rel1.macos64_1.0.100.202509120712/tools/bin/../lib/gcc/arm-none-eabi/13.3.1/../../../../arm-none-eabi/lib/thumb/v7e-m+fp/hard/libc_nano.a(libc_a-memset.o)
 .debug_frame   0x00005048       0x2c /Applications/STM32CubeIDE.app/Contents/Eclipse/plugins/com.st.stm32cube.ide.mcu.externaltools.gnu-tools-for-stm32.13.3.rel1.macos64_1.0.100.202509120712/tools/bin/../lib/gcc/arm-none-eabi/13.3.1/../../../../arm-none-eabi/lib/thumb/v7e-m+fp/hard/libc_nano.a(libc_a-init.o)
 .debug_frame   0x00005074       0x28 /Applications/STM32CubeIDE.app/Contents/Eclipse/plugins/com.st.stm32cube.ide.mcu.externaltools.gnu-tools-for-stm32.13.3.rel1.macos64_1.0.100.202509120712/tools/bin/../lib/gcc/arm-none-eabi/13.3.1/../../../../arm-none-eabi/lib/thumb/v7e-m+fp/hard/libc_nano.a(libc_a-memcpy-stub.o)
 .debug_frame   0x0000509c       0x2c /Applications/STM32CubeIDE.app/Contents/Eclipse/plugins/com.st.stm32cube.ide.mcu.externaltools.gnu-tools-for-stm32.13.3.rel1.macos64_1.0.100.202509120712/tools/bin/../lib/gcc/arm-none-eabi/13.3.1/thumb/v7e-m+fp/hard/libgcc.a(_aeabi_uldivmod.o)
 .debug_frame   0x000050c8       0x34 /Applications/STM32CubeIDE.app/Contents/Eclipse/plugins/com.st.stm32cube.ide.mcu.externaltools.gnu-tools-for-stm32.13.3.rel1.macos64_1.0.100.202509120712/tools/bin/../lib/gcc/arm-none-eabi/13.3.1/thumb/v7e-m+fp/hard/libgcc.a(_udivmoddi4.o)

.debug_line_str
                0x00000000       0x6d
 .debug_line_str
                0x00000000       0x6d ./Core/Startup/startup_stm32f411retx.o
