Archive member included to satisfy reference by file (symbol)

/Applications/STM32CubeIDE.app/Contents/Eclipse/plugins/com.st.stm32cube.ide.mcu.externaltools.gnu-tools-for-stm32.13.3.rel1.macos64_1.0.100.202509120712/tools/bin/../lib/gcc/arm-none-eabi/13.3.1/../../../../arm-none-eabi/lib/thumb/v7e-m+fp/hard/libc_nano.a(libc_a-exit.o)
                              /Applications/STM32CubeIDE.app/Contents/Eclipse/plugins/com.st.stm32cube.ide.mcu.externaltools.gnu-tools-for-stm32.13.3.rel1.macos64_1.0.100.202509120712/tools/bin/../lib/gcc/arm-none-eabi/13.3.1/../../../../arm-none-eabi/lib/thumb/v7e-m+fp/hard/crt0.o (exit)
/Applications/STM32CubeIDE.app/Contents/Eclipse/plugins/com.st.stm32cube.ide.mcu.externaltools.gnu-tools-for-stm32.13.3.rel1.macos64_1.0.100.202509120712/tools/bin/../lib/gcc/arm-none-eabi/13.3.1/../../../../arm-none-eabi/lib/thumb/v7e-m+fp/hard/libc_nano.a(libc_a-findfp.o)
                              /Applications/STM32CubeIDE.app/Contents/Eclipse/plugins/com.st.stm32cube.ide.mcu.externaltools.gnu-tools-for-stm32.13.3.rel1.macos64_1.0.100.202509120712/tools/bin/../lib/gcc/arm-none-eabi/13.3.1/../../../../arm-none-eabi/lib/thumb/v7e-m+fp/hard/libc_nano.a(libc_a-exit.o) (__stdio_exit_handler)
/Applications/STM32CubeIDE.app/Contents/Eclipse/plugins/com.st.stm32cube.ide.mcu.externaltools.gnu-tools-for-stm32.13.3.rel1.macos64_1.0.100.202509120712/tools/bin/../lib/gcc/arm-none-eabi/13.3.1/../../../../arm-none-eabi/lib/thumb/v7e-m+fp/hard/libc_nano.a(libc_a-fwalk.o)
                              /Applications/STM32CubeIDE.app/Contents/Eclipse/plugins/com.st.stm32cube.ide.mcu.externaltools.gnu-tools-for-stm32.13.3.rel1.macos64_1.0.100.202509120712/tools/bin/../lib/gcc/arm-none-eabi/13.3.1/../../../../arm-none-eabi/lib/thumb/v7e-m+fp/hard/libc_nano.a(libc_a-findfp.o) (_fwalk_sglue)
/Applications/STM32CubeIDE.app/Contents/Eclipse/plugins/com.st.stm32cube.ide.mcu.externaltools.gnu-tools-for-stm32.13.3.rel1.macos64_1.0.100.202509120712/tools/bin/../lib/gcc/arm-none-eabi/13.3.1/../../../../arm-none-eabi/lib/thumb/v7e-m+fp/hard/libc_nano.a(libc_a-memcmp.o)
                              ./ThirdParty/SEGGER/OS/SEGGER_SYSVIEW_FreeRTOS.o (memcmp)
/Applications/STM32CubeIDE.app/Contents/Eclipse/plugins/com.st.stm32cube.ide.mcu.externaltools.gnu-tools-for-stm32.13.3.rel1.macos64_1.0.100.202509120712/tools/bin/../lib/gcc/arm-none-eabi/13.3.1/../../../../arm-none-eabi/lib/thumb/v7e-m+fp/hard/libc_nano.a(libc_a-memset.o)
                              /Applications/STM32CubeIDE.app/Contents/Eclipse/plugins/com.st.stm32cube.ide.mcu.externaltools.gnu-tools-for-stm32.13.3.rel1.macos64_1.0.100.202509120712/tools/bin/../lib/gcc/arm-none-eabi/13.3.1/../../../../arm-none-eabi/lib/thumb/v7e-m+fp/hard/crt0.o (memset)
/Applications/STM32CubeIDE.app/Contents/Eclipse/plugins/com.st.stm32cube.ide.mcu.externaltools.gnu-tools-for-stm32.13.3.rel1.macos64_1.0.100.202509120712/tools/bin/../lib/gcc/arm-none-eabi/13.3.1/../../../../arm-none-eabi/lib/thumb/v7e-m+fp/hard/libc_nano.a(libc_a-errno.o)
                              ./Core/Src/syscalls.o (__errno)
/Applications/STM32CubeIDE.app/Contents/Eclipse/plugins/com.st.stm32cube.ide.mcu.externaltools.gnu-tools-for-stm32.13.3.rel1.macos64_1.0.100.202509120712/tools/bin/../lib/gcc/arm-none-eabi/13.3.1/../../../../arm-none-eabi/lib/thumb/v7e-m+fp/hard/libc_nano.a(libc_a-init.o)
                              /Applications/STM32CubeIDE.app/Contents/Eclipse/plugins/com.st.stm32cube.ide.mcu.externaltools.gnu-tools-for-stm32.13.3.rel1.macos64_1.0.100.202509120712/tools/bin/../lib/gcc/arm-none-eabi/13.3.1/../../../../arm-none-eabi/lib/thumb/v7e-m+fp/hard/crt0.o (__libc_init_array)
/Applications/STM32CubeIDE.app/Contents/Eclipse/plugins/com.st.stm32cube.ide.mcu.externaltools.gnu-tools-for-stm32.13.3.rel1.macos64_1.0.100.202509120712/tools/bin/../lib/gcc/arm-none-eabi/13.3.1/../../../../arm-none-eabi/lib/thumb/v7e-m+fp/hard/libc_nano.a(libc_a-lock.o)
                              /Applications/STM32CubeIDE.app/Contents/Eclipse/plugins/com.st.stm32cube.ide.mcu.externaltools.gnu-tools-for-stm32.13.3.rel1.macos64_1.0.100.202509120712/tools/bin/../lib/gcc/arm-none-eabi/13.3.1/../../../../arm-none-eabi/lib/thumb/v7e-m+fp/hard/libc_nano.a(libc_a-findfp.o) (__retarget_lock_init_recursive)
/Applications/STM32CubeIDE.app/Contents/Eclipse/plugins/com.st.stm32cube.ide.mcu.externaltools.gnu-tools-for-stm32.13.3.rel1.macos64_1.0.100.202509120712/tools/bin/../lib/gcc/arm-none-eabi/13.3.1/../../../../arm-none-eabi/lib/thumb/v7e-m+fp/hard/libc_nano.a(libc_a-impure.o)
                              /Applications/STM32CubeIDE.app/Contents/Eclipse/plugins/com.st.stm32cube.ide.mcu.externaltools.gnu-tools-for-stm32.13.3.rel1.macos64_1.0.100.202509120712/tools/bin/../lib/gcc/arm-none-eabi/13.3.1/../../../../arm-none-eabi/lib/thumb/v7e-m+fp/hard/libc_nano.a(libc_a-errno.o) (_impure_ptr)
[...]
Memory Configuration

Name             Origin             Length             Attributes
RAM              0x20000000         0x00020000         xrw
FLASH            0x08000000         0x00080000         xr
*default*        0x00000000         0xffffffff

Linker script and memory map

LOAD /Applications/STM32CubeIDE.app/Contents/Eclipse/plugins/com.st.stm32cube.ide.mcu.externaltools.gnu-tools-for-stm32.13.3.rel1.macos64_1.0.100.202509120712/tools/bin/../lib/gcc/arm-none-eabi/13.3.1/thumb/v7e-m+fp/hard/crti.o
LOAD /Applications/STM32CubeIDE.app/Contents/Eclipse/plugins/com.st.stm32cube.ide.mcu.externaltools.gnu-tools-for-stm32.13.3.rel1.macos64_1.0.100.202509120712/tools/bin/../lib/gcc/arm-none-eabi/13.3.1/thumb/v7e-m+fp/hard/crtbegin.o
LOAD /Applications/STM32CubeIDE.app/Contents/Eclipse/plugins/com.st.stm32cube.ide.mcu.externaltools.gnu-tools-for-stm32.13.3.rel1.macos64_1.0.100.202509120712/tools/bin/../lib/gcc/arm-none-eabi/13.3.1/../../../../arm-none-eabi/lib/thumb/v7e-m+fp/hard/crt0.o
LOAD ./Core/Src/main.o
LOAD ./Core/Src/stm32f4xx_hal_msp.o
LOAD ./Core/Src/stm32f4xx_hal_timebase_tim.o
LOAD ./Core/Src/stm32f4xx_it.o
LOAD ./Core/Src/syscalls.o
LOAD ./Core/Src/sysmem.o
LOAD ./Core/Src/system_stm32f4xx.o
LOAD ./Core/Startup/startup_stm32f411retx.o
LOAD ./Drivers/Modules/GPIO_Driver.o
LOAD ./Drivers/Modules/I2C_Driver.o
LOAD ./Drivers/Modules/MPU_6050_Driver.o
LOAD ./Drivers/Modules/TimerDriver.o
LOAD ./Drivers/Modules/UART_Driver.o
LOAD ./Drivers/STM32F4xx_HAL_Driver/Src/stm32f4xx_hal.o
LOAD ./Drivers/STM32F4xx_HAL_Driver/Src/stm32f4xx_hal_cortex.o
LOAD ./Drivers/STM32F4xx_HAL_Driver/Src/stm32f4xx_hal_dma.o
LOAD ./Drivers/STM32F4xx_HAL_Driver/Src/stm32f4xx_hal_dma_ex.o
LOAD ./Drivers/STM32F4xx_HAL_Driver/Src/stm32f4xx_hal_exti.o
LOAD ./Drivers/STM32F4xx_HAL_Driver/Src/stm32f4xx_hal_flash.o
LOAD ./Drivers/STM32F4xx_HAL_Driver/Src/stm32f4xx_hal_flash_ex.o
LOAD ./Drivers/STM32F4xx_HAL_Driver/Src/stm32f4xx_hal_flash_ramfunc.o
LOAD ./Drivers/STM32F4xx_HAL_Driver/Src/stm32f4xx_hal_gpio.o
LOAD ./Drivers/STM32F4xx_HAL_Driver/Src/stm32f4xx_hal_pwr.o
LOAD ./Drivers/STM32F4xx_HAL_Driver/Src/stm32f4xx_hal_pwr_ex.o
LOAD ./Drivers/STM32F4xx_HAL_Driver/Src/stm32f4xx_hal_rcc.o
LOAD ./Drivers/STM32F4xx_HAL_Driver/Src/stm32f4xx_hal_rcc_ex.o
LOAD ./Drivers/STM32F4xx_HAL_Driver/Src/stm32f4xx_hal_tim.o
LOAD ./Drivers/STM32F4xx_HAL_Driver/Src/stm32f4xx_hal_tim_ex.o
LOAD ./Drivers/STM32F4xx_HAL_Driver/Src/stm32f4xx_hal_uart.o
LOAD ./ThirdParty/FreeRTOS/org/Source/croutine.o
LOAD ./ThirdParty/FreeRTOS/org/Source/event_groups.o
LOAD ./ThirdParty/FreeRTOS/org/Source/list.o
LOAD ./ThirdParty/FreeRTOS/org/Source/queue.o
LOAD ./ThirdParty/FreeRTOS/org/Source/stream_buffer.o
LOAD ./ThirdParty/FreeRTOS/org/Source/tasks.o
LOAD ./ThirdParty/FreeRTOS/org/Source/timers.o
LOAD ./ThirdParty/FreeRTOS/org/Source/portable/GCC/ARM_CM4F/port.o
LOAD ./ThirdParty/FreeRTOS/org/Source/portable/MemMang/heap_4.o
LOAD ./ThirdParty/SEGGER/Config/SEGGER_SYSVIEW_Config_FreeRTOS.o
LOAD ./ThirdParty/SEGGER/OS/SEGGER_SYSVIEW_FreeRTOS.o
LOAD ./ThirdParty/SEGGER/SEGGER/SEGGER_RTT.o
LOAD ./ThirdParty/SEGGER/SEGGER/SEGGER_SYSVIEW.o
START GROUP
LOAD /Applications/STM32CubeIDE.app/Contents/Eclipse/plugins/com.st.stm32cube.ide.mcu.externaltools.gnu-tools-for-stm32.13.3.rel1.macos64_1.0.100.202509120712/tools/bin/../lib/gcc/arm-none-eabi/13.3.1/../../../../arm-none-eabi/lib/thumb/v7e-m+fp/hard/libc_nano.a
LOAD /Applications/STM32CubeIDE.app/Contents/Eclipse/plugins/com.st.stm32cube.ide.mcu.externaltools.gnu-tools-for-stm32.13.3.rel1.macos64_1.0.100.202509120712/tools/bin/../lib/gcc/arm-none-eabi/13.3.1/../../../../arm-none-eabi/lib/thumb/v7e-m+fp/hard/libm.a
END GROUP
START GROUP
LOAD /Applications/STM32CubeIDE.app/Contents/Eclipse/plugins/com.st.stm32cube.ide.mcu.externaltools.gnu-tools-for-stm32.13.3.rel1.macos64_1.0.100.202509120712/tools/bin/../lib/gcc/arm-none-eabi/13.3.1/thumb/v7e-m+fp/hard/libgcc.a
LOAD /Applications/STM32CubeIDE.app/Contents/Eclipse/plugins/com.st.stm32cube.ide.mcu.externaltools.gnu-tools-for-stm32.13.3.rel1.macos64_1.0.100.202509120712/tools/bin/../lib/gcc/arm-none-eabi/13.3.1/../../../../arm-none-eabi/lib/thumb/v7e-m+fp/hard/libc_nano.a
END GROUP
START GROUP
LOAD /Applications/STM32CubeIDE.app/Contents/Eclipse/plugins/com.st.stm32cube.ide.mcu.externaltools.gnu-tools-for-stm32.13.3.rel1.macos64_1.0.100.202509120712/tools/bin/../lib/gcc/arm-none-eabi/13.3.1/thumb/v7e-m+fp/hard/libgcc.a
LOAD /Applications/STM32CubeIDE.app/Contents/Eclipse/plugins/com.st.stm32cube.ide.mcu.externaltools.gnu-tools-for-stm32.13.3.rel1.macos64_1.0.100.202509120712/tools/bin/../lib/gcc/arm-none-eabi/13.3.1/../../../../arm-none-eabi/lib/thumb/v7e-m+fp/hard/libc_nano.a
LOAD /Applications/STM32CubeIDE.app/Contents/Eclipse/plugins/com.st.stm32cube.ide.mcu.externaltools.gnu-tools-for-stm32.13.3.rel1.macos64_1.0.100.202509120712/tools/bin/../lib/gcc/arm-none-eabi/13.3.1/../../../../arm-none-eabi/lib/thumb/v7e-m+fp/hard/libnosys.a
END GROUP
START GROUP
LOAD /Applications/STM32CubeIDE.app/Contents/Eclipse/plugins/com.st.stm32cube.ide.mcu.externaltools.gnu-tools-for-stm32.13.3.rel1.macos64_1.0.100.202509120712/tools/bin/../lib/gcc/arm-none-eabi/13.3.1/thumb/v7e-m+fp/hard/libgcc.a
LOAD /Applications/STM32CubeIDE.app/Contents/Eclipse/plugins/com.st.stm32cube.ide.mcu.externaltools.gnu-tools-for-stm32.13.3.rel1.macos64_1.0.100.202509120712/tools/bin/../lib/gcc/arm-none-eabi/13.3.1/../../../../arm-none-eabi/lib/thumb/v7e-m+fp/hard/libc_nano.a
LOAD /Applications/STM32CubeIDE.app/Contents/Eclipse/plugins/com.st.stm32cube.ide.mcu.externaltools.gnu-tools-for-stm32.13.3.rel1.macos64_1.0.100.202509120712/tools/bin/../lib/gcc/arm-none-eabi/13.3.1/../../../../arm-none-eabi/lib/thumb/v7e-m+fp/hard/libnosys.a
END GROUP
LOAD /Applications/STM32CubeIDE.app/Contents/Eclipse/plugins/com.st.stm32cube.ide.mcu.externaltools.gnu-tools-for-stm32.13.3.rel1.macos64_1.0.100.202509120712/tools/bin/../lib/gcc/arm-none-eabi/13.3.1/thumb/v7e-m+fp/hard/crtend.o
LOAD /Applications/STM32CubeIDE.app/Contents/Eclipse/plugins/com.st.stm32cube.ide.mcu.externaltools.gnu-tools-for-stm32.13.3.rel1.macos64_1.0.100.202509120712/tools/bin/../lib/gcc/arm-none-eabi/13.3.1/thumb/v7e-m+fp/hard/crtn.o
                0x20020000                        _estack = (ORIGIN (RAM) + LENGTH (RAM))
                0x00000200                        _Min_Heap_Size = 0x200
                0x00000400                        _Min_Stack_Size = 0x400

.isr_vector     0x08000000      0x198
                0x08000000                        . = ALIGN (0x4)
 *(.isr_vector)
 .isr_vector    0x08000000      0x198 ./Core/Startup/startup_stm32f411retx.o
                0x08000000                g_pfnVectors
                0x08000198                        . = ALIGN (0x4)

.text           0x080001a0     0x7cec
                0x080001a0                        . = ALIGN (0x4)
 *(.text)
 .text          0x080001a0       0x40 /Applications/STM32CubeIDE.app/Contents/Eclipse/plugins/com.st.stm32cube.ide.mcu.externaltools.gnu-tools-for-stm32.13.3.rel1.macos64_1.0.100.202509120712/tools/bin/../lib/gcc/arm-none-eabi/13.3.1/thumb/v7e-m+fp/hard/crtbegin.o
 .text          0x080001e0       0x30 /Applications/STM32CubeIDE.app/Contents/Eclipse/plugins/com.st.stm32cube.ide.mcu.externaltools.gnu-tools-for-stm32.13.3.rel1.macos64_1.0.100.202509120712/tools/bin/../lib/gcc/arm-none-eabi/13.3.1/thumb/v7e-m+fp/hard/libgcc.a(_aeabi_uldivmod.o)
                0x080001e0                __aeabi_uldivmod
 .text          0x08000210      0x2f8 /Applications/STM32CubeIDE.app/Contents/Eclipse/plugins/com.st.stm32cube.ide.mcu.externaltools.gnu-tools-for-stm32.13.3.rel1.macos64_1.0.100.202509120712/tools/bin/../lib/gcc/arm-none-eabi/13.3.1/thumb/v7e-m+fp/hard/libgcc.a(_udivmoddi4.o)
                0x08000210                __udivmoddi4
 .text          0x08000508        0x4 /Applications/STM32CubeIDE.app/Contents/Eclipse/plugins/com.st.stm32cube.ide.mcu.externaltools.gnu-tools-for-stm32.13.3.rel1.macos64_1.0.100.202509120712/tools/bin/../lib/gcc/arm-none-eabi/13.3.1/thumb/v7e-m+fp/hard/libgcc.a(_dvmd_tls.o)
                0x08000508                __aeabi_ldiv0
                0x08000508                __aeabi_idiv0
 *(.text*)
 .text.main     0x0800050c      0x174 ./Core/Src/main.o
                0x0800050c                main
 .text.Task1_system_control_btns_Handler
                0x08000680       0xc0 ./Core/Src/main.o
                0x08000680                Task1_system_control_btns_Handler
 .text.Task2_state_manager_Handler
                0x08000740       0xc4 ./Core/Src/main.o
                0x08000740                Task2_state_manager_Handler
 .text.Task3_balance_control_Handler
                0x08000804      0x114 ./Core/Src/main.o
                0x08000804                Task3_balance_control_Handler
 .text.Task4_LED_Blinker_Handler
                0x08000918       0x4c ./Core/Src/main.o
                0x08000918                Task4_LED_Blinker_Handler
 .text.SystemClock_Config
                0x08000964       0xd4 ./Core/Src/main.o
                0x08000964                SystemClock_Config
 .text.MX_USART2_UART_Init
                0x08000a38       0x54 ./Core/Src/main.o
 .text.MX_GPIO_Init
                0x08000a8c       0xdc ./Core/Src/main.o
 .text.HAL_TIM_PeriodElapsedCallback
                0x08000b68       0x24 ./Core/Src/main.o
                0x08000b68                HAL_TIM_PeriodElapsedCallback
 .text.Error_Handler
                0x08000b8c        0xc ./Core/Src/main.o
                0x08000b8c                Error_Handler
 .text.HAL_MspInit
                0x08000b98       0x50 ./Core/Src/stm32f4xx_hal_msp.o
                0x08000b98                HAL_MspInit
 .text.HAL_UART_MspInit
                0x08000be8       0x90 ./Core/Src/stm32f4xx_hal_msp.o
                0x08000be8                HAL_UART_MspInit
 .text.HAL_InitTick
                0x08000c78       0xe4 ./Core/Src/stm32f4xx_hal_timebase_tim.o
                0x08000c78                HAL_InitTick
 .text.NMI_Handler
                0x08000d5c        0x8 ./Core/Src/stm32f4xx_it.o
                0x08000d5c                NMI_Handler
 .text.HardFault_Handler
                0x08000d64        0x8 ./Core/Src/stm32f4xx_it.o
                0x08000d64                HardFault_Handler
 .text.MemManage_Handler
                0x08000d6c        0x8 ./Core/Src/stm32f4xx_it.o
                0x08000d6c                MemManage_Handler
 .text.BusFault_Handler
                0x08000d74        0x8 ./Core/Src/stm32f4xx_it.o
                0x08000d74                BusFault_Handler
 .text.UsageFault_Handler
                0x08000d7c        0x8 ./Core/Src/stm32f4xx_it.o
                0x08000d7c                UsageFault_Handler
 .text.DebugMon_Handler
                0x08000d84        0xe ./Core/Src/stm32f4xx_it.o
                0x08000d84                DebugMon_Handler
 *fill*         0x08000d92        0x2 
 .text.TIM1_UP_TIM10_IRQHandler
                0x08000d94       0x14 ./Core/Src/stm32f4xx_it.o
                0x08000d94                TIM1_UP_TIM10_IRQHandler
 .text.SystemInit
                0x08000da8       0x24 ./Core/Src/system_stm32f4xx.o
                0x08000da8                SystemInit
 .text.Reset_Handler
                0x08000dcc       0x50 ./Core/Startup/startup_stm32f411retx.o
                0x08000dcc                Reset_Handler
 .text.Default_Handler
                0x08000e1c        0x2 ./Core/Startup/startup_stm32f411retx.o
                0x08000e1c                DMA1_Stream3_IRQHandler
                0x08000e1c                EXTI2_IRQHandler
                0x08000e1c                SPI4_IRQHandler
                0x08000e1c                TIM1_CC_IRQHandler
                0x08000e1c                DMA2_Stream5_IRQHandler
                0x08000e1c                DMA1_Stream5_IRQHandler
                0x08000e1c                PVD_IRQHandler
                0x08000e1c                SDIO_IRQHandler
                0x08000e1c                TAMP_STAMP_IRQHandler
                0x08000e1c                EXTI3_IRQHandler
                0x08000e1c                I2C3_ER_IRQHandler
                0x08000e1c                I2C2_EV_IRQHandler
                0x08000e1c                DMA1_Stream2_IRQHandler
                0x08000e1c                FPU_IRQHandler
                0x08000e1c                DMA2_Stream2_IRQHandler
                0x08000e1c                SPI1_IRQHandler
                0x08000e1c                TIM1_BRK_TIM9_IRQHandler
                0x08000e1c                DMA2_Stream3_IRQHandler
                0x08000e1c                USART6_IRQHandler
                0x08000e1c                DMA2_Stream0_IRQHandler
                0x08000e1c                TIM4_IRQHandler
                0x08000e1c                I2C1_EV_IRQHandler
                0x08000e1c                DMA1_Stream6_IRQHandler
                0x08000e1c                DMA1_Stream1_IRQHandler
                0x08000e1c                TIM3_IRQHandler
                0x08000e1c                RCC_IRQHandler
                0x08000e1c                Default_Handler
                0x08000e1c                ADC_IRQHandler
                0x08000e1c                DMA1_Stream7_IRQHandler
                0x08000e1c                SPI5_IRQHandler
                0x08000e1c                TIM5_IRQHandler
                0x08000e1c                DMA2_Stream7_IRQHandler
                0x08000e1c                I2C3_EV_IRQHandler
                0x08000e1c                EXTI9_5_IRQHandler
                0x08000e1c                RTC_WKUP_IRQHandler
                0x08000e1c                SPI2_IRQHandler
                0x08000e1c                DMA1_Stream0_IRQHandler
                0x08000e1c                EXTI4_IRQHandler
                0x08000e1c                WWDG_IRQHandler
                0x08000e1c                TIM2_IRQHandler
                0x08000e1c                OTG_FS_WKUP_IRQHandler
                0x08000e1c                TIM1_TRG_COM_TIM11_IRQHandler
                0x08000e1c                USART2_IRQHandler
                0x08000e1c                I2C2_ER_IRQHandler
                0x08000e1c                DMA2_Stream1_IRQHandler
                0x08000e1c                FLASH_IRQHandler
                0x08000e1c                DMA2_Stream4_IRQHandler
                0x08000e1c                USART1_IRQHandler
                0x08000e1c                OTG_FS_IRQHandler
                0x08000e1c                SPI3_IRQHandler
                0x08000e1c                DMA1_Stream4_IRQHandler
                0x08000e1c                I2C1_ER_IRQHandler
                0x08000e1c                DMA2_Stream6_IRQHandler
                0x08000e1c                RTC_Alarm_IRQHandler
 *fill*         0x08000e1e        0x2 
 .text.__NVIC_EnableIRQ
                0x08000e20       0x3c ./Drivers/Modules/GPIO_Driver.o
 .text.__NVIC_SetPriority
                0x08000e5c       0x54 ./Drivers/Modules/GPIO_Driver.o
 .text.gpio_setup
                0x08000eb0      0x124 ./Drivers/Modules/GPIO_Driver.o
                0x08000eb0                gpio_setup
 .text.gpio_set
                0x08000fd4       0x2c ./Drivers/Modules/GPIO_Driver.o
                0x08000fd4                gpio_set
 .text.gpio_reset
                0x08001000       0x30 ./Drivers/Modules/GPIO_Driver.o
                0x08001000                gpio_reset
 .text.gpio_toggle
                0x08001030       0x2c ./Drivers/Modules/GPIO_Driver.o
                0x08001030                gpio_toggle
 .text.EXTI0_IRQHandler
                0x0800105c       0x64 ./Drivers/Modules/GPIO_Driver.o
                0x0800105c                EXTI0_IRQHandler
 .text.EXTI1_IRQHandler
                0x080010c0       0x64 ./Drivers/Modules/GPIO_Driver.o
                0x080010c0                EXTI1_IRQHandler
 .text.EXTI15_10_IRQHandler
                0x08001124       0xb8 ./Drivers/Modules/GPIO_Driver.o
                0x08001124                EXTI15_10_IRQHandler
 .text.I2C1_init
                0x080011dc      0x118 ./Drivers/Modules/I2C_Driver.o
                0x080011dc                I2C1_init
 .text.I2C1_BurstRead
                0x080012f4      0x128 ./Drivers/Modules/I2C_Driver.o
                0x080012f4                I2C1_BurstRead
 .text.I2C1_BurstWrite
                0x0800141c       0xc4 ./Drivers/Modules/I2C_Driver.o
                0x0800141c                I2C1_BurstWrite
 .text.MPU_init
                0x080014e0       0x24 ./Drivers/Modules/MPU_6050_Driver.o
                0x080014e0                MPU_init
 .text.MPU6050_ReadAccel
                0x08001504       0xd0 ./Drivers/Modules/MPU_6050_Driver.o
                0x08001504                MPU6050_ReadAccel
 .text.MPU6050_GetPitchAngle
                0x080015d4       0x4c ./Drivers/Modules/MPU_6050_Driver.o
                0x080015d4                MPU6050_GetPitchAngle
 .text.NormalizeAngle180
                0x08001620       0x74 ./Drivers/Modules/MPU_6050_Driver.o
                0x08001620                NormalizeAngle180
 .text.PWMDriver_init
                0x08001694       0xc4 ./Drivers/Modules/TimerDriver.o
                0x08001694                PWMDriver_init
 .text.clamp_float
                0x08001758       0x52 ./Drivers/Modules/TimerDriver.o
                0x08001758                clamp_float
 *fill*         0x080017aa        0x2 
 .text.Servo_SetAngle
                0x080017ac       0x68 ./Drivers/Modules/TimerDriver.o
                0x080017ac                Servo_SetAngle
 .text.limit_step
                0x08001814       0x74 ./Drivers/Modules/TimerDriver.o
                0x08001814                limit_step
 .text.PWMDriver_on
                0x08001888       0x20 ./Drivers/Modules/TimerDriver.o
                0x08001888                PWMDriver_on
 .text.HAL_Init
                0x080018a8       0x44 ./Drivers/STM32F4xx_HAL_Driver/Src/stm32f4xx_hal.o
                0x080018a8                HAL_Init
 .text.HAL_IncTick
                0x080018ec       0x28 ./Drivers/STM32F4xx_HAL_Driver/Src/stm32f4xx_hal.o
                0x080018ec                HAL_IncTick
 .text.HAL_GetTick
                0x08001914       0x18 ./Drivers/STM32F4xx_HAL_Driver/Src/stm32f4xx_hal.o
                0x08001914                HAL_GetTick
 .text.__NVIC_SetPriorityGrouping
                0x0800192c       0x48 ./Drivers/STM32F4xx_HAL_Driver/Src/stm32f4xx_hal_cortex.o
 .text.__NVIC_GetPriorityGrouping
                0x08001974       0x1c ./Drivers/STM32F4xx_HAL_Driver/Src/stm32f4xx_hal_cortex.o
 .text.__NVIC_EnableIRQ
                0x08001990       0x3c ./Drivers/STM32F4xx_HAL_Driver/Src/stm32f4xx_hal_cortex.o
 .text.__NVIC_SetPriority
                0x080019cc       0x54 ./Drivers/STM32F4xx_HAL_Driver/Src/stm32f4xx_hal_cortex.o
 .text.NVIC_EncodePriority
                0x08001a20       0x66 ./Drivers/STM32F4xx_HAL_Driver/Src/stm32f4xx_hal_cortex.o
 .text.HAL_NVIC_SetPriorityGrouping
                0x08001a86       0x16 ./Drivers/STM32F4xx_HAL_Driver/Src/stm32f4xx_hal_cortex.o
                0x08001a86                HAL_NVIC_SetPriorityGrouping
 .text.HAL_NVIC_SetPriority
                0x08001a9c       0x38 ./Drivers/STM32F4xx_HAL_Driver/Src/stm32f4xx_hal_cortex.o
                0x08001a9c                HAL_NVIC_SetPriority
 .text.HAL_NVIC_EnableIRQ
                0x08001ad4       0x1c ./Drivers/STM32F4xx_HAL_Driver/Src/stm32f4xx_hal_cortex.o
                0x08001ad4                HAL_NVIC_EnableIRQ
 .text.HAL_GPIO_Init
                0x08001af0      0x308 ./Drivers/STM32F4xx_HAL_Driver/Src/stm32f4xx_hal_gpio.o
                0x08001af0                HAL_GPIO_Init
 .text.HAL_GPIO_WritePin
                0x08001df8       0x32 ./Drivers/STM32F4xx_HAL_Driver/Src/stm32f4xx_hal_gpio.o
                0x08001df8                HAL_GPIO_WritePin
 *fill*         0x08001e2a        0x2 
 .text.HAL_RCC_OscConfig
                0x08001e2c      0x4f0 ./Drivers/STM32F4xx_HAL_Driver/Src/stm32f4xx_hal_rcc.o
                0x08001e2c                HAL_RCC_OscConfig
 .text.HAL_RCC_ClockConfig
                0x0800231c      0x1cc ./Drivers/STM32F4xx_HAL_Driver/Src/stm32f4xx_hal_rcc.o
                0x0800231c                HAL_RCC_ClockConfig
 .text.HAL_RCC_GetSysClockFreq
                0x080024e8      0x20c ./Drivers/STM32F4xx_HAL_Driver/Src/stm32f4xx_hal_rcc.o
                0x080024e8                HAL_RCC_GetSysClockFreq
 .text.HAL_RCC_GetHCLKFreq
                0x080026f4       0x18 ./Drivers/STM32F4xx_HAL_Driver/Src/stm32f4xx_hal_rcc.o
                0x080026f4                HAL_RCC_GetHCLKFreq
 .text.HAL_RCC_GetPCLK1Freq
                0x0800270c       0x28 ./Drivers/STM32F4xx_HAL_Driver/Src/stm32f4xx_hal_rcc.o
                0x0800270c                HAL_RCC_GetPCLK1Freq
 .text.HAL_RCC_GetPCLK2Freq
                0x08002734       0x28 ./Drivers/STM32F4xx_HAL_Driver/Src/stm32f4xx_hal_rcc.o
                0x08002734                HAL_RCC_GetPCLK2Freq
 .text.HAL_RCC_GetClockConfig
                0x0800275c       0x64 ./Drivers/STM32F4xx_HAL_Driver/Src/stm32f4xx_hal_rcc.o
                0x0800275c                HAL_RCC_GetClockConfig
 .text.HAL_TIM_Base_Init
                0x080027c0       0x9e ./Drivers/STM32F4xx_HAL_Driver/Src/stm32f4xx_hal_tim.o
                0x080027c0                HAL_TIM_Base_Init
 .text.HAL_TIM_Base_MspInit
                0x0800285e       0x14 ./Drivers/STM32F4xx_HAL_Driver/Src/stm32f4xx_hal_tim.o
                0x0800285e                HAL_TIM_Base_MspInit
 *fill*         0x08002872        0x2 
 .text.HAL_TIM_Base_Start_IT
                0x08002874       0xc4 ./Drivers/STM32F4xx_HAL_Driver/Src/stm32f4xx_hal_tim.o
                0x08002874                HAL_TIM_Base_Start_IT
 .text.HAL_TIM_IRQHandler
                0x08002938      0x1e0 ./Drivers/STM32F4xx_HAL_Driver/Src/stm32f4xx_hal_tim.o
                0x08002938                HAL_TIM_IRQHandler
 .text.HAL_TIM_OC_DelayElapsedCallback
                0x08002b18       0x14 ./Drivers/STM32F4xx_HAL_Driver/Src/stm32f4xx_hal_tim.o
                0x08002b18                HAL_TIM_OC_DelayElapsedCallback
 .text.HAL_TIM_IC_CaptureCallback
                0x08002b2c       0x14 ./Drivers/STM32F4xx_HAL_Driver/Src/stm32f4xx_hal_tim.o
                0x08002b2c                HAL_TIM_IC_CaptureCallback
 .text.HAL_TIM_PWM_PulseFinishedCallback
                0x08002b40       0x14 ./Drivers/STM32F4xx_HAL_Driver/Src/stm32f4xx_hal_tim.o
                0x08002b40                HAL_TIM_PWM_PulseFinishedCallback
 .text.HAL_TIM_TriggerCallback
                0x08002b54       0x14 ./Drivers/STM32F4xx_HAL_Driver/Src/stm32f4xx_hal_tim.o
                0x08002b54                HAL_TIM_TriggerCallback
 .text.TIM_Base_SetConfig
                0x08002b68      0x10c ./Drivers/STM32F4xx_HAL_Driver/Src/stm32f4xx_hal_tim.o
                0x08002b68                TIM_Base_SetConfig
 .text.HAL_TIMEx_CommutCallback
                0x08002c74       0x14 ./Drivers/STM32F4xx_HAL_Driver/Src/stm32f4xx_hal_tim_ex.o
                0x08002c74                HAL_TIMEx_CommutCallback
 .text.HAL_TIMEx_BreakCallback
                0x08002c88       0x14 ./Drivers/STM32F4xx_HAL_Driver/Src/stm32f4xx_hal_tim_ex.o
                0x08002c88                HAL_TIMEx_BreakCallback
 .text.HAL_UART_Init
                0x08002c9c       0xa0 ./Drivers/STM32F4xx_HAL_Driver/Src/stm32f4xx_hal_uart.o
                0x08002c9c                HAL_UART_Init
 .text.UART_SetConfig
                0x08002d3c      0x4e8 ./Drivers/STM32F4xx_HAL_Driver/Src/stm32f4xx_hal_uart.o
 .text.vListInitialise
                0x08003224       0x40 ./ThirdParty/FreeRTOS/org/Source/list.o
                0x08003224                vListInitialise
 .text.vListInitialiseItem
                0x08003264       0x1a ./ThirdParty/FreeRTOS/org/Source/list.o
                0x08003264                vListInitialiseItem
 .text.vListInsert
                0x0800327e       0x72 ./ThirdParty/FreeRTOS/org/Source/list.o
                0x0800327e                vListInsert
 .text.uxListRemove
                0x080032f0       0x54 ./ThirdParty/FreeRTOS/org/Source/list.o
                0x080032f0                uxListRemove
 .text.xQueueGenericReset
                0x08003344      0x124 ./ThirdParty/FreeRTOS/org/Source/queue.o
                0x08003344                xQueueGenericReset
 .text.xQueueGenericCreate
                0x08003468       0x9e ./ThirdParty/FreeRTOS/org/Source/queue.o
                0x08003468                xQueueGenericCreate
 .text.prvInitialiseNewQueue
                0x08003506       0x52 ./ThirdParty/FreeRTOS/org/Source/queue.o
 .text.xQueueGenericSend
                0x08003558      0x220 ./ThirdParty/FreeRTOS/org/Source/queue.o
                0x08003558                xQueueGenericSend
 .text.xQueueGiveFromISR
                0x08003778      0x178 ./ThirdParty/FreeRTOS/org/Source/queue.o
                0x08003778                xQueueGiveFromISR
 .text.xQueueReceive
                0x080038f0      0x1f4 ./ThirdParty/FreeRTOS/org/Source/queue.o
                0x080038f0                xQueueReceive
 .text.xQueueSemaphoreTake
                0x08003ae4      0x230 ./ThirdParty/FreeRTOS/org/Source/queue.o
                0x08003ae4                xQueueSemaphoreTake
 .text.prvGetDisinheritPriorityAfterTimeout
                0x08003d14       0x30 ./ThirdParty/FreeRTOS/org/Source/queue.o
 .text.prvCopyDataToQueue
                0x08003d44       0xd4 ./ThirdParty/FreeRTOS/org/Source/queue.o
 .text.prvCopyDataFromQueue
                0x08003e18       0x4c ./ThirdParty/FreeRTOS/org/Source/queue.o
 .text.prvUnlockQueue
                0x08003e64       0xa4 ./ThirdParty/FreeRTOS/org/Source/queue.o
 .text.prvIsQueueEmpty
                0x08003f08       0x2c ./ThirdParty/FreeRTOS/org/Source/queue.o
 .text.prvIsQueueFull
                0x08003f34       0x30 ./ThirdParty/FreeRTOS/org/Source/queue.o
 .text.prvCreateTask
                0x08003f64       0x78 ./ThirdParty/FreeRTOS/org/Source/tasks.o
 .text.xTaskCreate
                0x08003fdc       0x46 ./ThirdParty/FreeRTOS/org/Source/tasks.o
                0x08003fdc                xTaskCreate
 .text.prvInitialiseNewTask
                0x08004022      0x120 ./ThirdParty/FreeRTOS/org/Source/tasks.o
 *fill*         0x08004142        0x2 
 .text.prvAddNewTaskToReadyList
                0x08004144      0x16c ./ThirdParty/FreeRTOS/org/Source/tasks.o
 .text.xTaskDelayUntil
                0x080042b0      0x108 ./ThirdParty/FreeRTOS/org/Source/tasks.o
                0x080042b0                xTaskDelayUntil
 .text.vTaskDelay
                0x080043b8       0x74 ./ThirdParty/FreeRTOS/org/Source/tasks.o
                0x080043b8                vTaskDelay
 .text.prvCreateIdleTasks
                0x0800442c       0x94 ./ThirdParty/FreeRTOS/org/Source/tasks.o
 .text.vTaskStartScheduler
                0x080044c0       0xa0 ./ThirdParty/FreeRTOS/org/Source/tasks.o
                0x080044c0                vTaskStartScheduler
 .text.vTaskSuspendAll
                0x08004560       0x1c ./ThirdParty/FreeRTOS/org/Source/tasks.o
                0x08004560                vTaskSuspendAll
 .text.xTaskResumeAll
                0x0800457c      0x218 ./ThirdParty/FreeRTOS/org/Source/tasks.o
                0x0800457c                xTaskResumeAll
 .text.xTaskGetTickCount
                0x08004794       0x20 ./ThirdParty/FreeRTOS/org/Source/tasks.o
                0x08004794                xTaskGetTickCount
 .text.xTaskGetTickCountFromISR
                0x080047b4       0x24 ./ThirdParty/FreeRTOS/org/Source/tasks.o
                0x080047b4                xTaskGetTickCountFromISR
 .text.uxTaskGetNumberOfTasks
                0x080047d8       0x18 ./ThirdParty/FreeRTOS/org/Source/tasks.o
                0x080047d8                uxTaskGetNumberOfTasks
 .text.xTaskIncrementTick
                0x080047f0      0x23c ./ThirdParty/FreeRTOS/org/Source/tasks.o
                0x080047f0                xTaskIncrementTick
 .text.vTaskSwitchContext
                0x08004a2c       0xd8 ./ThirdParty/FreeRTOS/org/Source/tasks.o
                0x08004a2c                vTaskSwitchContext
 .text.vTaskPlaceOnEventList
                0x08004b04       0x4c ./ThirdParty/FreeRTOS/org/Source/tasks.o
                0x08004b04                vTaskPlaceOnEventList
 .text.xTaskRemoveFromEventList
                0x08004b50      0x1b8 ./ThirdParty/FreeRTOS/org/Source/tasks.o
                0x08004b50                xTaskRemoveFromEventList
 .text.vTaskInternalSetTimeOutState
                0x08004d08       0x2c ./ThirdParty/FreeRTOS/org/Source/tasks.o
                0x08004d08                vTaskInternalSetTimeOutState
 .text.xTaskCheckForTimeOut
                0x08004d34       0xd0 ./ThirdParty/FreeRTOS/org/Source/tasks.o
                0x08004d34                xTaskCheckForTimeOut
 .text.vTaskMissedYield
                0x08004e04       0x18 ./ThirdParty/FreeRTOS/org/Source/tasks.o
                0x08004e04                vTaskMissedYield
 .text.prvIdleTask
                0x08004e1c       0x30 ./ThirdParty/FreeRTOS/org/Source/tasks.o
 .text.prvInitialiseTaskLists
                0x08004e4c       0x80 ./ThirdParty/FreeRTOS/org/Source/tasks.o
 .text.prvCheckTasksWaitingTermination
                0x08004ecc       0x5c ./ThirdParty/FreeRTOS/org/Source/tasks.o
 .text.prvDeleteTCB
                0x08004f28       0x20 ./ThirdParty/FreeRTOS/org/Source/tasks.o
 .text.prvResetNextTaskUnblockTime
                0x08004f48       0x38 ./ThirdParty/FreeRTOS/org/Source/tasks.o
 .text.xTaskPriorityInherit
                0x08004f80      0x154 ./ThirdParty/FreeRTOS/org/Source/tasks.o
                0x08004f80                xTaskPriorityInherit
 .text.xTaskPriorityDisinherit
                0x080050d4      0x160 ./ThirdParty/FreeRTOS/org/Source/tasks.o
                0x080050d4                xTaskPriorityDisinherit
 .text.vTaskPriorityDisinheritAfterTimeout
                0x08005234      0x18c ./ThirdParty/FreeRTOS/org/Source/tasks.o
                0x08005234                vTaskPriorityDisinheritAfterTimeout
 .text.pvTaskIncrementMutexHeldCount
                0x080053c0       0x30 ./ThirdParty/FreeRTOS/org/Source/tasks.o
                0x080053c0                pvTaskIncrementMutexHeldCount
 .text.prvAddCurrentTaskToDelayedList
                0x080053f0      0x11c ./ThirdParty/FreeRTOS/org/Source/tasks.o
 .text.pxPortInitialiseStack
                0x0800550c       0x68 ./ThirdParty/FreeRTOS/org/Source/portable/GCC/ARM_CM4F/port.o
                0x0800550c                pxPortInitialiseStack
 .text.prvTaskExitError
                0x08005574       0x5c ./ThirdParty/FreeRTOS/org/Source/portable/GCC/ARM_CM4F/port.o
 .text.SVC_Handler
                0x080055d0       0x28 ./ThirdParty/FreeRTOS/org/Source/portable/GCC/ARM_CM4F/port.o
                0x080055d0                SVC_Handler
 .text.prvPortStartFirstTask
                0x080055f8       0x2c ./ThirdParty/FreeRTOS/org/Source/portable/GCC/ARM_CM4F/port.o
 .text.xPortStartScheduler
                0x08005624      0x1e0 ./ThirdParty/FreeRTOS/org/Source/portable/GCC/ARM_CM4F/port.o
                0x08005624                xPortStartScheduler
 .text.vPortEnterCritical
                0x08005804       0x64 ./ThirdParty/FreeRTOS/org/Source/portable/GCC/ARM_CM4F/port.o
                0x08005804                vPortEnterCritical
 .text.vPortExitCritical
                0x08005868       0x54 ./ThirdParty/FreeRTOS/org/Source/portable/GCC/ARM_CM4F/port.o
                0x08005868                vPortExitCritical
 *fill*         0x080058bc        0x4 
 .text.PendSV_Handler
                0x080058c0       0x68 ./ThirdParty/FreeRTOS/org/Source/portable/GCC/ARM_CM4F/port.o
                0x080058c0                PendSV_Handler
 .text.SysTick_Handler
                0x08005928       0x54 ./ThirdParty/FreeRTOS/org/Source/portable/GCC/ARM_CM4F/port.o
                0x08005928                SysTick_Handler
 .text.vPortSetupTimerInterrupt
                0x0800597c       0x48 ./ThirdParty/FreeRTOS/org/Source/portable/GCC/ARM_CM4F/port.o
                0x0800597c                vPortSetupTimerInterrupt
 .text.vPortEnableVFP
                0x080059c4       0x18 ./ThirdParty/FreeRTOS/org/Source/portable/GCC/ARM_CM4F/port.o
 .text.vPortValidateInterruptPriority
                0x080059dc       0x84 ./ThirdParty/FreeRTOS/org/Source/portable/GCC/ARM_CM4F/port.o
                0x080059dc                vPortValidateInterruptPriority
 .text.vSetVarulMaxPRIGROUPValue
                0x08005a60       0xe4 ./ThirdParty/FreeRTOS/org/Source/portable/GCC/ARM_CM4F/port.o
                0x08005a60                vSetVarulMaxPRIGROUPValue
 .text.pvPortMalloc
                0x08005b44      0x264 ./ThirdParty/FreeRTOS/org/Source/portable/MemMang/heap_4.o
                0x08005b44                pvPortMalloc
 .text.vPortFree
                0x08005da8       0xec ./ThirdParty/FreeRTOS/org/Source/portable/MemMang/heap_4.o
                0x08005da8                vPortFree
 .text.prvHeapInit
                0x08005e94       0xb4 ./ThirdParty/FreeRTOS/org/Source/portable/MemMang/heap_4.o
 .text.prvInsertBlockIntoFreeList
                0x08005f48       0xf4 ./ThirdParty/FreeRTOS/org/Source/portable/MemMang/heap_4.o
 .text._cbSendSystemDesc
                0x0800603c       0x1c ./ThirdParty/SEGGER/Config/SEGGER_SYSVIEW_Config_FreeRTOS.o
 .text.SEGGER_SYSVIEW_Conf
                0x08006058       0x2c ./ThirdParty/SEGGER/Config/SEGGER_SYSVIEW_Config_FreeRTOS.o
                0x08006058                SEGGER_SYSVIEW_Conf
 .text._cbSendTaskList
                0x08006084       0x90 ./ThirdParty/SEGGER/OS/SEGGER_SYSVIEW_FreeRTOS.o
 .text._cbGetTime
                0x08006114       0x86 ./ThirdParty/SEGGER/OS/SEGGER_SYSVIEW_FreeRTOS.o
 *fill*         0x0800619a        0x2 
 .text.SYSVIEW_AddTask
                0x0800619c       0xd0 ./ThirdParty/SEGGER/OS/SEGGER_SYSVIEW_FreeRTOS.o
                0x0800619c                SYSVIEW_AddTask
 .text.SYSVIEW_SendTaskInfo
                0x0800626c       0x42 ./ThirdParty/SEGGER/OS/SEGGER_SYSVIEW_FreeRTOS.o
                0x0800626c                SYSVIEW_SendTaskInfo
 *fill*         0x080062ae        0x2 
 .text._DoInit  0x080062b0       0xa4 ./ThirdParty/SEGGER/SEGGER/SEGGER_RTT.o
 .text.SEGGER_RTT_ReadNoLock
                0x08006354      0x104 ./ThirdParty/SEGGER/SEGGER/SEGGER_RTT.o
                0x08006354                SEGGER_RTT_ReadNoLock
 .text.SEGGER_RTT_WriteSkipNoLock
                0x08006458      0x120 ./ThirdParty/SEGGER/SEGGER/SEGGER_RTT.o
                0x08006458                SEGGER_RTT_WriteSkipNoLock
 .text.SEGGER_RTT_ConfigUpBuffer
                0x08006578       0xd4 ./ThirdParty/SEGGER/SEGGER/SEGGER_RTT.o
                0x08006578                SEGGER_RTT_ConfigUpBuffer
 .text.SEGGER_RTT_ConfigDownBuffer
                0x0800664c       0xd4 ./ThirdParty/SEGGER/SEGGER/SEGGER_RTT.o
                0x0800664c                SEGGER_RTT_ConfigDownBuffer
 .text._EncodeStr
                0x08006720       0x9a ./ThirdParty/SEGGER/SEGGER/SEGGER_SYSVIEW.o
 .text._PreparePacket
                0x080067ba       0x18 ./ThirdParty/SEGGER/SEGGER/SEGGER_SYSVIEW.o
 *fill*         0x080067d2        0x2 
 .text._HandleIncomingPacket
                0x080067d4       0xc4 ./ThirdParty/SEGGER/SEGGER/SEGGER_SYSVIEW.o
 .text._TrySendOverflowPacket
                0x08006898       0xe0 ./ThirdParty/SEGGER/SEGGER/SEGGER_SYSVIEW.o
 .text._SendPacket
                0x08006978      0x1a8 ./ThirdParty/SEGGER/SEGGER/SEGGER_SYSVIEW.o
 .text.SEGGER_SYSVIEW_Init
                0x08006b20       0x7c ./ThirdParty/SEGGER/SEGGER/SEGGER_SYSVIEW.o
                0x08006b20                SEGGER_SYSVIEW_Init
 .text.SEGGER_SYSVIEW_SetRAMBase
                0x08006b9c       0x20 ./ThirdParty/SEGGER/SEGGER/SEGGER_SYSVIEW.o
                0x08006b9c                SEGGER_SYSVIEW_SetRAMBase
 .text.SEGGER_SYSVIEW_RecordVoid
                0x08006bbc       0x3c ./ThirdParty/SEGGER/SEGGER/SEGGER_SYSVIEW.o
                0x08006bbc                SEGGER_SYSVIEW_RecordVoid
 .text.SEGGER_SYSVIEW_RecordU32
                0x08006bf8       0x78 ./ThirdParty/SEGGER/SEGGER/SEGGER_SYSVIEW.o
                0x08006bf8                SEGGER_SYSVIEW_RecordU32
 .text.SEGGER_SYSVIEW_RecordU32x2
                0x08006c70       0xb4 ./ThirdParty/SEGGER/SEGGER/SEGGER_SYSVIEW.o
                0x08006c70                SEGGER_SYSVIEW_RecordU32x2
 .text.SEGGER_SYSVIEW_RecordU32x3
                0x08006d24       0xec ./ThirdParty/SEGGER/SEGGER/SEGGER_SYSVIEW.o
                0x08006d24                SEGGER_SYSVIEW_RecordU32x3
 .text.SEGGER_SYSVIEW_RecordU32x4
                0x08006e10      0x124 ./ThirdParty/SEGGER/SEGGER/SEGGER_SYSVIEW.o
                0x08006e10                SEGGER_SYSVIEW_RecordU32x4
 .text.SEGGER_SYSVIEW_Start
                0x08006f34      0x178 ./ThirdParty/SEGGER/SEGGER/SEGGER_SYSVIEW.o
                0x08006f34                SEGGER_SYSVIEW_Start
 .text.SEGGER_SYSVIEW_Stop
                0x080070ac       0x4c ./ThirdParty/SEGGER/SEGGER/SEGGER_SYSVIEW.o
                0x080070ac                SEGGER_SYSVIEW_Stop
 .text.SEGGER_SYSVIEW_GetSysDesc
                0x080070f8      0x134 ./ThirdParty/SEGGER/SEGGER/SEGGER_SYSVIEW.o
                0x080070f8                SEGGER_SYSVIEW_GetSysDesc
 .text.SEGGER_SYSVIEW_SendTaskInfo
                0x0800722c      0x1cc ./ThirdParty/SEGGER/SEGGER/SEGGER_SYSVIEW.o
                0x0800722c                SEGGER_SYSVIEW_SendTaskInfo
 .text.SEGGER_SYSVIEW_SendTaskList
                0x080073f8       0x28 ./ThirdParty/SEGGER/SEGGER/SEGGER_SYSVIEW.o
                0x080073f8                SEGGER_SYSVIEW_SendTaskList
 .text.SEGGER_SYSVIEW_SendSysDesc
                0x08007420       0x48 ./ThirdParty/SEGGER/SEGGER/SEGGER_SYSVIEW.o
                0x08007420                SEGGER_SYSVIEW_SendSysDesc
 .text.SEGGER_SYSVIEW_RecordSystime
                0x08007468       0x64 ./ThirdParty/SEGGER/SEGGER/SEGGER_SYSVIEW.o
                0x08007468                SEGGER_SYSVIEW_RecordSystime
 .text.SEGGER_SYSVIEW_RecordEnterISR
                0x080074cc       0x84 ./ThirdParty/SEGGER/SEGGER/SEGGER_SYSVIEW.o
                0x080074cc                SEGGER_SYSVIEW_RecordEnterISR
 .text.SEGGER_SYSVIEW_RecordExitISR
                0x08007550       0x38 ./ThirdParty/SEGGER/SEGGER/SEGGER_SYSVIEW.o
                0x08007550                SEGGER_SYSVIEW_RecordExitISR
 .text.SEGGER_SYSVIEW_RecordExitISRToScheduler
                0x08007588       0x38 ./ThirdParty/SEGGER/SEGGER/SEGGER_SYSVIEW.o
                0x08007588                SEGGER_SYSVIEW_RecordExitISRToScheduler
 .text.SEGGER_SYSVIEW_OnIdle
                0x080075c0       0x38 ./ThirdParty/SEGGER/SEGGER/SEGGER_SYSVIEW.o
                0x080075c0                SEGGER_SYSVIEW_OnIdle
 .text.SEGGER_SYSVIEW_OnTaskCreate
                0x080075f8       0x88 ./ThirdParty/SEGGER/SEGGER/SEGGER_SYSVIEW.o
                0x080075f8                SEGGER_SYSVIEW_OnTaskCreate
 .text.SEGGER_SYSVIEW_OnTaskStartExec
                0x08007680       0x88 ./ThirdParty/SEGGER/SEGGER/SEGGER_SYSVIEW.o
                0x08007680                SEGGER_SYSVIEW_OnTaskStartExec
 .text.SEGGER_SYSVIEW_OnTaskStartReady
                0x08007708       0x88 ./ThirdParty/SEGGER/SEGGER/SEGGER_SYSVIEW.o
                0x08007708                SEGGER_SYSVIEW_OnTaskStartReady
 .text.SEGGER_SYSVIEW_OnTaskStopReady
                0x08007790       0xc0 ./ThirdParty/SEGGER/SEGGER/SEGGER_SYSVIEW.o
                0x08007790                SEGGER_SYSVIEW_OnTaskStopReady
 .text.SEGGER_SYSVIEW_ShrinkId
                0x08007850       0x24 ./ThirdParty/SEGGER/SEGGER/SEGGER_SYSVIEW.o
                0x08007850                SEGGER_SYSVIEW_ShrinkId
 .text.SEGGER_SYSVIEW_SendModule
                0x08007874      0x100 ./ThirdParty/SEGGER/SEGGER/SEGGER_SYSVIEW.o
                0x08007874                SEGGER_SYSVIEW_SendModule
 .text.SEGGER_SYSVIEW_SendModuleDescription
                0x08007974       0x3c ./ThirdParty/SEGGER/SEGGER/SEGGER_SYSVIEW.o
                0x08007974                SEGGER_SYSVIEW_SendModuleDescription
 .text.SEGGER_SYSVIEW_SendNumModules
                0x080079b0       0x7c ./ThirdParty/SEGGER/SEGGER/SEGGER_SYSVIEW.o
                0x080079b0                SEGGER_SYSVIEW_SendNumModules
 .text.SEGGER_SYSVIEW_Warn
                0x08007a2c       0xb8 ./ThirdParty/SEGGER/SEGGER/SEGGER_SYSVIEW.o
                0x08007a2c                SEGGER_SYSVIEW_Warn
 .text.memcmp   0x08007ae4       0x20 /Applications/STM32CubeIDE.app/Contents/Eclipse/plugins/com.st.stm32cube.ide.mcu.externaltools.gnu-tools-for-stm32.13.3.rel1.macos64_1.0.100.202509120712/tools/bin/../lib/gcc/arm-none-eabi/13.3.1/../../../../arm-none-eabi/lib/thumb/v7e-m+fp/hard/libc_nano.a(libc_a-memcmp.o)
                0x08007ae4                memcmp
 .text.memset   0x08007b04       0x10 /Applications/STM32CubeIDE.app/Contents/Eclipse/plugins/com.st.stm32cube.ide.mcu.externaltools.gnu-tools-for-stm32.13.3.rel1.macos64_1.0.100.202509120712/tools/bin/../lib/gcc/arm-none-eabi/13.3.1/../../../../arm-none-eabi/lib/thumb/v7e-m+fp/hard/libc_nano.a(libc_a-memset.o)
                0x08007b04                memset
 .text.__libc_init_array
                0x08007b14       0x48 /Applications/STM32CubeIDE.app/Contents/Eclipse/plugins/com.st.stm32cube.ide.mcu.externaltools.gnu-tools-for-stm32.13.3.rel1.macos64_1.0.100.202509120712/tools/bin/../lib/gcc/arm-none-eabi/13.3.1/../../../../arm-none-eabi/lib/thumb/v7e-m+fp/hard/libc_nano.a(libc_a-init.o)
                0x08007b14                __libc_init_array
 .text.memcpy   0x08007b5c       0x1c /Applications/STM32CubeIDE.app/Contents/Eclipse/plugins/com.st.stm32cube.ide.mcu.externaltools.gnu-tools-for-stm32.13.3.rel1.macos64_1.0.100.202509120712/tools/bin/../lib/gcc/arm-none-eabi/13.3.1/../../../../arm-none-eabi/lib/thumb/v7e-m+fp/hard/libc_nano.a(libc_a-memcpy-stub.o)
                0x08007b5c                memcpy
 .text.atan2f   0x08007b78        0x4 /Applications/STM32CubeIDE.app/Contents/Eclipse/plugins/com.st.stm32cube.ide.mcu.externaltools.gnu-tools-for-stm32.13.3.rel1.macos64_1.0.100.202509120712/tools/bin/../lib/gcc/arm-none-eabi/13.3.1/../../../../arm-none-eabi/lib/thumb/v7e-m+fp/hard/libm.a(libm_a-wf_atan2.o)
                0x08007b78                atan2f
 .text.__ieee754_atan2f
                0x08007b7c      0x140 /Applications/STM32CubeIDE.app/Contents/Eclipse/plugins/com.st.stm32cube.ide.mcu.externaltools.gnu-tools-for-stm32.13.3.rel1.macos64_1.0.100.202509120712/tools/bin/../lib/gcc/arm-none-eabi/13.3.1/../../../../arm-none-eabi/lib/thumb/v7e-m+fp/hard/libm.a(libm_a-ef_atan2.o)
                0x08007b7c                __ieee754_atan2f
 .text.atanf    0x08007cbc      0x1a8 /Applications/STM32CubeIDE.app/Contents/Eclipse/plugins/com.st.stm32cube.ide.mcu.externaltools.gnu-tools-for-stm32.13.3.rel1.macos64_1.0.100.202509120712/tools/bin/../lib/gcc/arm-none-eabi/13.3.1/../../../../arm-none-eabi/lib/thumb/v7e-m+fp/hard/libm.a(libm_a-sf_atan.o)
                0x08007cbc                atanf
 .text.fabsf    0x08007e64        0xe /Applications/STM32CubeIDE.app/Contents/Eclipse/plugins/com.st.stm32cube.ide.mcu.externaltools.gnu-tools-for-stm32.13.3.rel1.macos64_1.0.100.202509120712/tools/bin/../lib/gcc/arm-none-eabi/13.3.1/../../../../arm-none-eabi/lib/thumb/v7e-m+fp/hard/libm.a(libm_a-sf_fabs.o)
                0x08007e64                fabsf
 *(.glue_7)
 .glue_7        0x08007e72        0x0 linker stubs
 *(.glue_7t)
 .glue_7t       0x08007e72        0x0 linker stubs
 *(.eh_frame)
 *fill*         0x08007e72        0x2 
 .eh_frame      0x08007e74        0x0 /Applications/STM32CubeIDE.app/Contents/Eclipse/plugins/com.st.stm32cube.ide.mcu.externaltools.gnu-tools-for-stm32.13.3.rel1.macos64_1.0.100.202509120712/tools/bin/../lib/gcc/arm-none-eabi/13.3.1/thumb/v7e-m+fp/hard/crtbegin.o
 *(.init)
 .init          0x08007e74        0x4 /Applications/STM32CubeIDE.app/Contents/Eclipse/plugins/com.st.stm32cube.ide.mcu.externaltools.gnu-tools-for-stm32.13.3.rel1.macos64_1.0.100.202509120712/tools/bin/../lib/gcc/arm-none-eabi/13.3.1/thumb/v7e-m+fp/hard/crti.o
                0x08007e74                _init
 .init          0x08007e78        0x8 /Applications/STM32CubeIDE.app/Contents/Eclipse/plugins/com.st.stm32cube.ide.mcu.externaltools.gnu-tools-for-stm32.13.3.rel1.macos64_1.0.100.202509120712/tools/bin/../lib/gcc/arm-none-eabi/13.3.1/thumb/v7e-m+fp/hard/crtn.o
 *(.fini)
 .fini          0x08007e80        0x4 /Applications/STM32CubeIDE.app/Contents/Eclipse/plugins/com.st.stm32cube.ide.mcu.externaltools.gnu-tools-for-stm32.13.3.rel1.macos64_1.0.100.202509120712/tools/bin/../lib/gcc/arm-none-eabi/13.3.1/thumb/v7e-m+fp/hard/crti.o
                0x08007e80                _fini
 .fini          0x08007e84        0x8 /Applications/STM32CubeIDE.app/Contents/Eclipse/plugins/com.st.stm32cube.ide.mcu.externaltools.gnu-tools-for-stm32.13.3.rel1.macos64_1.0.100.202509120712/tools/bin/../lib/gcc/arm-none-eabi/13.3.1/thumb/v7e-m+fp/hard/crtn.o
                0x08007e8c                        . = ALIGN (0x4)
                0x08007e8c                        _etext = .

.vfp11_veneer   0x08007e8c        0x0
 .vfp11_veneer  0x08007e8c        0x0 linker stubs

.v4_bx          0x08007e8c        0x0
 .v4_bx         0x08007e8c        0x0 linker stubs

.iplt           0x08007e8c        0x0
 .iplt          0x08007e8c        0x0 /Applications/STM32CubeIDE.app/Contents/Eclipse/plugins/com.st.stm32cube.ide.mcu.externaltools.gnu-tools-for-stm32.13.3.rel1.macos64_1.0.100.202509120712/tools/bin/../lib/gcc/arm-none-eabi/13.3.1/thumb/v7e-m+fp/hard/crtbegin.o

.rodata         0x08007e8c      0x1a8
                0x08007e8c                        . = ALIGN (0x4)
 *(.rodata)
 .rodata        0x08007e8c       0x77 ./Core/Src/main.o
 *fill*         0x08007f03        0x1 
 .rodata        0x08007f04        0x5 ./ThirdParty/FreeRTOS/org/Source/tasks.o
 *fill*         0x08007f09        0x3 
 .rodata        0x08007f0c       0x45 ./ThirdParty/SEGGER/Config/SEGGER_SYSVIEW_Config_FreeRTOS.o
 *fill*         0x08007f51        0x3 
 .rodata        0x08007f54       0x58 ./ThirdParty/SEGGER/OS/SEGGER_SYSVIEW_FreeRTOS.o
 .rodata        0x08007fac       0x17 ./ThirdParty/SEGGER/SEGGER/SEGGER_RTT.o
 *fill*         0x08007fc3        0x1 
 .rodata        0x08007fc4        0x8 ./ThirdParty/SEGGER/SEGGER/SEGGER_SYSVIEW.o
 *(.rodata*)
 .rodata.AHBPrescTable
                0x08007fcc       0x10 ./Core/Src/system_stm32f4xx.o
                0x08007fcc                AHBPrescTable
 .rodata.APBPrescTable
                0x08007fdc        0x8 ./Core/Src/system_stm32f4xx.o
                0x08007fdc                APBPrescTable
 .rodata.uxTopUsedPriority
                0x08007fe4        0x4 ./ThirdParty/FreeRTOS/org/Source/tasks.o
 .rodata.SYSVIEW_X_OS_TraceAPI
                0x08007fe8        0x8 ./ThirdParty/SEGGER/OS/SEGGER_SYSVIEW_FreeRTOS.o
                0x08007fe8                SYSVIEW_X_OS_TraceAPI
 .rodata._abSync
                0x08007ff0        0xa ./ThirdParty/SEGGER/SEGGER/SEGGER_SYSVIEW.o
 *fill*         0x08007ffa        0x2 
 .rodata.CSWTCH.9
                0x08007ffc        0xc /Applications/STM32CubeIDE.app/Contents/Eclipse/plugins/com.st.stm32cube.ide.mcu.externaltools.gnu-tools-for-stm32.13.3.rel1.macos64_1.0.100.202509120712/tools/bin/../lib/gcc/arm-none-eabi/13.3.1/../../../../arm-none-eabi/lib/thumb/v7e-m+fp/hard/libm.a(libm_a-ef_atan2.o)
 .rodata.CSWTCH.8
                0x08008008        0xc /Applications/STM32CubeIDE.app/Contents/Eclipse/plugins/com.st.stm32cube.ide.mcu.externaltools.gnu-tools-for-stm32.13.3.rel1.macos64_1.0.100.202509120712/tools/bin/../lib/gcc/arm-none-eabi/13.3.1/../../../../arm-none-eabi/lib/thumb/v7e-m+fp/hard/libm.a(libm_a-ef_atan2.o)
 .rodata.atanlo
                0x08008014       0x10 /Applications/STM32CubeIDE.app/Contents/Eclipse/plugins/com.st.stm32cube.ide.mcu.externaltools.gnu-tools-for-stm32.13.3.rel1.macos64_1.0.100.202509120712/tools/bin/../lib/gcc/arm-none-eabi/13.3.1/../../../../arm-none-eabi/lib/thumb/v7e-m+fp/hard/libm.a(libm_a-sf_atan.o)
 .rodata.atanhi
                0x08008024       0x10 /Applications/STM32CubeIDE.app/Contents/Eclipse/plugins/com.st.stm32cube.ide.mcu.externaltools.gnu-tools-for-stm32.13.3.rel1.macos64_1.0.100.202509120712/tools/bin/../lib/gcc/arm-none-eabi/13.3.1/../../../../arm-none-eabi/lib/thumb/v7e-m+fp/hard/libm.a(libm_a-sf_atan.o)
                0x08008034                        . = ALIGN (0x4)

.ARM.extab      0x08008034        0x0
                0x08008034                        . = ALIGN (0x4)
 *(.ARM.extab* .gnu.linkonce.armextab.*)
                0x08008034                        . = ALIGN (0x4)

.ARM            0x08008034        0x8
                0x08008034                        . = ALIGN (0x4)
                0x08008034                        __exidx_start = .
 *(.ARM.exidx*)
 .ARM.exidx     0x08008034        0x8 /Applications/STM32CubeIDE.app/Contents/Eclipse/plugins/com.st.stm32cube.ide.mcu.externaltools.gnu-tools-for-stm32.13.3.rel1.macos64_1.0.100.202509120712/tools/bin/../lib/gcc/arm-none-eabi/13.3.1/thumb/v7e-m+fp/hard/libgcc.a(_udivmoddi4.o)
                0x0800803c                        __exidx_end = .
                0x0800803c                        . = ALIGN (0x4)

.preinit_array  0x0800803c        0x0
                0x0800803c                        . = ALIGN (0x4)
                0x0800803c                        PROVIDE (__preinit_array_start = .)
 *(.preinit_array*)
                0x0800803c                        PROVIDE (__preinit_array_end = .)
                0x0800803c                        . = ALIGN (0x4)

.init_array     0x0800803c        0x4
                0x0800803c                        . = ALIGN (0x4)
                0x0800803c                        PROVIDE (__init_array_start = .)
 *(SORT_BY_NAME(.init_array.*))
 *(.init_array*)
 .init_array    0x0800803c        0x4 /Applications/STM32CubeIDE.app/Contents/Eclipse/plugins/com.st.stm32cube.ide.mcu.externaltools.gnu-tools-for-stm32.13.3.rel1.macos64_1.0.100.202509120712/tools/bin/../lib/gcc/arm-none-eabi/13.3.1/thumb/v7e-m+fp/hard/crtbegin.o
                0x08008040                        PROVIDE (__init_array_end = .)
                0x08008040                        . = ALIGN (0x4)

.fini_array     0x08008040        0x4
                0x08008040                        . = ALIGN (0x4)
                [!provide]                        PROVIDE (__fini_array_start = .)
 *(SORT_BY_NAME(.fini_array.*))
 *(.fini_array*)
 .fini_array    0x08008040        0x4 /Applications/STM32CubeIDE.app/Contents/Eclipse/plugins/com.st.stm32cube.ide.mcu.externaltools.gnu-tools-for-stm32.13.3.rel1.macos64_1.0.100.202509120712/tools/bin/../lib/gcc/arm-none-eabi/13.3.1/thumb/v7e-m+fp/hard/crtbegin.o
                [!provide]                        PROVIDE (__fini_array_end = .)
                0x08008044                        . = ALIGN (0x4)
                0x08008044                        _sidata = LOADADDR (.data)

.rel.dyn        0x08008044        0x0
 .rel.iplt      0x08008044        0x0 /Applications/STM32CubeIDE.app/Contents/Eclipse/plugins/com.st.stm32cube.ide.mcu.externaltools.gnu-tools-for-stm32.13.3.rel1.macos64_1.0.100.202509120712/tools/bin/../lib/gcc/arm-none-eabi/13.3.1/thumb/v7e-m+fp/hard/crtbegin.o

.data           0x20000000       0x14 load address 0x08008044
                0x20000000                        . = ALIGN (0x4)
                0x20000000                        _sdata = .
 *(.data)
 *(.data*)
 .data.Current_Event
                0x20000000        0x1 ./Core/Src/main.o
                0x20000000                Current_Event
 .data.Next_Event
                0x20000001        0x1 ./Core/Src/main.o
                0x20000001                Next_Event
 *fill*         0x20000002        0x2 
 .data.SystemCoreClock
                0x20000004        0x4 ./Core/Src/system_stm32f4xx.o
                0x20000004                SystemCoreClock
 .data.uwTickPrio
                0x20000008        0x4 ./Drivers/STM32F4xx_HAL_Driver/Src/stm32f4xx_hal.o
                0x20000008                uwTickPrio
 .data.uwTickFreq
                0x2000000c        0x1 ./Drivers/STM32F4xx_HAL_Driver/Src/stm32f4xx_hal.o
                0x2000000c                uwTickFreq
 *fill*         0x2000000d        0x3 
 .data.uxCriticalNesting
                0x20000010        0x4 ./ThirdParty/FreeRTOS/org/Source/portable/GCC/ARM_CM4F/port.o
 *(.RamFunc)
 *(.RamFunc*)
                0x20000014                        . = ALIGN (0x4)
                0x20000014                        _edata = .

.igot.plt       0x20000014        0x0 load address 0x08008058
 .igot.plt      0x20000014        0x0 /Applications/STM32CubeIDE.app/Contents/Eclipse/plugins/com.st.stm32cube.ide.mcu.externaltools.gnu-tools-for-stm32.13.3.rel1.macos64_1.0.100.202509120712/tools/bin/../lib/gcc/arm-none-eabi/13.3.1/thumb/v7e-m+fp/hard/crtbegin.o
                0x20000014                        . = ALIGN (0x4)

.bss            0x20000014    0x17498 load address 0x08008058
                0x20000014                        _sbss = .
                0x20000014                        __bss_start__ = _sbss
 *(.bss)
 .bss           0x20000014       0x1c /Applications/STM32CubeIDE.app/Contents/Eclipse/plugins/com.st.stm32cube.ide.mcu.externaltools.gnu-tools-for-stm32.13.3.rel1.macos64_1.0.100.202509120712/tools/bin/../lib/gcc/arm-none-eabi/13.3.1/thumb/v7e-m+fp/hard/crtbegin.o
 *(.bss*)
 .bss.huart2    0x20000030       0x48 ./Core/Src/main.o
                0x20000030                huart2
 .bss.Task1Handle
                0x20000078        0x4 ./Core/Src/main.o
                0x20000078                Task1Handle
 .bss.Task2Handle
                0x2000007c        0x4 ./Core/Src/main.o
                0x2000007c                Task2Handle
 .bss.Task3Handle
                0x20000080        0x4 ./Core/Src/main.o
                0x20000080                Task3Handle
 .bss.Task4Handle
                0x20000084        0x4 ./Core/Src/main.o
                0x20000084                Task4Handle
 .bss.System_State
                0x20000088        0x1 ./Core/Src/main.o
                0x20000088                System_State
 .bss.is_led_blinking
                0x20000089        0x1 ./Core/Src/main.o
                0x20000089                is_led_blinking
 *fill*         0x2000008a        0x2 
 .bss.current_angle
                0x2000008c        0x4 ./Core/Src/main.o
                0x2000008c                current_angle
 .bss.referans_angle
                0x20000090        0x4 ./Core/Src/main.o
                0x20000090                referans_angle
 .bss.error     0x20000094        0x4 ./Core/Src/main.o
                0x20000094                error
 .bss.BtnEvents_Queue
                0x20000098        0x4 ./Core/Src/main.o
                0x20000098                BtnEvents_Queue
 .bss.BtnSmphr_sysOn
                0x2000009c        0x4 ./Core/Src/main.o
                0x2000009c                BtnSmphr_sysOn
 .bss.BtnSmphr_sysOff
                0x200000a0        0x4 ./Core/Src/main.o
                0x200000a0                BtnSmphr_sysOff
 .bss.BtnSmphr_sysRef_start
                0x200000a4        0x4 ./Core/Src/main.o
                0x200000a4                BtnSmphr_sysRef_start
 .bss.BtnSmphr_sysRef_stop
                0x200000a8        0x4 ./Core/Src/main.o
                0x200000a8                BtnSmphr_sysRef_stop
 .bss.LedBlinker
                0x200000ac        0x4 ./Core/Src/main.o
                0x200000ac                LedBlinker
 .bss.htim1     0x200000b0       0x48 ./Core/Src/stm32f4xx_hal_timebase_tim.o
                0x200000b0                htim1
 .bss.is_ref_start
                0x200000f8        0x1 ./Drivers/Modules/GPIO_Driver.o
                0x200000f8                is_ref_start
 *fill*         0x200000f9        0x1 
 .bss.accelX    0x200000fa        0x2 ./Drivers/Modules/MPU_6050_Driver.o
                0x200000fa                accelX
 .bss.accelY    0x200000fc        0x2 ./Drivers/Modules/MPU_6050_Driver.o
                0x200000fc                accelY
 .bss.accelZ    0x200000fe        0x2 ./Drivers/Modules/MPU_6050_Driver.o
                0x200000fe                accelZ
 .bss.buffer    0x20000100        0x6 ./Drivers/Modules/MPU_6050_Driver.o
                0x20000100                buffer
 *fill*         0x20000106        0x2 
 .bss.uwTick    0x20000108        0x4 ./Drivers/STM32F4xx_HAL_Driver/Src/stm32f4xx_hal.o
                0x20000108                uwTick
 .bss.pxCurrentTCB
                0x2000010c        0x4 ./ThirdParty/FreeRTOS/org/Source/tasks.o
                0x2000010c                pxCurrentTCB
 .bss.pxReadyTasksLists
                0x20000110       0x64 ./ThirdParty/FreeRTOS/org/Source/tasks.o
 .bss.xDelayedTaskList1
                0x20000174       0x14 ./ThirdParty/FreeRTOS/org/Source/tasks.o
 .bss.xDelayedTaskList2
                0x20000188       0x14 ./ThirdParty/FreeRTOS/org/Source/tasks.o
 .bss.pxDelayedTaskList
                0x2000019c        0x4 ./ThirdParty/FreeRTOS/org/Source/tasks.o
 .bss.pxOverflowDelayedTaskList
                0x200001a0        0x4 ./ThirdParty/FreeRTOS/org/Source/tasks.o
 .bss.xPendingReadyList
                0x200001a4       0x14 ./ThirdParty/FreeRTOS/org/Source/tasks.o
 .bss.xTasksWaitingTermination
                0x200001b8       0x14 ./ThirdParty/FreeRTOS/org/Source/tasks.o
 .bss.uxDeletedTasksWaitingCleanUp
                0x200001cc        0x4 ./ThirdParty/FreeRTOS/org/Source/tasks.o
 .bss.xSuspendedTaskList
                0x200001d0       0x14 ./ThirdParty/FreeRTOS/org/Source/tasks.o
 .bss.uxCurrentNumberOfTasks
                0x200001e4        0x4 ./ThirdParty/FreeRTOS/org/Source/tasks.o
 .bss.xTickCount
                0x200001e8        0x4 ./ThirdParty/FreeRTOS/org/Source/tasks.o
 .bss.uxTopReadyPriority
                0x200001ec        0x4 ./ThirdParty/FreeRTOS/org/Source/tasks.o
 .bss.xSchedulerRunning
                0x200001f0        0x4 ./ThirdParty/FreeRTOS/org/Source/tasks.o
 .bss.xPendedTicks
                0x200001f4        0x4 ./ThirdParty/FreeRTOS/org/Source/tasks.o
 .bss.xYieldPendings
                0x200001f8        0x4 ./ThirdParty/FreeRTOS/org/Source/tasks.o
 .bss.xNumOfOverflows
                0x200001fc        0x4 ./ThirdParty/FreeRTOS/org/Source/tasks.o
 .bss.uxTaskNumber
                0x20000200        0x4 ./ThirdParty/FreeRTOS/org/Source/tasks.o
 .bss.xNextTaskUnblockTime
                0x20000204        0x4 ./ThirdParty/FreeRTOS/org/Source/tasks.o
 .bss.xIdleTaskHandles
                0x20000208        0x4 ./ThirdParty/FreeRTOS/org/Source/tasks.o
 .bss.uxSchedulerSuspended
                0x2000020c        0x4 ./ThirdParty/FreeRTOS/org/Source/tasks.o
 .bss.ucMaxSysCallPriority
                0x20000210        0x1 ./ThirdParty/FreeRTOS/org/Source/portable/GCC/ARM_CM4F/port.o
 *fill*         0x20000211        0x3 
 .bss.ulMaxPRIGROUPValue
                0x20000214        0x4 ./ThirdParty/FreeRTOS/org/Source/portable/GCC/ARM_CM4F/port.o
 .bss.ucHeap    0x20000218    0x12c00 ./ThirdParty/FreeRTOS/org/Source/portable/MemMang/heap_4.o
 .bss.xStart    0x20012e18        0x8 ./ThirdParty/FreeRTOS/org/Source/portable/MemMang/heap_4.o
 .bss.pxEnd     0x20012e20        0x4 ./ThirdParty/FreeRTOS/org/Source/portable/MemMang/heap_4.o
 .bss.xFreeBytesRemaining
                0x20012e24        0x4 ./ThirdParty/FreeRTOS/org/Source/portable/MemMang/heap_4.o
 .bss.xMinimumEverFreeBytesRemaining
                0x20012e28        0x4 ./ThirdParty/FreeRTOS/org/Source/portable/MemMang/heap_4.o
 .bss.xNumberOfSuccessfulAllocations
                0x20012e2c        0x4 ./ThirdParty/FreeRTOS/org/Source/portable/MemMang/heap_4.o
 .bss.xNumberOfSuccessfulFrees
                0x20012e30        0x4 ./ThirdParty/FreeRTOS/org/Source/portable/MemMang/heap_4.o
 .bss._aTasks   0x20012e34       0xa0 ./ThirdParty/SEGGER/OS/SEGGER_SYSVIEW_FreeRTOS.o
 .bss._NumTasks
                0x20012ed4        0x4 ./ThirdParty/SEGGER/OS/SEGGER_SYSVIEW_FreeRTOS.o
 .bss._SEGGER_RTT
                0x20012ed8       0xa8 ./ThirdParty/SEGGER/SEGGER/SEGGER_RTT.o
                0x20012ed8                _SEGGER_RTT
 .bss._acUpBuffer
                0x20012f80      0x400 ./ThirdParty/SEGGER/SEGGER/SEGGER_RTT.o
 .bss._acDownBuffer
                0x20013380       0x10 ./ThirdParty/SEGGER/SEGGER/SEGGER_RTT.o
 .bss._UpBuffer
                0x20013390     0x4000 ./ThirdParty/SEGGER/SEGGER/SEGGER_SYSVIEW.o
 .bss._DownBuffer
                0x20017390        0x8 ./ThirdParty/SEGGER/SEGGER/SEGGER_SYSVIEW.o
 .bss._SYSVIEW_Globals
                0x20017398       0x28 ./ThirdParty/SEGGER/SEGGER/SEGGER_SYSVIEW.o
 .bss._pFirstModule
                0x200173c0        0x4 ./ThirdParty/SEGGER/SEGGER/SEGGER_SYSVIEW.o
 .bss._NumModules
                0x200173c4        0x1 ./ThirdParty/SEGGER/SEGGER/SEGGER_SYSVIEW.o
 *fill*         0x200173c5        0x3 
 .bss._aPacket  0x200173c8       0xe3 ./ThirdParty/SEGGER/SEGGER/SEGGER_SYSVIEW.o
 *(COMMON)
                0x200174ac                        . = ALIGN (0x4)
 *fill*         0x200174ab        0x1 
                0x200174ac                        _ebss = .
                0x200174ac                        __bss_end__ = _ebss

._user_heap_stack
                0x200174ac      0x604 load address 0x08008058
                0x200174b0                        . = ALIGN (0x8)
 *fill*         0x200174ac        0x4 
                [!provide]                        PROVIDE (end = .)
                0x200174b0                        PROVIDE (_end = .)
                0x200176b0                        . = (. + _Min_Heap_Size)
 *fill*         0x200174b0      0x200 
                0x20017ab0                        . = (. + _Min_Stack_Size)
 *fill*         0x200176b0      0x400 
                0x20017ab0                        . = ALIGN (0x8)

/DISCARD/
 libc.a(*)
 libm.a(*)
 libgcc.a(*)

.ARM.attributes
                0x00000000       0x30
 *(.ARM.attributes)
 .ARM.attributes
                0x00000000       0x22 /Applications/STM32CubeIDE.app/Contents/Eclipse/plugins/com.st.stm32cube.ide.mcu.externaltools.gnu-tools-for-stm32.13.3.rel1.macos64_1.0.100.202509120712/tools/bin/../lib/gcc/arm-none-eabi/13.3.1/thumb/v7e-m+fp/hard/crti.o
 .ARM.attributes
                0x00000022       0x34 /Applications/STM32CubeIDE.app/Contents/Eclipse/plugins/com.st.stm32cube.ide.mcu.externaltools.gnu-tools-for-stm32.13.3.rel1.macos64_1.0.100.202509120712/tools/bin/../lib/gcc/arm-none-eabi/13.3.1/thumb/v7e-m+fp/hard/crtbegin.o
 .ARM.attributes
                0x00000056       0x34 ./Core/Src/main.o
 .ARM.attributes
                0x0000008a       0x34 ./Core/Src/stm32f4xx_hal_msp.o
 .ARM.attributes
                0x000000be       0x34 ./Core/Src/stm32f4xx_hal_timebase_tim.o
 .ARM.attributes
                0x000000f2       0x34 ./Core/Src/stm32f4xx_it.o
 .ARM.attributes
                0x00000126       0x34 ./Core/Src/system_stm32f4xx.o
 .ARM.attributes
                0x0000015a       0x21 ./Core/Startup/startup_stm32f411retx.o
 .ARM.attributes
                0x0000017b       0x34 ./Drivers/Modules/GPIO_Driver.o
 .ARM.attributes
                0x000001af       0x34 ./Drivers/Modules/I2C_Driver.o
 .ARM.attributes
                0x000001e3       0x34 ./Drivers/Modules/MPU_6050_Driver.o
 .ARM.attributes
                0x00000217       0x34 ./Drivers/Modules/TimerDriver.o
 .ARM.attributes
                0x0000024b       0x34 ./Drivers/STM32F4xx_HAL_Driver/Src/stm32f4xx_hal.o
 .ARM.attributes
                0x0000027f       0x34 ./Drivers/STM32F4xx_HAL_Driver/Src/stm32f4xx_hal_cortex.o
 .ARM.attributes
                0x000002b3       0x34 ./Drivers/STM32F4xx_HAL_Driver/Src/stm32f4xx_hal_gpio.o
 .ARM.attributes
                0x000002e7       0x34 ./Drivers/STM32F4xx_HAL_Driver/Src/stm32f4xx_hal_rcc.o
 .ARM.attributes
                0x0000031b       0x34 ./Drivers/STM32F4xx_HAL_Driver/Src/stm32f4xx_hal_tim.o
 .ARM.attributes
                0x0000034f       0x34 ./Drivers/STM32F4xx_HAL_Driver/Src/stm32f4xx_hal_tim_ex.o
 .ARM.attributes
                0x00000383       0x34 ./Drivers/STM32F4xx_HAL_Driver/Src/stm32f4xx_hal_uart.o
 .ARM.attributes
                0x000003b7       0x34 ./ThirdParty/FreeRTOS/org/Source/list.o
 .ARM.attributes
                0x000003eb       0x34 ./ThirdParty/FreeRTOS/org/Source/queue.o
 .ARM.attributes
                0x0000041f       0x34 ./ThirdParty/FreeRTOS/org/Source/tasks.o
 .ARM.attributes
                0x00000453       0x34 ./ThirdParty/FreeRTOS/org/Source/portable/GCC/ARM_CM4F/port.o
 .ARM.attributes
                0x00000487       0x34 ./ThirdParty/FreeRTOS/org/Source/portable/MemMang/heap_4.o
 .ARM.attributes
                0x000004bb       0x34 ./ThirdParty/SEGGER/Config/SEGGER_SYSVIEW_Config_FreeRTOS.o
 .ARM.attributes
                0x000004ef       0x34 ./ThirdParty/SEGGER/OS/SEGGER_SYSVIEW_FreeRTOS.o
 .ARM.attributes
                0x00000523       0x34 ./ThirdParty/SEGGER/SEGGER/SEGGER_RTT.o
 .ARM.attributes
                0x00000557       0x34 ./ThirdParty/SEGGER/SEGGER/SEGGER_SYSVIEW.o
 .ARM.attributes
                0x0000058b       0x34 /Applications/STM32CubeIDE.app/Contents/Eclipse/plugins/com.st.stm32cube.ide.mcu.externaltools.gnu-tools-for-stm32.13.3.rel1.macos64_1.0.100.202509120712/tools/bin/../lib/gcc/arm-none-eabi/13.3.1/../../../../arm-none-eabi/lib/thumb/v7e-m+fp/hard/libc_nano.a(libc_a-memcmp.o)
 .ARM.attributes
                0x000005bf       0x34 /Applications/STM32CubeIDE.app/Contents/Eclipse/plugins/com.st.stm32cube.ide.mcu.externaltools.gnu-tools-for-stm32.13.3.rel1.macos64_1.0.100.202509120712/tools/bin/../lib/gcc/arm-none-eabi/13.3.1/../../../../arm-none-eabi/lib/thumb/v7e-m+fp/hard/libc_nano.a(libc_a-memset.o)
 .ARM.attributes
                0x000005f3       0x34 /Applications/STM32CubeIDE.app/Contents/Eclipse/plugins/com.st.stm32cube.ide.mcu.externaltools.gnu-tools-for-stm32.13.3.rel1.macos64_1.0.100.202509120712/tools/bin/../lib/gcc/arm-none-eabi/13.3.1/../../../../arm-none-eabi/lib/thumb/v7e-m+fp/hard/libc_nano.a(libc_a-init.o)
 .ARM.attributes
                0x00000627       0x34 /Applications/STM32CubeIDE.app/Contents/Eclipse/plugins/com.st.stm32cube.ide.mcu.externaltools.gnu-tools-for-stm32.13.3.rel1.macos64_1.0.100.202509120712/tools/bin/../lib/gcc/arm-none-eabi/13.3.1/../../../../arm-none-eabi/lib/thumb/v7e-m+fp/hard/libc_nano.a(libc_a-memcpy-stub.o)
 .ARM.attributes
                0x0000065b       0x34 /Applications/STM32CubeIDE.app/Contents/Eclipse/plugins/com.st.stm32cube.ide.mcu.externaltools.gnu-tools-for-stm32.13.3.rel1.macos64_1.0.100.202509120712/tools/bin/../lib/gcc/arm-none-eabi/13.3.1/../../../../arm-none-eabi/lib/thumb/v7e-m+fp/hard/libm.a(libm_a-wf_atan2.o)
 .ARM.attributes
                0x0000068f       0x34 /Applications/STM32CubeIDE.app/Contents/Eclipse/plugins/com.st.stm32cube.ide.mcu.externaltools.gnu-tools-for-stm32.13.3.rel1.macos64_1.0.100.202509120712/tools/bin/../lib/gcc/arm-none-eabi/13.3.1/../../../../arm-none-eabi/lib/thumb/v7e-m+fp/hard/libm.a(libm_a-ef_atan2.o)
 .ARM.attributes
                0x000006c3       0x34 /Applications/STM32CubeIDE.app/Contents/Eclipse/plugins/com.st.stm32cube.ide.mcu.externaltools.gnu-tools-for-stm32.13.3.rel1.macos64_1.0.100.202509120712/tools/bin/../lib/gcc/arm-none-eabi/13.3.1/../../../../arm-none-eabi/lib/thumb/v7e-m+fp/hard/libm.a(libm_a-sf_atan.o)
 .ARM.attributes
                0x000006f7       0x34 /Applications/STM32CubeIDE.app/Contents/Eclipse/plugins/com.st.stm32cube.ide.mcu.externaltools.gnu-tools-for-stm32.13.3.rel1.macos64_1.0.100.202509120712/tools/bin/../lib/gcc/arm-none-eabi/13.3.1/../../../../arm-none-eabi/lib/thumb/v7e-m+fp/hard/libm.a(libm_a-sf_fabs.o)
 .ARM.attributes
                0x0000072b       0x22 /Applications/STM32CubeIDE.app/Contents/Eclipse/plugins/com.st.stm32cube.ide.mcu.externaltools.gnu-tools-for-stm32.13.3.rel1.macos64_1.0.100.202509120712/tools/bin/../lib/gcc/arm-none-eabi/13.3.1/thumb/v7e-m+fp/hard/libgcc.a(_aeabi_uldivmod.o)
 .ARM.attributes
                0x0000074d       0x34 /Applications/STM32CubeIDE.app/Contents/Eclipse/plugins/com.st.stm32cube.ide.mcu.externaltools.gnu-tools-for-stm32.13.3.rel1.macos64_1.0.100.202509120712/tools/bin/../lib/gcc/arm-none-eabi/13.3.1/thumb/v7e-m+fp/hard/libgcc.a(_udivmoddi4.o)
 .ARM.attributes
                0x00000781       0x22 /Applications/STM32CubeIDE.app/Contents/Eclipse/plugins/com.st.stm32cube.ide.mcu.externaltools.gnu-tools-for-stm32.13.3.rel1.macos64_1.0.100.202509120712/tools/bin/../lib/gcc/arm-none-eabi/13.3.1/thumb/v7e-m+fp/hard/libgcc.a(_dvmd_tls.o)
 .ARM.attributes
                0x000007a3       0x22 /Applications/STM32CubeIDE.app/Contents/Eclipse/plugins/com.st.stm32cube.ide.mcu.externaltools.gnu-tools-for-stm32.13.3.rel1.macos64_1.0.100.202509120712/tools/bin/../lib/gcc/arm-none-eabi/13.3.1/thumb/v7e-m+fp/hard/crtn.o
OUTPUT(FreeRTOS_imu_servo_tek_eksende_denge_koruma.elf elf32-littlearm)
LOAD linker stubs
LOAD /Applications/STM32CubeIDE.app/Contents/Eclipse/plugins/com.st.stm32cube.ide.mcu.externaltools.gnu-tools-for-stm32.13.3.rel1.macos64_1.0.100.202509120712/tools/bin/../lib/gcc/arm-none-eabi/13.3.1/../../../../arm-none-eabi/lib/thumb/v7e-m+fp/hard/libc.a
LOAD /Applications/STM32CubeIDE.app/Contents/Eclipse/plugins/com.st.stm32cube.ide.mcu.externaltools.gnu-tools-for-stm32.13.3.rel1.macos64_1.0.100.202509120712/tools/bin/../lib/gcc/arm-none-eabi/13.3.1/../../../../arm-none-eabi/lib/thumb/v7e-m+fp/hard/libm.a
LOAD /Applications/STM32CubeIDE.app/Contents/Eclipse/plugins/com.st.stm32cube.ide.mcu.externaltools.gnu-tools-for-stm32.13.3.rel1.macos64_1.0.100.202509120712/tools/bin/../lib/gcc/arm-none-eabi/13.3.1/thumb/v7e-m+fp/hard/libgcc.a

.debug_info     0x00000000    0x17909
 .debug_info    0x00000000     0x1611 ./Core/Src/main.o
 .debug_info    0x00001611      0x91a ./Core/Src/stm32f4xx_hal_msp.o
 .debug_info    0x00001f2b      0xb75 ./Core/Src/stm32f4xx_hal_timebase_tim.o
 .debug_info    0x00002aa0      0x6a4 ./Core/Src/stm32f4xx_it.o
 .debug_info    0x00003144      0x53e ./Core/Src/system_stm32f4xx.o
 .debug_info    0x00003682       0x30 ./Core/Startup/startup_stm32f411retx.o
 .debug_info    0x000036b2      0xa86 ./Drivers/Modules/GPIO_Driver.o
 .debug_info    0x00004138      0x4bc ./Drivers/Modules/I2C_Driver.o
 .debug_info    0x000045f4      0x310 ./Drivers/Modules/MPU_6050_Driver.o
 .debug_info    0x00004904      0x529 ./Drivers/Modules/TimerDriver.o
 .debug_info    0x00004e2d      0x8c4 ./Drivers/STM32F4xx_HAL_Driver/Src/stm32f4xx_hal.o
 .debug_info    0x000056f1      0xcfc ./Drivers/STM32F4xx_HAL_Driver/Src/stm32f4xx_hal_cortex.o
 .debug_info    0x000063ed      0x6f9 ./Drivers/STM32F4xx_HAL_Driver/Src/stm32f4xx_hal_gpio.o
 .debug_info    0x00006ae6      0x904 ./Drivers/STM32F4xx_HAL_Driver/Src/stm32f4xx_hal_rcc.o
 .debug_info    0x000073ea     0x2996 ./Drivers/STM32F4xx_HAL_Driver/Src/stm32f4xx_hal_tim.o
 .debug_info    0x00009d80     0x14d4 ./Drivers/STM32F4xx_HAL_Driver/Src/stm32f4xx_hal_tim_ex.o
 .debug_info    0x0000b254     0x2f56 ./Drivers/STM32F4xx_HAL_Driver/Src/stm32f4xx_hal_uart.o
 .debug_info    0x0000e1aa      0x2aa ./ThirdParty/FreeRTOS/org/Source/list.o
 .debug_info    0x0000e454     0x184b ./ThirdParty/FreeRTOS/org/Source/queue.o
 .debug_info    0x0000fc9f     0x2883 ./ThirdParty/FreeRTOS/org/Source/tasks.o
 .debug_info    0x00012522      0x626 ./ThirdParty/FreeRTOS/org/Source/portable/GCC/ARM_CM4F/port.o
 .debug_info    0x00012b48      0x5d9 ./ThirdParty/FreeRTOS/org/Source/portable/MemMang/heap_4.o
 .debug_info    0x00013121      0x173 ./ThirdParty/SEGGER/Config/SEGGER_SYSVIEW_Config_FreeRTOS.o
 .debug_info    0x00013294      0x412 ./ThirdParty/SEGGER/OS/SEGGER_SYSVIEW_FreeRTOS.o
 .debug_info    0x000136a6      0xef3 ./ThirdParty/SEGGER/SEGGER/SEGGER_RTT.o
 .debug_info    0x00014599     0x3370 ./ThirdParty/SEGGER/SEGGER/SEGGER_SYSVIEW.o

.debug_abbrev   0x00000000     0x3619
 .debug_abbrev  0x00000000      0x33e ./Core/Src/main.o
 .debug_abbrev  0x0000033e      0x1ac ./Core/Src/stm32f4xx_hal_msp.o
 .debug_abbrev  0x000004ea      0x207 ./Core/Src/stm32f4xx_hal_timebase_tim.o
 .debug_abbrev  0x000006f1      0x190 ./Core/Src/stm32f4xx_it.o
 .debug_abbrev  0x00000881      0x11a ./Core/Src/system_stm32f4xx.o
 .debug_abbrev  0x0000099b       0x24 ./Core/Startup/startup_stm32f411retx.o
 .debug_abbrev  0x000009bf      0x258 ./Drivers/Modules/GPIO_Driver.o
 .debug_abbrev  0x00000c17      0x16c ./Drivers/Modules/I2C_Driver.o
 .debug_abbrev  0x00000d83      0x136 ./Drivers/Modules/MPU_6050_Driver.o
 .debug_abbrev  0x00000eb9      0x15c ./Drivers/Modules/TimerDriver.o
 .debug_abbrev  0x00001015      0x24b ./Drivers/STM32F4xx_HAL_Driver/Src/stm32f4xx_hal.o
 .debug_abbrev  0x00001260      0x31d ./Drivers/STM32F4xx_HAL_Driver/Src/stm32f4xx_hal_cortex.o
 .debug_abbrev  0x0000157d      0x1d3 ./Drivers/STM32F4xx_HAL_Driver/Src/stm32f4xx_hal_gpio.o
 .debug_abbrev  0x00001750      0x2b6 ./Drivers/STM32F4xx_HAL_Driver/Src/stm32f4xx_hal_rcc.o
 .debug_abbrev  0x00001a06      0x28b ./Drivers/STM32F4xx_HAL_Driver/Src/stm32f4xx_hal_tim.o
 .debug_abbrev  0x00001c91      0x296 ./Drivers/STM32F4xx_HAL_Driver/Src/stm32f4xx_hal_tim_ex.o
 .debug_abbrev  0x00001f27      0x31b ./Drivers/STM32F4xx_HAL_Driver/Src/stm32f4xx_hal_uart.o
 .debug_abbrev  0x00002242       0xee ./ThirdParty/FreeRTOS/org/Source/list.o
 .debug_abbrev  0x00002330      0x322 ./ThirdParty/FreeRTOS/org/Source/queue.o
 .debug_abbrev  0x00002652      0x393 ./ThirdParty/FreeRTOS/org/Source/tasks.o
 .debug_abbrev  0x000029e5      0x266 ./ThirdParty/FreeRTOS/org/Source/portable/GCC/ARM_CM4F/port.o
 .debug_abbrev  0x00002c4b      0x25a ./ThirdParty/FreeRTOS/org/Source/portable/MemMang/heap_4.o
 .debug_abbrev  0x00002ea5       0xdf ./ThirdParty/SEGGER/Config/SEGGER_SYSVIEW_Config_FreeRTOS.o
 .debug_abbrev  0x00002f84      0x1a4 ./ThirdParty/SEGGER/OS/SEGGER_SYSVIEW_FreeRTOS.o
 .debug_abbrev  0x00003128      0x22d ./ThirdParty/SEGGER/SEGGER/SEGGER_RTT.o
 .debug_abbrev  0x00003355      0x2c4 ./ThirdParty/SEGGER/SEGGER/SEGGER_SYSVIEW.o

.debug_aranges  0x00000000     0x1558
 .debug_aranges
                0x00000000       0x68 ./Core/Src/main.o
 .debug_aranges
                0x00000068       0x30 ./Core/Src/stm32f4xx_hal_msp.o
 .debug_aranges
                0x00000098       0x30 ./Core/Src/stm32f4xx_hal_timebase_tim.o
 .debug_aranges
                0x000000c8       0x50 ./Core/Src/stm32f4xx_it.o
 .debug_aranges
                0x00000118       0x28 ./Core/Src/system_stm32f4xx.o
 .debug_aranges
                0x00000140       0x28 ./Core/Startup/startup_stm32f411retx.o
 .debug_aranges
                0x00000168       0x60 ./Drivers/Modules/GPIO_Driver.o
 .debug_aranges
                0x000001c8       0x38 ./Drivers/Modules/I2C_Driver.o
 .debug_aranges
                0x00000200       0x48 ./Drivers/Modules/MPU_6050_Driver.o
 .debug_aranges
                0x00000248       0x58 ./Drivers/Modules/TimerDriver.o
 .debug_aranges
                0x000002a0       0xf0 ./Drivers/STM32F4xx_HAL_Driver/Src/stm32f4xx_hal.o
 .debug_aranges
                0x00000390      0x130 ./Drivers/STM32F4xx_HAL_Driver/Src/stm32f4xx_hal_cortex.o
 .debug_aranges
                0x000004c0       0x58 ./Drivers/STM32F4xx_HAL_Driver/Src/stm32f4xx_hal_gpio.o
 .debug_aranges
                0x00000518       0x88 ./Drivers/STM32F4xx_HAL_Driver/Src/stm32f4xx_hal_rcc.o
 .debug_aranges
                0x000005a0      0x3d0 ./Drivers/STM32F4xx_HAL_Driver/Src/stm32f4xx_hal_tim.o
 .debug_aranges
                0x00000970      0x168 ./Drivers/STM32F4xx_HAL_Driver/Src/stm32f4xx_hal_tim_ex.o
 .debug_aranges
                0x00000ad8      0x208 ./Drivers/STM32F4xx_HAL_Driver/Src/stm32f4xx_hal_uart.o
 .debug_aranges
                0x00000ce0       0x40 ./ThirdParty/FreeRTOS/org/Source/list.o
 .debug_aranges
                0x00000d20      0x138 ./ThirdParty/FreeRTOS/org/Source/queue.o
 .debug_aranges
                0x00000e58      0x228 ./ThirdParty/FreeRTOS/org/Source/tasks.o
 .debug_aranges
                0x00001080       0x88 ./ThirdParty/FreeRTOS/org/Source/portable/GCC/ARM_CM4F/port.o
 .debug_aranges
                0x00001108       0x68 ./ThirdParty/FreeRTOS/org/Source/portable/MemMang/heap_4.o
 .debug_aranges
                0x00001170       0x28 ./ThirdParty/SEGGER/Config/SEGGER_SYSVIEW_Config_FreeRTOS.o
 .debug_aranges
                0x00001198       0x48 ./ThirdParty/SEGGER/OS/SEGGER_SYSVIEW_FreeRTOS.o
 .debug_aranges
                0x000011e0      0x110 ./ThirdParty/SEGGER/SEGGER/SEGGER_RTT.o
 .debug_aranges
                0x000012f0      0x268 ./ThirdParty/SEGGER/SEGGER/SEGGER_SYSVIEW.o

.debug_rnglists
                0x00000000     0x10b0
 .debug_rnglists
                0x00000000       0x4f ./Core/Src/main.o
 .debug_rnglists
                0x0000004f       0x20 ./Core/Src/stm32f4xx_hal_msp.o
 .debug_rnglists
                0x0000006f       0x20 ./Core/Src/stm32f4xx_hal_timebase_tim.o
 .debug_rnglists
                0x0000008f       0x37 ./Core/Src/stm32f4xx_it.o
 .debug_rnglists
                0x000000c6       0x1a ./Core/Src/system_stm32f4xx.o
 .debug_rnglists
                0x000000e0       0x19 ./Core/Startup/startup_stm32f411retx.o
 .debug_rnglists
                0x000000f9       0x45 ./Drivers/Modules/GPIO_Driver.o
 .debug_rnglists
                0x0000013e       0x29 ./Drivers/Modules/I2C_Driver.o
 .debug_rnglists
                0x00000167       0x33 ./Drivers/Modules/MPU_6050_Driver.o
 .debug_rnglists
                0x0000019a       0x3e ./Drivers/Modules/TimerDriver.o
 .debug_rnglists
                0x000001d8       0xaf ./Drivers/STM32F4xx_HAL_Driver/Src/stm32f4xx_hal.o
 .debug_rnglists
                0x00000287       0xe0 ./Drivers/STM32F4xx_HAL_Driver/Src/stm32f4xx_hal_cortex.o
 .debug_rnglists
                0x00000367       0x3f ./Drivers/STM32F4xx_HAL_Driver/Src/stm32f4xx_hal_gpio.o
 .debug_rnglists
                0x000003a6       0x66 ./Drivers/STM32F4xx_HAL_Driver/Src/stm32f4xx_hal_rcc.o
 .debug_rnglists
                0x0000040c      0x31a ./Drivers/STM32F4xx_HAL_Driver/Src/stm32f4xx_hal_tim.o
 .debug_rnglists
                0x00000726      0x125 ./Drivers/STM32F4xx_HAL_Driver/Src/stm32f4xx_hal_tim_ex.o
 .debug_rnglists
                0x0000084b      0x1bc ./Drivers/STM32F4xx_HAL_Driver/Src/stm32f4xx_hal_uart.o
 .debug_rnglists
                0x00000a07       0x2b ./ThirdParty/FreeRTOS/org/Source/list.o
 .debug_rnglists
                0x00000a32       0xf2 ./ThirdParty/FreeRTOS/org/Source/queue.o
 .debug_rnglists
                0x00000b24      0x1c8 ./ThirdParty/FreeRTOS/org/Source/tasks.o
 .debug_rnglists
                0x00000cec       0x64 ./ThirdParty/FreeRTOS/org/Source/portable/GCC/ARM_CM4F/port.o
 .debug_rnglists
                0x00000d50       0x4e ./ThirdParty/FreeRTOS/org/Source/portable/MemMang/heap_4.o
 .debug_rnglists
                0x00000d9e       0x19 ./ThirdParty/SEGGER/Config/SEGGER_SYSVIEW_Config_FreeRTOS.o
 .debug_rnglists
                0x00000db7       0x36 ./ThirdParty/SEGGER/OS/SEGGER_SYSVIEW_FreeRTOS.o
 .debug_rnglists
                0x00000ded       0xd6 ./ThirdParty/SEGGER/SEGGER/SEGGER_RTT.o
 .debug_rnglists
                0x00000ec3      0x1ed ./ThirdParty/SEGGER/SEGGER/SEGGER_SYSVIEW.o

.debug_macro    0x00000000    0x1a3b3
 .debug_macro   0x00000000      0x3ed ./Core/Src/main.o
 .debug_macro   0x000003ed      0xad8 ./Core/Src/main.o
 .debug_macro   0x00000ec5      0x29b ./Core/Src/main.o
 .debug_macro   0x00001160       0x2e ./Core/Src/main.o
 .debug_macro   0x0000118e       0x28 ./Core/Src/main.o
 .debug_macro   0x000011b6       0x22 ./Core/Src/main.o
 .debug_macro   0x000011d8       0x8e ./Core/Src/main.o
 .debug_macro   0x00001266       0x51 ./Core/Src/main.o
 .debug_macro   0x000012b7      0x103 ./Core/Src/main.o
 .debug_macro   0x000013ba       0x6a ./Core/Src/main.o
 .debug_macro   0x00001424      0x1df ./Core/Src/main.o
 .debug_macro   0x00001603       0x1c ./Core/Src/main.o
 .debug_macro   0x0000161f       0x22 ./Core/Src/main.o
 .debug_macro   0x00001641       0xfb ./Core/Src/main.o
 .debug_macro   0x0000173c     0x1011 ./Core/Src/main.o
 .debug_macro   0x0000274d      0x11f ./Core/Src/main.o
 .debug_macro   0x0000286c     0xb968 ./Core/Src/main.o
 .debug_macro   0x0000e1d4       0x6d ./Core/Src/main.o
 .debug_macro   0x0000e241     0x3693 ./Core/Src/main.o
 .debug_macro   0x000118d4      0x190 ./Core/Src/main.o
 .debug_macro   0x00011a64       0x5c ./Core/Src/main.o
 .debug_macro   0x00011ac0      0x45c ./Core/Src/main.o
 .debug_macro   0x00011f1c      0x9e9 ./Core/Src/main.o
 .debug_macro   0x00012905      0x115 ./Core/Src/main.o
 .debug_macro   0x00012a1a      0x11b ./Core/Src/main.o
 .debug_macro   0x00012b35       0xa5 ./Core/Src/main.o
 .debug_macro   0x00012bda      0x15f ./Core/Src/main.o
 .debug_macro   0x00012d39      0x287 ./Core/Src/main.o
 .debug_macro   0x00012fc0       0x5f ./Core/Src/main.o
 .debug_macro   0x0001301f      0x236 ./Core/Src/main.o
 .debug_macro   0x00013255      0x132 ./Core/Src/main.o
 .debug_macro   0x00013387      0x264 ./Core/Src/main.o
 .debug_macro   0x000135eb       0x2e ./Core/Src/main.o
 .debug_macro   0x00013619      0x127 ./Core/Src/main.o
 .debug_macro   0x00013740       0x85 ./Core/Src/main.o
 .debug_macro   0x000137c5       0x89 ./Core/Src/main.o
 .debug_macro   0x0001384e      0x8ed ./Core/Src/main.o
 .debug_macro   0x0001413b       0x47 ./Core/Src/main.o
 .debug_macro   0x00014182      0x2aa ./Core/Src/main.o
 .debug_macro   0x0001442c      0x126 ./Core/Src/main.o
 .debug_macro   0x00014552       0x58 ./Core/Src/main.o
 .debug_macro   0x000145aa       0x16 ./Core/Src/main.o
 .debug_macro   0x000145c0      0x112 ./Core/Src/main.o
 .debug_macro   0x000146d2       0x58 ./Core/Src/main.o
 .debug_macro   0x0001472a       0x40 ./Core/Src/main.o
 .debug_macro   0x0001476a       0x4c ./Core/Src/main.o
 .debug_macro   0x000147b6      0x1cd ./Core/Src/main.o
 .debug_macro   0x00014983      0x45a ./Core/Src/main.o
 .debug_macro   0x00014ddd       0x1c ./Core/Src/main.o
 .debug_macro   0x00014df9      0x182 ./Core/Src/main.o
 .debug_macro   0x00014f7b       0xee ./Core/Src/main.o
 .debug_macro   0x00015069       0x2e ./Core/Src/main.o
 .debug_macro   0x00015097       0x1f ./Core/Src/main.o
 .debug_macro   0x000150b6       0x12 ./Core/Src/main.o
 .debug_macro   0x000150c8      0xf8a ./Core/Src/main.o
 .debug_macro   0x00016052       0xc3 ./Core/Src/main.o
 .debug_macro   0x00016115      0x14f ./Core/Src/main.o
 .debug_macro   0x00016264       0x80 ./Core/Src/main.o
 .debug_macro   0x000162e4       0x77 ./Core/Src/main.o
 .debug_macro   0x0001635b       0x61 ./Core/Src/main.o
 .debug_macro   0x000163bc       0x2a ./Core/Src/main.o
 .debug_macro   0x000163e6       0x43 ./Core/Src/main.o
 .debug_macro   0x00016429       0x34 ./Core/Src/main.o
 .debug_macro   0x0001645d       0x16 ./Core/Src/main.o
 .debug_macro   0x00016473       0x3c ./Core/Src/main.o
 .debug_macro   0x000164af      0x370 ./Core/Src/main.o
 .debug_macro   0x0001681f       0x16 ./Core/Src/main.o
 .debug_macro   0x00016835       0x4a ./Core/Src/main.o
 .debug_macro   0x0001687f       0x34 ./Core/Src/main.o
 .debug_macro   0x000168b3       0x10 ./Core/Src/main.o
 .debug_macro   0x000168c3       0x58 ./Core/Src/main.o
 .debug_macro   0x0001691b       0x8e ./Core/Src/main.o
 .debug_macro   0x000169a9       0x1c ./Core/Src/main.o
 .debug_macro   0x000169c5      0x185 ./Core/Src/main.o
 .debug_macro   0x00016b4a       0x16 ./Core/Src/main.o
 .debug_macro   0x00016b60       0x16 ./Core/Src/main.o
 .debug_macro   0x00016b76      0x146 ./Core/Src/main.o
 .debug_macro   0x00016cbc      0x19b ./Core/Src/main.o
 .debug_macro   0x00016e57      0x1dd ./Core/Src/stm32f4xx_hal_msp.o
 .debug_macro   0x00017034      0x1ce ./Core/Src/stm32f4xx_hal_timebase_tim.o
 .debug_macro   0x00017202      0x1e7 ./Core/Src/stm32f4xx_it.o
 .debug_macro   0x000173e9      0x1ce ./Core/Src/system_stm32f4xx.o
 .debug_macro   0x000175b7      0x2ba ./Drivers/Modules/GPIO_Driver.o
 .debug_macro   0x00017871      0x112 ./Drivers/Modules/GPIO_Driver.o
 .debug_macro   0x00017983      0x1d8 ./Drivers/Modules/I2C_Driver.o
 .debug_macro   0x00017b5b      0x29f ./Drivers/Modules/MPU_6050_Driver.o
 .debug_macro   0x00017dfa       0x56 ./Drivers/Modules/MPU_6050_Driver.o
 .debug_macro   0x00017e50      0x1f0 ./Drivers/Modules/TimerDriver.o
 .debug_macro   0x00018040      0x22e ./Drivers/STM32F4xx_HAL_Driver/Src/stm32f4xx_hal.o
 .debug_macro   0x0001826e      0x1ce ./Drivers/STM32F4xx_HAL_Driver/Src/stm32f4xx_hal_cortex.o
 .debug_macro   0x0001843c      0x1d4 ./Drivers/STM32F4xx_HAL_Driver/Src/stm32f4xx_hal_gpio.o
 .debug_macro   0x00018610      0x1f2 ./Drivers/STM32F4xx_HAL_Driver/Src/stm32f4xx_hal_rcc.o
 .debug_macro   0x00018802      0x1cf ./Drivers/STM32F4xx_HAL_Driver/Src/stm32f4xx_hal_tim.o
 .debug_macro   0x000189d1      0x1ce ./Drivers/STM32F4xx_HAL_Driver/Src/stm32f4xx_hal_tim_ex.o
 .debug_macro   0x00018b9f      0x1cf ./Drivers/STM32F4xx_HAL_Driver/Src/stm32f4xx_hal_uart.o
 .debug_macro   0x00018d6e      0x1f1 ./ThirdParty/FreeRTOS/org/Source/list.o
 .debug_macro   0x00018f5f      0x288 ./ThirdParty/FreeRTOS/org/Source/queue.o
 .debug_macro   0x000191e7       0x16 ./ThirdParty/FreeRTOS/org/Source/queue.o
 .debug_macro   0x000191fd       0x20 ./ThirdParty/FreeRTOS/org/Source/queue.o
 .debug_macro   0x0001921d      0x30e ./ThirdParty/FreeRTOS/org/Source/tasks.o
 .debug_macro   0x0001952b       0x17 ./ThirdParty/FreeRTOS/org/Source/tasks.o
 .debug_macro   0x00019542      0x21e ./ThirdParty/FreeRTOS/org/Source/portable/GCC/ARM_CM4F/port.o
 .debug_macro   0x00019760      0x286 ./ThirdParty/FreeRTOS/org/Source/portable/MemMang/heap_4.o
 .debug_macro   0x000199e6      0x134 ./ThirdParty/SEGGER/Config/SEGGER_SYSVIEW_Config_FreeRTOS.o
 .debug_macro   0x00019b1a      0x200 ./ThirdParty/SEGGER/OS/SEGGER_SYSVIEW_FreeRTOS.o
 .debug_macro   0x00019d1a      0x176 ./ThirdParty/SEGGER/SEGGER/SEGGER_RTT.o
 .debug_macro   0x00019e90       0x4f ./ThirdParty/SEGGER/SEGGER/SEGGER_RTT.o
 .debug_macro   0x00019edf      0x115 ./ThirdParty/SEGGER/SEGGER/SEGGER_RTT.o
 .debug_macro   0x00019ff4      0x20a ./ThirdParty/SEGGER/SEGGER/SEGGER_SYSVIEW.o
 .debug_macro   0x0001a1fe       0x65 ./ThirdParty/SEGGER/SEGGER/SEGGER_SYSVIEW.o
 .debug_macro   0x0001a263       0x35 ./ThirdParty/SEGGER/SEGGER/SEGGER_SYSVIEW.o
 .debug_macro   0x0001a298      0x11b ./ThirdParty/SEGGER/SEGGER/SEGGER_SYSVIEW.o

.debug_line     0x00000000    0x19578
 .debug_line    0x00000000      0xfd1 ./Core/Src/main.o
 .debug_line    0x00000fd1      0x730 ./Core/Src/stm32f4xx_hal_msp.o
 .debug_line    0x00001701      0x74f ./Core/Src/stm32f4xx_hal_timebase_tim.o
 .debug_line    0x00001e50      0x76c ./Core/Src/stm32f4xx_it.o
 .debug_line    0x000025bc      0x759 ./Core/Src/system_stm32f4xx.o
 .debug_line    0x00002d15       0x7a ./Core/Startup/startup_stm32f411retx.o
 .debug_line    0x00002d8f      0xd00 ./Drivers/Modules/GPIO_Driver.o
 .debug_line    0x00003a8f      0xac2 ./Drivers/Modules/I2C_Driver.o
 .debug_line    0x00004551      0x994 ./Drivers/Modules/MPU_6050_Driver.o
 .debug_line    0x00004ee5      0x85a ./Drivers/Modules/TimerDriver.o
 .debug_line    0x0000573f      0x9d5 ./Drivers/STM32F4xx_HAL_Driver/Src/stm32f4xx_hal.o
 .debug_line    0x00006114      0xca5 ./Drivers/STM32F4xx_HAL_Driver/Src/stm32f4xx_hal_cortex.o
 .debug_line    0x00006db9      0xaf1 ./Drivers/STM32F4xx_HAL_Driver/Src/stm32f4xx_hal_gpio.o
 .debug_line    0x000078aa      0xde4 ./Drivers/STM32F4xx_HAL_Driver/Src/stm32f4xx_hal_rcc.o
 .debug_line    0x0000868e     0x3514 ./Drivers/STM32F4xx_HAL_Driver/Src/stm32f4xx_hal_tim.o
 .debug_line    0x0000bba2     0x18d0 ./Drivers/STM32F4xx_HAL_Driver/Src/stm32f4xx_hal_tim_ex.o
 .debug_line    0x0000d472     0x251d ./Drivers/STM32F4xx_HAL_Driver/Src/stm32f4xx_hal_uart.o
 .debug_line    0x0000f98f      0xa31 ./ThirdParty/FreeRTOS/org/Source/list.o
 .debug_line    0x000103c0     0x191c ./ThirdParty/FreeRTOS/org/Source/queue.o
 .debug_line    0x00011cdc     0x22ef ./ThirdParty/FreeRTOS/org/Source/tasks.o
 .debug_line    0x00013fcb      0xbbf ./ThirdParty/FreeRTOS/org/Source/portable/GCC/ARM_CM4F/port.o
 .debug_line    0x00014b8a      0xdba ./ThirdParty/FreeRTOS/org/Source/portable/MemMang/heap_4.o
 .debug_line    0x00015944      0x7ee ./ThirdParty/SEGGER/Config/SEGGER_SYSVIEW_Config_FreeRTOS.o
 .debug_line    0x00016132      0xaf8 ./ThirdParty/SEGGER/OS/SEGGER_SYSVIEW_FreeRTOS.o
 .debug_line    0x00016c2a      0xd8e ./ThirdParty/SEGGER/SEGGER/SEGGER_RTT.o
 .debug_line    0x000179b8     0x1bc0 ./ThirdParty/SEGGER/SEGGER/SEGGER_SYSVIEW.o

.debug_str      0x00000000    0xa3da5
 .debug_str     0x00000000    0xa3da5 ./Core/Src/main.o
                              0x9affb (size before relaxing)
 .debug_str     0x000a3da5        0x0 ./Core/Src/stm32f4xx_hal_msp.o
                              0x87798 (size before relaxing)
 .debug_str     0x000a3da5        0x0 ./Core/Src/stm32f4xx_hal_timebase_tim.o
                              0x87b92 (size before relaxing)
 .debug_str     0x000a3da5        0x0 ./Core/Src/stm32f4xx_it.o
                              0x8771d (size before relaxing)
 .debug_str     0x000a3da5        0x0 ./Core/Src/system_stm32f4xx.o
                              0x87203 (size before relaxing)
 .debug_str     0x000a3da5        0x0 ./Core/Startup/startup_stm32f411retx.o
                                 0xa5 (size before relaxing)
 .debug_str     0x000a3da5        0x0 ./Drivers/Modules/GPIO_Driver.o
                              0x965e9 (size before relaxing)
 .debug_str     0x000a3da5        0x0 ./Drivers/Modules/I2C_Driver.o
                              0x871fa (size before relaxing)
 .debug_str     0x000a3da5        0x0 ./Drivers/Modules/MPU_6050_Driver.o
                              0x8ab32 (size before relaxing)
 .debug_str     0x000a3da5        0x0 ./Drivers/Modules/TimerDriver.o
                              0x872e1 (size before relaxing)
 .debug_str     0x000a3da5        0x0 ./Drivers/STM32F4xx_HAL_Driver/Src/stm32f4xx_hal.o
                              0x87c2f (size before relaxing)
 .debug_str     0x000a3da5        0x0 ./Drivers/STM32F4xx_HAL_Driver/Src/stm32f4xx_hal_cortex.o
                              0x87999 (size before relaxing)
 .debug_str     0x000a3da5        0x0 ./Drivers/STM32F4xx_HAL_Driver/Src/stm32f4xx_hal_gpio.o
                              0x8737e (size before relaxing)
 .debug_str     0x000a3da5        0x0 ./Drivers/STM32F4xx_HAL_Driver/Src/stm32f4xx_hal_rcc.o
                              0x87637 (size before relaxing)
 .debug_str     0x000a3da5        0x0 ./Drivers/STM32F4xx_HAL_Driver/Src/stm32f4xx_hal_tim.o
                              0x8857b (size before relaxing)
 .debug_str     0x000a3da5        0x0 ./Drivers/STM32F4xx_HAL_Driver/Src/stm32f4xx_hal_tim_ex.o
                              0x87d87 (size before relaxing)
 .debug_str     0x000a3da5        0x0 ./Drivers/STM32F4xx_HAL_Driver/Src/stm32f4xx_hal_uart.o
                              0x87c06 (size before relaxing)
 .debug_str     0x000a3da5        0x0 ./ThirdParty/FreeRTOS/org/Source/list.o
                              0x1412e (size before relaxing)
 .debug_str     0x000a3da5        0x0 ./ThirdParty/FreeRTOS/org/Source/queue.o
                              0x16a92 (size before relaxing)
 .debug_str     0x000a3da5        0x0 ./ThirdParty/FreeRTOS/org/Source/tasks.o
                              0x17ab2 (size before relaxing)
 .debug_str     0x000a3da5        0x0 ./ThirdParty/FreeRTOS/org/Source/portable/GCC/ARM_CM4F/port.o
                              0x12c49 (size before relaxing)
 .debug_str     0x000a3da5        0x0 ./ThirdParty/FreeRTOS/org/Source/portable/MemMang/heap_4.o
                              0x15c85 (size before relaxing)
 .debug_str     0x000a3da5        0x0 ./ThirdParty/SEGGER/Config/SEGGER_SYSVIEW_Config_FreeRTOS.o
                              0x10355 (size before relaxing)
 .debug_str     0x000a3da5        0x0 ./ThirdParty/SEGGER/OS/SEGGER_SYSVIEW_FreeRTOS.o
                              0x15579 (size before relaxing)
 .debug_str     0x000a3da5        0x0 ./ThirdParty/SEGGER/SEGGER/SEGGER_RTT.o
                               0x7631 (size before relaxing)
 .debug_str     0x000a3da5        0x0 ./ThirdParty/SEGGER/SEGGER/SEGGER_SYSVIEW.o
                               0x961c (size before relaxing)

.comment        0x00000000       0x43
 .comment       0x00000000       0x43 ./Core/Src/main.o
                                 0x44 (size before relaxing)
 .comment       0x00000043        0x0 ./Core/Src/stm32f4xx_hal_msp.o
                                 0x44 (size before relaxing)
 .comment       0x00000043        0x0 ./Core/Src/stm32f4xx_hal_timebase_tim.o
                                 0x44 (size before relaxing)
 .comment       0x00000043        0x0 ./Core/Src/stm32f4xx_it.o
                                 0x44 (size before relaxing)
 .comment       0x00000043        0x0 ./Core/Src/system_stm32f4xx.o
                                 0x44 (size before relaxing)
 .comment       0x00000043        0x0 ./Drivers/Modules/GPIO_Driver.o
                                 0x44 (size before relaxing)
 .comment       0x00000043        0x0 ./Drivers/Modules/I2C_Driver.o
                                 0x44 (size before relaxing)
 .comment       0x00000043        0x0 ./Drivers/Modules/MPU_6050_Driver.o
                                 0x44 (size before relaxing)
 .comment       0x00000043        0x0 ./Drivers/Modules/TimerDriver.o
                                 0x44 (size before relaxing)
 .comment       0x00000043        0x0 ./Drivers/STM32F4xx_HAL_Driver/Src/stm32f4xx_hal.o
                                 0x44 (size before relaxing)
 .comment       0x00000043        0x0 ./Drivers/STM32F4xx_HAL_Driver/Src/stm32f4xx_hal_cortex.o
                                 0x44 (size before relaxing)
 .comment       0x00000043        0x0 ./Drivers/STM32F4xx_HAL_Driver/Src/stm32f4xx_hal_gpio.o
                                 0x44 (size before relaxing)
 .comment       0x00000043        0x0 ./Drivers/STM32F4xx_HAL_Driver/Src/stm32f4xx_hal_rcc.o
                                 0x44 (size before relaxing)
 .comment       0x00000043        0x0 ./Drivers/STM32F4xx_HAL_Driver/Src/stm32f4xx_hal_tim.o
                                 0x44 (size before relaxing)
 .comment       0x00000043        0x0 ./Drivers/STM32F4xx_HAL_Driver/Src/stm32f4xx_hal_tim_ex.o
                                 0x44 (size before relaxing)