Archive member included to satisfy reference by file (symbol)

/Applications/STM32CubeIDE.app/Contents/Eclipse/plugins/com.st.stm32cube.ide.mcu.externaltools.gnu-tools-for-stm32.13.3.rel1.macos64_1.0.100.202509120712/tools/bin/../lib/gcc/arm-none-eabi/13.3.1/../../../../arm-none-eabi/lib/thumb/v7e-m+fp/hard/libc_nano.a(libc_a-exit.o)
                              /Applications/STM32CubeIDE.app/Contents/Eclipse/plugins/com.st.stm32cube.ide.mcu.externaltools.gnu-tools-for-stm32.13.3.rel1.macos64_1.0.100.202509120712/tools/bin/../lib/gcc/arm-none-eabi/13.3.1/../../../../arm-none-eabi/lib/thumb/v7e-m+fp/hard/crt0.o (exit)
/Applications/STM32CubeIDE.app/Contents/Eclipse/plugins/com.st.stm32cube.ide.mcu.externaltools.gnu-tools-for-stm32.13.3.rel1.macos64_1.0.100.202509120712/tools/bin/../lib/gcc/arm-none-eabi/13.3.1/../../../../arm-none-eabi/lib/thumb/v7e-m+fp/hard/libc_nano.a(libc_a-findfp.o)
                              /Applications/STM32CubeIDE.app/Contents/Eclipse/plugins/com.st.stm32cube.ide.mcu.externaltools.gnu-tools-for-stm32.13.3.rel1.macos64_1.0.100.202509120712/tools/bin/../lib/gcc/arm-none-eabi/13.3.1/../../../../arm-none-eabi/lib/thumb/v7e-m+fp/hard/libc_nano.a(libc_a-exit.o) (__stdio_exit_handler)
/Applications/STM32CubeIDE.app/Contents/Eclipse/plugins/com.st.stm32cube.ide.mcu.externaltools.gnu-tools-for-stm32.13.3.rel1.macos64_1.0.100.202509120712/tools/bin/../lib/gcc/arm-none-eabi/13.3.1/../../../../arm-none-eabi/lib/thumb/v7e-m+fp/hard/libc_nano.a(libc_a-fwalk.o)
                              /Applications/STM32CubeIDE.app/Contents/Eclipse/plugins/com.st.stm32cube.ide.mcu.externaltools.gnu-tools-for-stm32.13.3.rel1.macos64_1.0.100.202509120712/tools/bin/../lib/gcc/arm-none-eabi/13.3.1/../../../../arm-none-eabi/lib/thumb/v7e-m+fp/hard/libc_nano.a(libc_a-findfp.o) (_fwalk_sglue)
/Applications/STM32CubeIDE.app/Contents/Eclipse/plugins/com.st.stm32cube.ide.mcu.externaltools.gnu-tools-for-stm32.13.3.rel1.macos64_1.0.100.202509120712/tools/bin/../lib/gcc/arm-none-eabi/13.3.1/../../../../arm-none-eabi/lib/thumb/v7e-m+fp/hard/libc_nano.a(libc_a-memcmp.o)
                              ./ThirdParty/SEGGER/OS/SEGGER_SYSVIEW_FreeRTOS.o (memcmp)
/Applications/STM32CubeIDE.app/Contents/Eclipse/plugins/com.st.stm32cube.ide.mcu.externaltools.gnu-tools-for-stm32.13.3.rel1.macos64_1.0.100.202509120712/tools/bin/../lib/gcc/arm-none-eabi/13.3.1/../../../../arm-none-eabi/lib/thumb/v7e-m+fp/hard/libc_nano.a(libc_a-memset.o)
                              /Applications/STM32CubeIDE.app/Contents/Eclipse/plugins/com.st.stm32cube.ide.mcu.externaltools.gnu-tools-for-stm32.13.3.rel1.macos64_1.0.100.202509120712/tools/bin/../lib/gcc/arm-none-eabi/13.3.1/../../../../arm-none-eabi/lib/thumb/v7e-m+fp/hard/crt0.o (memset)
/Applications/STM32CubeIDE.app/Contents/Eclipse/plugins/com.st.stm32cube.ide.mcu.externaltools.gnu-tools-for-stm32.13.3.rel1.macos64_1.0.100.202509120712/tools/bin/../lib/gcc/arm-none-eabi/13.3.1/../../../../arm-none-eabi/lib/thumb/v7e-m+fp/hard/libc_nano.a(libc_a-errno.o)
                              ./Core/Src/syscalls.o (__errno)
/Applications/STM32CubeIDE.app/Contents/Eclipse/plugins/com.st.stm32cube.ide.mcu.externaltools.gnu-tools-for-stm32.13.3.rel1.macos64_1.0.100.202509120712/tools/bin/../lib/gcc/arm-none-eabi/13.3.1/../../../../arm-none-eabi/lib/thumb/v7e-m+fp/hard/libc_nano.a(libc_a-init.o)
                              /Applications/STM32CubeIDE.app/Contents/Eclipse/plugins/com.st.stm32cube.ide.mcu.externaltools.gnu-tools-for-stm32.13.3.rel1.macos64_1.0.100.202509120712/tools/bin/../lib/gcc/arm-none-eabi/13.3.1/../../../../arm-none-eabi/lib/thumb/v7e-m+fp/hard/crt0.o (__libc_init_array)
/Applications/STM32CubeIDE.app/Contents/Eclipse/plugins/com.st.stm32cube.ide.mcu.externaltools.gnu-tools-for-stm32.13.3.rel1.macos64_1.0.100.202509120712/tools/bin/../lib/gcc/arm-none-eabi/13.3.1/../../../../arm-none-eabi/lib/thumb/v7e-m+fp/hard/libc_nano.a(libc_a-lock.o)
                              /Applications/STM32CubeIDE.app/Contents/Eclipse/plugins/com.st.stm32cube.ide.mcu.externaltools.gnu-tools-for-stm32.13.3.rel1.macos64_1.0.100.202509120712/tools/bin/../lib/gcc/arm-none-eabi/13.3.1/../../../../arm-none-eabi/lib/thumb/v7e-m+fp/hard/libc_nano.a(libc_a-findfp.o) (__retarget_lock_init_recursive)
/Applications/STM32CubeIDE.app/Contents/Eclipse/plugins/com.st.stm32cube.ide.mcu.externaltools.gnu-tools-for-stm32.13.3.rel1.macos64_1.0.100.202509120712/tools/bin/../lib/gcc/arm-none-eabi/13.3.1/../../../../arm-none-eabi/lib/thumb/v7e-m+fp/hard/libc_nano.a(libc_a-impure.o)
                              /Applications/STM32CubeIDE.app/Contents/Eclipse/plugins/com.st.stm32cube.ide.mcu.externaltools.gnu-tools-for-stm32.13.3.rel1.macos64_1.0.100.202509120712/tools/bin/../lib/gcc/arm-none-eabi/13.3.1/../../../../arm-none-eabi/lib/thumb/v7e-m+fp/hard/libc_nano.a(libc_a-errno.o) (_impure_ptr)
[...]
Memory Configuration

Name             Origin             Length             Attributes
RAM              0x20000000         0x00020000         xrw
FLASH            0x08000000         0x00080000         xr
*default*        0x00000000         0xffffffff

Linker script and memory map

LOAD /Applications/STM32CubeIDE.app/Contents/Eclipse/plugins/com.st.stm32cube.ide.mcu.externaltools.gnu-tools-for-stm32.13.3.rel1.macos64_1.0.100.202509120712/tools/bin/../lib/gcc/arm-none-eabi/13.3.1/thumb/v7e-m+fp/hard/crti.o
LOAD /Applications/STM32CubeIDE.app/Contents/Eclipse/plugins/com.st.stm32cube.ide.mcu.externaltools.gnu-tools-for-stm32.13.3.rel1.macos64_1.0.100.202509120712/tools/bin/../lib/gcc/arm-none-eabi/13.3.1/thumb/v7e-m+fp/hard/crtbegin.o
LOAD /Applications/STM32CubeIDE.app/Contents/Eclipse/plugins/com.st.stm32cube.ide.mcu.externaltools.gnu-tools-for-stm32.13.3.rel1.macos64_1.0.100.202509120712/tools/bin/../lib/gcc/arm-none-eabi/13.3.1/../../../../arm-none-eabi/lib/thumb/v7e-m+fp/hard/crt0.o
LOAD ./Core/Src/main.o
LOAD ./Core/Src/stm32f4xx_hal_msp.o
LOAD ./Core/Src/stm32f4xx_hal_timebase_tim.o
LOAD ./Core/Src/stm32f4xx_it.o
LOAD ./Core/Src/syscalls.o
LOAD ./Core/Src/sysmem.o
LOAD ./Core/Src/system_stm32f4xx.o
LOAD ./Core/Startup/startup_stm32f411retx.o
LOAD ./Drivers/Modules/GPIO_Driver.o
LOAD ./Drivers/Modules/UART_Driver.o
LOAD ./Drivers/STM32F4xx_HAL_Driver/Src/stm32f4xx_hal.o
LOAD ./Drivers/STM32F4xx_HAL_Driver/Src/stm32f4xx_hal_cortex.o
LOAD ./Drivers/STM32F4xx_HAL_Driver/Src/stm32f4xx_hal_dma.o
LOAD ./Drivers/STM32F4xx_HAL_Driver/Src/stm32f4xx_hal_dma_ex.o
LOAD ./Drivers/STM32F4xx_HAL_Driver/Src/stm32f4xx_hal_exti.o
LOAD ./Drivers/STM32F4xx_HAL_Driver/Src/stm32f4xx_hal_flash.o
LOAD ./Drivers/STM32F4xx_HAL_Driver/Src/stm32f4xx_hal_flash_ex.o
LOAD ./Drivers/STM32F4xx_HAL_Driver/Src/stm32f4xx_hal_flash_ramfunc.o
LOAD ./Drivers/STM32F4xx_HAL_Driver/Src/stm32f4xx_hal_gpio.o
LOAD ./Drivers/STM32F4xx_HAL_Driver/Src/stm32f4xx_hal_pwr.o
LOAD ./Drivers/STM32F4xx_HAL_Driver/Src/stm32f4xx_hal_pwr_ex.o
LOAD ./Drivers/STM32F4xx_HAL_Driver/Src/stm32f4xx_hal_rcc.o
LOAD ./Drivers/STM32F4xx_HAL_Driver/Src/stm32f4xx_hal_rcc_ex.o
LOAD ./Drivers/STM32F4xx_HAL_Driver/Src/stm32f4xx_hal_tim.o
LOAD ./Drivers/STM32F4xx_HAL_Driver/Src/stm32f4xx_hal_tim_ex.o
LOAD ./Drivers/STM32F4xx_HAL_Driver/Src/stm32f4xx_hal_uart.o
LOAD ./ThirdParty/FreeRTOS/org/Source/croutine.o
LOAD ./ThirdParty/FreeRTOS/org/Source/event_groups.o
LOAD ./ThirdParty/FreeRTOS/org/Source/list.o
LOAD ./ThirdParty/FreeRTOS/org/Source/queue.o
LOAD ./ThirdParty/FreeRTOS/org/Source/stream_buffer.o
LOAD ./ThirdParty/FreeRTOS/org/Source/tasks.o
LOAD ./ThirdParty/FreeRTOS/org/Source/timers.o
LOAD ./ThirdParty/FreeRTOS/org/Source/portable/GCC/ARM_CM4F/port.o
LOAD ./ThirdParty/FreeRTOS/org/Source/portable/MemMang/heap_4.o
LOAD ./ThirdParty/SEGGER/Config/SEGGER_SYSVIEW_Config_FreeRTOS.o
LOAD ./ThirdParty/SEGGER/OS/SEGGER_SYSVIEW_FreeRTOS.o
LOAD ./ThirdParty/SEGGER/SEGGER/SEGGER_RTT.o
LOAD ./ThirdParty/SEGGER/SEGGER/SEGGER_SYSVIEW.o
START GROUP
LOAD /Applications/STM32CubeIDE.app/Contents/Eclipse/plugins/com.st.stm32cube.ide.mcu.externaltools.gnu-tools-for-stm32.13.3.rel1.macos64_1.0.100.202509120712/tools/bin/../lib/gcc/arm-none-eabi/13.3.1/../../../../arm-none-eabi/lib/thumb/v7e-m+fp/hard/libc_nano.a
LOAD /Applications/STM32CubeIDE.app/Contents/Eclipse/plugins/com.st.stm32cube.ide.mcu.externaltools.gnu-tools-for-stm32.13.3.rel1.macos64_1.0.100.202509120712/tools/bin/../lib/gcc/arm-none-eabi/13.3.1/../../../../arm-none-eabi/lib/thumb/v7e-m+fp/hard/libm.a
END GROUP
START GROUP
LOAD /Applications/STM32CubeIDE.app/Contents/Eclipse/plugins/com.st.stm32cube.ide.mcu.externaltools.gnu-tools-for-stm32.13.3.rel1.macos64_1.0.100.202509120712/tools/bin/../lib/gcc/arm-none-eabi/13.3.1/thumb/v7e-m+fp/hard/libgcc.a
LOAD /Applications/STM32CubeIDE.app/Contents/Eclipse/plugins/com.st.stm32cube.ide.mcu.externaltools.gnu-tools-for-stm32.13.3.rel1.macos64_1.0.100.202509120712/tools/bin/../lib/gcc/arm-none-eabi/13.3.1/../../../../arm-none-eabi/lib/thumb/v7e-m+fp/hard/libc_nano.a
END GROUP
START GROUP
LOAD /Applications/STM32CubeIDE.app/Contents/Eclipse/plugins/com.st.stm32cube.ide.mcu.externaltools.gnu-tools-for-stm32.13.3.rel1.macos64_1.0.100.202509120712/tools/bin/../lib/gcc/arm-none-eabi/13.3.1/thumb/v7e-m+fp/hard/libgcc.a
LOAD /Applications/STM32CubeIDE.app/Contents/Eclipse/plugins/com.st.stm32cube.ide.mcu.externaltools.gnu-tools-for-stm32.13.3.rel1.macos64_1.0.100.202509120712/tools/bin/../lib/gcc/arm-none-eabi/13.3.1/../../../../arm-none-eabi/lib/thumb/v7e-m+fp/hard/libc_nano.a
LOAD /Applications/STM32CubeIDE.app/Contents/Eclipse/plugins/com.st.stm32cube.ide.mcu.externaltools.gnu-tools-for-stm32.13.3.rel1.macos64_1.0.100.202509120712/tools/bin/../lib/gcc/arm-none-eabi/13.3.1/../../../../arm-none-eabi/lib/thumb/v7e-m+fp/hard/libnosys.a
END GROUP
START GROUP
LOAD /Applications/STM32CubeIDE.app/Contents/Eclipse/plugins/com.st.stm32cube.ide.mcu.externaltools.gnu-tools-for-stm32.13.3.rel1.macos64_1.0.100.202509120712/tools/bin/../lib/gcc/arm-none-eabi/13.3.1/thumb/v7e-m+fp/hard/libgcc.a
LOAD /Applications/STM32CubeIDE.app/Contents/Eclipse/plugins/com.st.stm32cube.ide.mcu.externaltools.gnu-tools-for-stm32.13.3.rel1.macos64_1.0.100.202509120712/tools/bin/../lib/gcc/arm-none-eabi/13.3.1/../../../../arm-none-eabi/lib/thumb/v7e-m+fp/hard/libc_nano.a
LOAD /Applications/STM32CubeIDE.app/Contents/Eclipse/plugins/com.st.stm32cube.ide.mcu.externaltools.gnu-tools-for-stm32.13.3.rel1.macos64_1.0.100.202509120712/tools/bin/../lib/gcc/arm-none-eabi/13.3.1/../../../../arm-none-eabi/lib/thumb/v7e-m+fp/hard/libnosys.a
END GROUP
LOAD /Applications/STM32CubeIDE.app/Contents/Eclipse/plugins/com.st.stm32cube.ide.mcu.externaltools.gnu-tools-for-stm32.13.3.rel1.macos64_1.0.100.202509120712/tools/bin/../lib/gcc/arm-none-eabi/13.3.1/thumb/v7e-m+fp/hard/crtend.o
LOAD /Applications/STM32CubeIDE.app/Contents/Eclipse/plugins/com.st.stm32cube.ide.mcu.externaltools.gnu-tools-for-stm32.13.3.rel1.macos64_1.0.100.202509120712/tools/bin/../lib/gcc/arm-none-eabi/13.3.1/thumb/v7e-m+fp/hard/crtn.o
                0x20020000                        _estack = (ORIGIN (RAM) + LENGTH (RAM))
                0x00000200                        _Min_Heap_Size = 0x200
                0x00000400                        _Min_Stack_Size = 0x400

.isr_vector     0x08000000      0x198
                0x08000000                        . = ALIGN (0x4)
 *(.isr_vector)
 .isr_vector    0x08000000      0x198 ./Core/Startup/startup_stm32f411retx.o
                0x08000000                g_pfnVectors
                0x08000198                        . = ALIGN (0x4)

.text           0x080001a0     0x65f0
                0x080001a0                        . = ALIGN (0x4)
 *(.text)
 .text          0x080001a0       0x40 /Applications/STM32CubeIDE.app/Contents/Eclipse/plugins/com.st.stm32cube.ide.mcu.externaltools.gnu-tools-for-stm32.13.3.rel1.macos64_1.0.100.202509120712/tools/bin/../lib/gcc/arm-none-eabi/13.3.1/thumb/v7e-m+fp/hard/crtbegin.o
 .text          0x080001e0       0x30 /Applications/STM32CubeIDE.app/Contents/Eclipse/plugins/com.st.stm32cube.ide.mcu.externaltools.gnu-tools-for-stm32.13.3.rel1.macos64_1.0.100.202509120712/tools/bin/../lib/gcc/arm-none-eabi/13.3.1/thumb/v7e-m+fp/hard/libgcc.a(_aeabi_uldivmod.o)
                0x080001e0                __aeabi_uldivmod
 .text          0x08000210      0x2f8 /Applications/STM32CubeIDE.app/Contents/Eclipse/plugins/com.st.stm32cube.ide.mcu.externaltools.gnu-tools-for-stm32.13.3.rel1.macos64_1.0.100.202509120712/tools/bin/../lib/gcc/arm-none-eabi/13.3.1/thumb/v7e-m+fp/hard/libgcc.a(_udivmoddi4.o)
                0x08000210                __udivmoddi4
 .text          0x08000508        0x4 /Applications/STM32CubeIDE.app/Contents/Eclipse/plugins/com.st.stm32cube.ide.mcu.externaltools.gnu-tools-for-stm32.13.3.rel1.macos64_1.0.100.202509120712/tools/bin/../lib/gcc/arm-none-eabi/13.3.1/thumb/v7e-m+fp/hard/libgcc.a(_dvmd_tls.o)
                0x08000508                __aeabi_ldiv0
                0x08000508                __aeabi_idiv0
 *(.text*)
 .text.main     0x0800050c       0xa8 ./Core/Src/main.o
                0x0800050c                main
 .text.Task1_led_open_Handler
                0x080005b4       0x2c ./Core/Src/main.o
                0x080005b4                Task1_led_open_Handler
 .text.Task2_led_close_Handler
                0x080005e0       0x2c ./Core/Src/main.o
                0x080005e0                Task2_led_close_Handler
 .text.SystemClock_Config
                0x0800060c       0xd4 ./Core/Src/main.o
                0x0800060c                SystemClock_Config
 .text.MX_USART2_UART_Init
                0x080006e0       0x54 ./Core/Src/main.o
 .text.MX_GPIO_Init
                0x08000734       0xdc ./Core/Src/main.o
 .text.HAL_TIM_PeriodElapsedCallback
                0x08000810       0x24 ./Core/Src/main.o
                0x08000810                HAL_TIM_PeriodElapsedCallback
 .text.Error_Handler
                0x08000834        0xc ./Core/Src/main.o
                0x08000834                Error_Handler
 .text.HAL_MspInit
                0x08000840       0x50 ./Core/Src/stm32f4xx_hal_msp.o
                0x08000840                HAL_MspInit
 .text.HAL_UART_MspInit
                0x08000890       0x90 ./Core/Src/stm32f4xx_hal_msp.o
                0x08000890                HAL_UART_MspInit
 .text.HAL_InitTick
                0x08000920       0xe4 ./Core/Src/stm32f4xx_hal_timebase_tim.o
                0x08000920                HAL_InitTick
 .text.NMI_Handler
                0x08000a04        0x8 ./Core/Src/stm32f4xx_it.o
                0x08000a04                NMI_Handler
 .text.HardFault_Handler
                0x08000a0c        0x8 ./Core/Src/stm32f4xx_it.o
                0x08000a0c                HardFault_Handler
 .text.MemManage_Handler
                0x08000a14        0x8 ./Core/Src/stm32f4xx_it.o
                0x08000a14                MemManage_Handler
 .text.BusFault_Handler
                0x08000a1c        0x8 ./Core/Src/stm32f4xx_it.o
                0x08000a1c                BusFault_Handler
 .text.UsageFault_Handler
                0x08000a24        0x8 ./Core/Src/stm32f4xx_it.o
                0x08000a24                UsageFault_Handler
 .text.DebugMon_Handler
                0x08000a2c        0xe ./Core/Src/stm32f4xx_it.o
                0x08000a2c                DebugMon_Handler
 *fill*         0x08000a3a        0x2 
 .text.TIM1_UP_TIM10_IRQHandler
                0x08000a3c       0x14 ./Core/Src/stm32f4xx_it.o
                0x08000a3c                TIM1_UP_TIM10_IRQHandler
 .text.SystemInit
                0x08000a50       0x24 ./Core/Src/system_stm32f4xx.o
                0x08000a50                SystemInit
 .text.Reset_Handler
                0x08000a74       0x50 ./Core/Startup/startup_stm32f411retx.o
                0x08000a74                Reset_Handler
 .text.Default_Handler
                0x08000ac4        0x2 ./Core/Startup/startup_stm32f411retx.o
                0x08000ac4                DMA1_Stream3_IRQHandler
                0x08000ac4                EXTI2_IRQHandler
                0x08000ac4                SPI4_IRQHandler
                0x08000ac4                TIM1_CC_IRQHandler
                0x08000ac4                DMA2_Stream5_IRQHandler
                0x08000ac4                DMA1_Stream5_IRQHandler
                0x08000ac4                PVD_IRQHandler
                0x08000ac4                SDIO_IRQHandler
                0x08000ac4                TAMP_STAMP_IRQHandler
                0x08000ac4                EXTI3_IRQHandler
                0x08000ac4                I2C3_ER_IRQHandler
                0x08000ac4                I2C2_EV_IRQHandler
                0x08000ac4                DMA1_Stream2_IRQHandler
                0x08000ac4                FPU_IRQHandler
                0x08000ac4                DMA2_Stream2_IRQHandler
                0x08000ac4                SPI1_IRQHandler
                0x08000ac4                TIM1_BRK_TIM9_IRQHandler
                0x08000ac4                DMA2_Stream3_IRQHandler
                0x08000ac4                USART6_IRQHandler
                0x08000ac4                DMA2_Stream0_IRQHandler
                0x08000ac4                TIM4_IRQHandler
                0x08000ac4                I2C1_EV_IRQHandler
                0x08000ac4                DMA1_Stream6_IRQHandler
                0x08000ac4                DMA1_Stream1_IRQHandler
                0x08000ac4                TIM3_IRQHandler
                0x08000ac4                RCC_IRQHandler
                0x08000ac4                Default_Handler
                0x08000ac4                EXTI15_10_IRQHandler
                0x08000ac4                ADC_IRQHandler
                0x08000ac4                DMA1_Stream7_IRQHandler
                0x08000ac4                SPI5_IRQHandler
                0x08000ac4                TIM5_IRQHandler
                0x08000ac4                DMA2_Stream7_IRQHandler
                0x08000ac4                I2C3_EV_IRQHandler
                0x08000ac4                EXTI9_5_IRQHandler
                0x08000ac4                RTC_WKUP_IRQHandler
                0x08000ac4                SPI2_IRQHandler
                0x08000ac4                DMA1_Stream0_IRQHandler
                0x08000ac4                EXTI4_IRQHandler
                0x08000ac4                WWDG_IRQHandler
                0x08000ac4                TIM2_IRQHandler
                0x08000ac4                OTG_FS_WKUP_IRQHandler
                0x08000ac4                TIM1_TRG_COM_TIM11_IRQHandler
                0x08000ac4                USART2_IRQHandler
                0x08000ac4                I2C2_ER_IRQHandler
                0x08000ac4                DMA2_Stream1_IRQHandler
                0x08000ac4                FLASH_IRQHandler
                0x08000ac4                DMA2_Stream4_IRQHandler
                0x08000ac4                USART1_IRQHandler
                0x08000ac4                OTG_FS_IRQHandler
                0x08000ac4                SPI3_IRQHandler
                0x08000ac4                DMA1_Stream4_IRQHandler
                0x08000ac4                I2C1_ER_IRQHandler
                0x08000ac4                DMA2_Stream6_IRQHandler
                0x08000ac4                RTC_Alarm_IRQHandler
 *fill*         0x08000ac6        0x2 
 .text.__NVIC_EnableIRQ
                0x08000ac8       0x3c ./Drivers/Modules/GPIO_Driver.o
 .text.__NVIC_SetPriority
                0x08000b04       0x54 ./Drivers/Modules/GPIO_Driver.o
 .text.gpio_setup
                0x08000b58       0xdc ./Drivers/Modules/GPIO_Driver.o
                0x08000b58                gpio_setup
 .text.EXTI0_IRQHandler
                0x08000c34       0x64 ./Drivers/Modules/GPIO_Driver.o
                0x08000c34                EXTI0_IRQHandler
 .text.EXTI1_IRQHandler
                0x08000c98       0x64 ./Drivers/Modules/GPIO_Driver.o
                0x08000c98                EXTI1_IRQHandler
 .text.HAL_Init
                0x08000cfc       0x44 ./Drivers/STM32F4xx_HAL_Driver/Src/stm32f4xx_hal.o
                0x08000cfc                HAL_Init
 .text.HAL_IncTick
                0x08000d40       0x28 ./Drivers/STM32F4xx_HAL_Driver/Src/stm32f4xx_hal.o
                0x08000d40                HAL_IncTick
 .text.HAL_GetTick
                0x08000d68       0x18 ./Drivers/STM32F4xx_HAL_Driver/Src/stm32f4xx_hal.o
                0x08000d68                HAL_GetTick
 .text.__NVIC_SetPriorityGrouping
                0x08000d80       0x48 ./Drivers/STM32F4xx_HAL_Driver/Src/stm32f4xx_hal_cortex.o
 .text.__NVIC_GetPriorityGrouping
                0x08000dc8       0x1c ./Drivers/STM32F4xx_HAL_Driver/Src/stm32f4xx_hal_cortex.o
 .text.__NVIC_EnableIRQ
                0x08000de4       0x3c ./Drivers/STM32F4xx_HAL_Driver/Src/stm32f4xx_hal_cortex.o
 .text.__NVIC_SetPriority
                0x08000e20       0x54 ./Drivers/STM32F4xx_HAL_Driver/Src/stm32f4xx_hal_cortex.o
 .text.NVIC_EncodePriority
                0x08000e74       0x66 ./Drivers/STM32F4xx_HAL_Driver/Src/stm32f4xx_hal_cortex.o
 .text.HAL_NVIC_SetPriorityGrouping
                0x08000eda       0x16 ./Drivers/STM32F4xx_HAL_Driver/Src/stm32f4xx_hal_cortex.o
                0x08000eda                HAL_NVIC_SetPriorityGrouping
 .text.HAL_NVIC_SetPriority
                0x08000ef0       0x38 ./Drivers/STM32F4xx_HAL_Driver/Src/stm32f4xx_hal_cortex.o
                0x08000ef0                HAL_NVIC_SetPriority
 .text.HAL_NVIC_EnableIRQ
                0x08000f28       0x1c ./Drivers/STM32F4xx_HAL_Driver/Src/stm32f4xx_hal_cortex.o
                0x08000f28                HAL_NVIC_EnableIRQ
 .text.HAL_GPIO_Init
                0x08000f44      0x308 ./Drivers/STM32F4xx_HAL_Driver/Src/stm32f4xx_hal_gpio.o
                0x08000f44                HAL_GPIO_Init
 .text.HAL_GPIO_WritePin
                0x0800124c       0x32 ./Drivers/STM32F4xx_HAL_Driver/Src/stm32f4xx_hal_gpio.o
                0x0800124c                HAL_GPIO_WritePin
 *fill*         0x0800127e        0x2 
 .text.HAL_RCC_OscConfig
                0x08001280      0x4f0 ./Drivers/STM32F4xx_HAL_Driver/Src/stm32f4xx_hal_rcc.o
                0x08001280                HAL_RCC_OscConfig
 .text.HAL_RCC_ClockConfig
                0x08001770      0x1cc ./Drivers/STM32F4xx_HAL_Driver/Src/stm32f4xx_hal_rcc.o
                0x08001770                HAL_RCC_ClockConfig
 .text.HAL_RCC_GetSysClockFreq
                0x0800193c      0x20c ./Drivers/STM32F4xx_HAL_Driver/Src/stm32f4xx_hal_rcc.o
                0x0800193c                HAL_RCC_GetSysClockFreq
 .text.HAL_RCC_GetHCLKFreq
                0x08001b48       0x18 ./Drivers/STM32F4xx_HAL_Driver/Src/stm32f4xx_hal_rcc.o
                0x08001b48                HAL_RCC_GetHCLKFreq
 .text.HAL_RCC_GetPCLK1Freq
                0x08001b60       0x28 ./Drivers/STM32F4xx_HAL_Driver/Src/stm32f4xx_hal_rcc.o
                0x08001b60                HAL_RCC_GetPCLK1Freq
 .text.HAL_RCC_GetPCLK2Freq
                0x08001b88       0x28 ./Drivers/STM32F4xx_HAL_Driver/Src/stm32f4xx_hal_rcc.o
                0x08001b88                HAL_RCC_GetPCLK2Freq
 .text.HAL_RCC_GetClockConfig
                0x08001bb0       0x64 ./Drivers/STM32F4xx_HAL_Driver/Src/stm32f4xx_hal_rcc.o
                0x08001bb0                HAL_RCC_GetClockConfig
 .text.HAL_TIM_Base_Init
                0x08001c14       0x9e ./Drivers/STM32F4xx_HAL_Driver/Src/stm32f4xx_hal_tim.o
                0x08001c14                HAL_TIM_Base_Init
 .text.HAL_TIM_Base_MspInit
                0x08001cb2       0x14 ./Drivers/STM32F4xx_HAL_Driver/Src/stm32f4xx_hal_tim.o
                0x08001cb2                HAL_TIM_Base_MspInit
 *fill*         0x08001cc6        0x2 
 .text.HAL_TIM_Base_Start_IT
                0x08001cc8       0xc4 ./Drivers/STM32F4xx_HAL_Driver/Src/stm32f4xx_hal_tim.o
                0x08001cc8                HAL_TIM_Base_Start_IT
 .text.HAL_TIM_IRQHandler
                0x08001d8c      0x1e0 ./Drivers/STM32F4xx_HAL_Driver/Src/stm32f4xx_hal_tim.o
                0x08001d8c                HAL_TIM_IRQHandler
 .text.HAL_TIM_OC_DelayElapsedCallback
                0x08001f6c       0x14 ./Drivers/STM32F4xx_HAL_Driver/Src/stm32f4xx_hal_tim.o
                0x08001f6c                HAL_TIM_OC_DelayElapsedCallback
 .text.HAL_TIM_IC_CaptureCallback
                0x08001f80       0x14 ./Drivers/STM32F4xx_HAL_Driver/Src/stm32f4xx_hal_tim.o
                0x08001f80                HAL_TIM_IC_CaptureCallback
 .text.HAL_TIM_PWM_PulseFinishedCallback
                0x08001f94       0x14 ./Drivers/STM32F4xx_HAL_Driver/Src/stm32f4xx_hal_tim.o
                0x08001f94                HAL_TIM_PWM_PulseFinishedCallback
 .text.HAL_TIM_TriggerCallback
                0x08001fa8       0x14 ./Drivers/STM32F4xx_HAL_Driver/Src/stm32f4xx_hal_tim.o
                0x08001fa8                HAL_TIM_TriggerCallback
 .text.TIM_Base_SetConfig
                0x08001fbc      0x10c ./Drivers/STM32F4xx_HAL_Driver/Src/stm32f4xx_hal_tim.o
                0x08001fbc                TIM_Base_SetConfig
 .text.HAL_TIMEx_CommutCallback
                0x080020c8       0x14 ./Drivers/STM32F4xx_HAL_Driver/Src/stm32f4xx_hal_tim_ex.o
                0x080020c8                HAL_TIMEx_CommutCallback
 .text.HAL_TIMEx_BreakCallback
                0x080020dc       0x14 ./Drivers/STM32F4xx_HAL_Driver/Src/stm32f4xx_hal_tim_ex.o
                0x080020dc                HAL_TIMEx_BreakCallback
 .text.HAL_UART_Init
                0x080020f0       0xa0 ./Drivers/STM32F4xx_HAL_Driver/Src/stm32f4xx_hal_uart.o
                0x080020f0                HAL_UART_Init
 .text.UART_SetConfig
                0x08002190      0x4e8 ./Drivers/STM32F4xx_HAL_Driver/Src/stm32f4xx_hal_uart.o
 .text.vListInitialise
                0x08002678       0x40 ./ThirdParty/FreeRTOS/org/Source/list.o
                0x08002678                vListInitialise
 .text.vListInitialiseItem
                0x080026b8       0x1a ./ThirdParty/FreeRTOS/org/Source/list.o
                0x080026b8                vListInitialiseItem
 .text.vListInsert
                0x080026d2       0x72 ./ThirdParty/FreeRTOS/org/Source/list.o
                0x080026d2                vListInsert
 .text.uxListRemove
                0x08002744       0x54 ./ThirdParty/FreeRTOS/org/Source/list.o
                0x08002744                uxListRemove
 .text.xQueueGenericReset
                0x08002798      0x124 ./ThirdParty/FreeRTOS/org/Source/queue.o
                0x08002798                xQueueGenericReset
 .text.xQueueGenericCreate
                0x080028bc       0x9e ./ThirdParty/FreeRTOS/org/Source/queue.o
                0x080028bc                xQueueGenericCreate
 .text.prvInitialiseNewQueue
                0x0800295a       0x52 ./ThirdParty/FreeRTOS/org/Source/queue.o
 .text.xQueueGiveFromISR
                0x080029ac      0x178 ./ThirdParty/FreeRTOS/org/Source/queue.o
                0x080029ac                xQueueGiveFromISR
 .text.xQueueSemaphoreTake
                0x08002b24      0x230 ./ThirdParty/FreeRTOS/org/Source/queue.o
                0x08002b24                xQueueSemaphoreTake
 .text.prvGetDisinheritPriorityAfterTimeout
                0x08002d54       0x30 ./ThirdParty/FreeRTOS/org/Source/queue.o
 .text.prvUnlockQueue
                0x08002d84       0xa4 ./ThirdParty/FreeRTOS/org/Source/queue.o
 .text.prvIsQueueEmpty
                0x08002e28       0x2c ./ThirdParty/FreeRTOS/org/Source/queue.o
 .text.prvCreateTask
                0x08002e54       0x78 ./ThirdParty/FreeRTOS/org/Source/tasks.o
 .text.xTaskCreate
                0x08002ecc       0x46 ./ThirdParty/FreeRTOS/org/Source/tasks.o
                0x08002ecc                xTaskCreate
 .text.prvInitialiseNewTask
                0x08002f12      0x120 ./ThirdParty/FreeRTOS/org/Source/tasks.o
 *fill*         0x08003032        0x2 
 .text.prvAddNewTaskToReadyList
                0x08003034      0x16c ./ThirdParty/FreeRTOS/org/Source/tasks.o
 .text.prvCreateIdleTasks
                0x080031a0       0x94 ./ThirdParty/FreeRTOS/org/Source/tasks.o
 .text.vTaskStartScheduler
                0x08003234       0xa0 ./ThirdParty/FreeRTOS/org/Source/tasks.o
                0x08003234                vTaskStartScheduler
 .text.vTaskSuspendAll
                0x080032d4       0x1c ./ThirdParty/FreeRTOS/org/Source/tasks.o
                0x080032d4                vTaskSuspendAll
 .text.xTaskResumeAll
                0x080032f0      0x218 ./ThirdParty/FreeRTOS/org/Source/tasks.o
                0x080032f0                xTaskResumeAll
 .text.xTaskGetTickCountFromISR
                0x08003508       0x24 ./ThirdParty/FreeRTOS/org/Source/tasks.o
                0x08003508                xTaskGetTickCountFromISR
 .text.uxTaskGetNumberOfTasks
                0x0800352c       0x18 ./ThirdParty/FreeRTOS/org/Source/tasks.o
                0x0800352c                uxTaskGetNumberOfTasks
 .text.xTaskIncrementTick
                0x08003544      0x23c ./ThirdParty/FreeRTOS/org/Source/tasks.o
                0x08003544                xTaskIncrementTick
 .text.vTaskSwitchContext
                0x08003780       0xd8 ./ThirdParty/FreeRTOS/org/Source/tasks.o
                0x08003780                vTaskSwitchContext
 .text.vTaskPlaceOnEventList
                0x08003858       0x4c ./ThirdParty/FreeRTOS/org/Source/tasks.o
                0x08003858                vTaskPlaceOnEventList
 .text.xTaskRemoveFromEventList
                0x080038a4      0x1b8 ./ThirdParty/FreeRTOS/org/Source/tasks.o
                0x080038a4                xTaskRemoveFromEventList
 .text.vTaskInternalSetTimeOutState
                0x08003a5c       0x2c ./ThirdParty/FreeRTOS/org/Source/tasks.o
                0x08003a5c                vTaskInternalSetTimeOutState
 .text.xTaskCheckForTimeOut
                0x08003a88       0xd0 ./ThirdParty/FreeRTOS/org/Source/tasks.o
                0x08003a88                xTaskCheckForTimeOut
 .text.vTaskMissedYield
                0x08003b58       0x18 ./ThirdParty/FreeRTOS/org/Source/tasks.o
                0x08003b58                vTaskMissedYield
 .text.prvIdleTask
                0x08003b70       0x30 ./ThirdParty/FreeRTOS/org/Source/tasks.o
 .text.prvInitialiseTaskLists
                0x08003ba0       0x80 ./ThirdParty/FreeRTOS/org/Source/tasks.o
 .text.prvCheckTasksWaitingTermination
                0x08003c20       0x5c ./ThirdParty/FreeRTOS/org/Source/tasks.o
 .text.prvDeleteTCB
                0x08003c7c       0x20 ./ThirdParty/FreeRTOS/org/Source/tasks.o
 .text.prvResetNextTaskUnblockTime
                0x08003c9c       0x38 ./ThirdParty/FreeRTOS/org/Source/tasks.o
 .text.xTaskPriorityInherit
                0x08003cd4      0x154 ./ThirdParty/FreeRTOS/org/Source/tasks.o
                0x08003cd4                xTaskPriorityInherit
 .text.vTaskPriorityDisinheritAfterTimeout
                0x08003e28      0x18c ./ThirdParty/FreeRTOS/org/Source/tasks.o
                0x08003e28                vTaskPriorityDisinheritAfterTimeout
 .text.pvTaskIncrementMutexHeldCount
                0x08003fb4       0x30 ./ThirdParty/FreeRTOS/org/Source/tasks.o
                0x08003fb4                pvTaskIncrementMutexHeldCount
 .text.prvAddCurrentTaskToDelayedList
                0x08003fe4      0x11c ./ThirdParty/FreeRTOS/org/Source/tasks.o
 .text.pxPortInitialiseStack
                0x08004100       0x68 ./ThirdParty/FreeRTOS/org/Source/portable/GCC/ARM_CM4F/port.o
                0x08004100                pxPortInitialiseStack
 .text.prvTaskExitError
                0x08004168       0x5c ./ThirdParty/FreeRTOS/org/Source/portable/GCC/ARM_CM4F/port.o
 *fill*         0x080041c4        0xc 
 .text.SVC_Handler
                0x080041d0       0x28 ./ThirdParty/FreeRTOS/org/Source/portable/GCC/ARM_CM4F/port.o
                0x080041d0                SVC_Handler
 .text.prvPortStartFirstTask
                0x080041f8       0x2c ./ThirdParty/FreeRTOS/org/Source/portable/GCC/ARM_CM4F/port.o
 .text.xPortStartScheduler
                0x08004224      0x1e0 ./ThirdParty/FreeRTOS/org/Source/portable/GCC/ARM_CM4F/port.o
                0x08004224                xPortStartScheduler
 .text.vPortEnterCritical
                0x08004404       0x64 ./ThirdParty/FreeRTOS/org/Source/portable/GCC/ARM_CM4F/port.o
                0x08004404                vPortEnterCritical
 .text.vPortExitCritical
                0x08004468       0x54 ./ThirdParty/FreeRTOS/org/Source/portable/GCC/ARM_CM4F/port.o
                0x08004468                vPortExitCritical
 *fill*         0x080044bc        0x4 
 .text.PendSV_Handler
                0x080044c0       0x68 ./ThirdParty/FreeRTOS/org/Source/portable/GCC/ARM_CM4F/port.o
                0x080044c0                PendSV_Handler
 .text.SysTick_Handler
                0x08004528       0x54 ./ThirdParty/FreeRTOS/org/Source/portable/GCC/ARM_CM4F/port.o
                0x08004528                SysTick_Handler
 .text.vPortSetupTimerInterrupt
                0x0800457c       0x48 ./ThirdParty/FreeRTOS/org/Source/portable/GCC/ARM_CM4F/port.o
                0x0800457c                vPortSetupTimerInterrupt
 .text.vPortEnableVFP
                0x080045c4       0x18 ./ThirdParty/FreeRTOS/org/Source/portable/GCC/ARM_CM4F/port.o
 .text.vPortValidateInterruptPriority
                0x080045dc       0x84 ./ThirdParty/FreeRTOS/org/Source/portable/GCC/ARM_CM4F/port.o
                0x080045dc                vPortValidateInterruptPriority
 .text.vSetVarulMaxPRIGROUPValue
                0x08004660       0xe4 ./ThirdParty/FreeRTOS/org/Source/portable/GCC/ARM_CM4F/port.o
                0x08004660                vSetVarulMaxPRIGROUPValue
 .text.pvPortMalloc
                0x08004744      0x264 ./ThirdParty/FreeRTOS/org/Source/portable/MemMang/heap_4.o
                0x08004744                pvPortMalloc
 .text.vPortFree
                0x080049a8       0xec ./ThirdParty/FreeRTOS/org/Source/portable/MemMang/heap_4.o
                0x080049a8                vPortFree
 .text.prvHeapInit
                0x08004a94       0xb4 ./ThirdParty/FreeRTOS/org/Source/portable/MemMang/heap_4.o
 .text.prvInsertBlockIntoFreeList
                0x08004b48       0xf4 ./ThirdParty/FreeRTOS/org/Source/portable/MemMang/heap_4.o
 .text._cbSendSystemDesc
                0x08004c3c       0x1c ./ThirdParty/SEGGER/Config/SEGGER_SYSVIEW_Config_FreeRTOS.o
 .text.SEGGER_SYSVIEW_Conf
                0x08004c58       0x2c ./ThirdParty/SEGGER/Config/SEGGER_SYSVIEW_Config_FreeRTOS.o
                0x08004c58                SEGGER_SYSVIEW_Conf
 .text._cbSendTaskList
                0x08004c84       0x90 ./ThirdParty/SEGGER/OS/SEGGER_SYSVIEW_FreeRTOS.o
 .text._cbGetTime
                0x08004d14       0x86 ./ThirdParty/SEGGER/OS/SEGGER_SYSVIEW_FreeRTOS.o
 *fill*         0x08004d9a        0x2 
 .text.SYSVIEW_AddTask
                0x08004d9c       0xd0 ./ThirdParty/SEGGER/OS/SEGGER_SYSVIEW_FreeRTOS.o
                0x08004d9c                SYSVIEW_AddTask
 .text.SYSVIEW_SendTaskInfo
                0x08004e6c       0x42 ./ThirdParty/SEGGER/OS/SEGGER_SYSVIEW_FreeRTOS.o
                0x08004e6c                SYSVIEW_SendTaskInfo
 *fill*         0x08004eae        0x2 
 .text._DoInit  0x08004eb0       0xa4 ./ThirdParty/SEGGER/SEGGER/SEGGER_RTT.o
 .text.SEGGER_RTT_ReadNoLock
                0x08004f54      0x104 ./ThirdParty/SEGGER/SEGGER/SEGGER_RTT.o
                0x08004f54                SEGGER_RTT_ReadNoLock
 .text.SEGGER_RTT_WriteSkipNoLock
                0x08005058      0x120 ./ThirdParty/SEGGER/SEGGER/SEGGER_RTT.o
                0x08005058                SEGGER_RTT_WriteSkipNoLock
 .text.SEGGER_RTT_ConfigUpBuffer
                0x08005178       0xd4 ./ThirdParty/SEGGER/SEGGER/SEGGER_RTT.o
                0x08005178                SEGGER_RTT_ConfigUpBuffer
 .text.SEGGER_RTT_ConfigDownBuffer
                0x0800524c       0xd4 ./ThirdParty/SEGGER/SEGGER/SEGGER_RTT.o
                0x0800524c                SEGGER_RTT_ConfigDownBuffer
 .text._EncodeStr
                0x08005320       0x9a ./ThirdParty/SEGGER/SEGGER/SEGGER_SYSVIEW.o
 .text._PreparePacket
                0x080053ba       0x18 ./ThirdParty/SEGGER/SEGGER/SEGGER_SYSVIEW.o
 *fill*         0x080053d2        0x2 
 .text._HandleIncomingPacket
                0x080053d4       0xc4 ./ThirdParty/SEGGER/SEGGER/SEGGER_SYSVIEW.o
 .text._TrySendOverflowPacket
                0x08005498       0xe0 ./ThirdParty/SEGGER/SEGGER/SEGGER_SYSVIEW.o
 .text._SendPacket
                0x08005578      0x1a8 ./ThirdParty/SEGGER/SEGGER/SEGGER_SYSVIEW.o
 .text.SEGGER_SYSVIEW_Init
                0x08005720       0x7c ./ThirdParty/SEGGER/SEGGER/SEGGER_SYSVIEW.o
                0x08005720                SEGGER_SYSVIEW_Init
 .text.SEGGER_SYSVIEW_SetRAMBase
                0x0800579c       0x20 ./ThirdParty/SEGGER/SEGGER/SEGGER_SYSVIEW.o
                0x0800579c                SEGGER_SYSVIEW_SetRAMBase
 .text.SEGGER_SYSVIEW_RecordVoid
                0x080057bc       0x3c ./ThirdParty/SEGGER/SEGGER/SEGGER_SYSVIEW.o
                0x080057bc                SEGGER_SYSVIEW_RecordVoid
 .text.SEGGER_SYSVIEW_RecordU32
                0x080057f8       0x78 ./ThirdParty/SEGGER/SEGGER/SEGGER_SYSVIEW.o
                0x080057f8                SEGGER_SYSVIEW_RecordU32
 .text.SEGGER_SYSVIEW_RecordU32x2
                0x08005870       0xb4 ./ThirdParty/SEGGER/SEGGER/SEGGER_SYSVIEW.o
                0x08005870                SEGGER_SYSVIEW_RecordU32x2
 .text.SEGGER_SYSVIEW_RecordU32x3
                0x08005924       0xec ./ThirdParty/SEGGER/SEGGER/SEGGER_SYSVIEW.o
                0x08005924                SEGGER_SYSVIEW_RecordU32x3
 .text.SEGGER_SYSVIEW_RecordU32x4
                0x08005a10      0x124 ./ThirdParty/SEGGER/SEGGER/SEGGER_SYSVIEW.o
                0x08005a10                SEGGER_SYSVIEW_RecordU32x4
 .text.SEGGER_SYSVIEW_Start
                0x08005b34      0x178 ./ThirdParty/SEGGER/SEGGER/SEGGER_SYSVIEW.o
                0x08005b34                SEGGER_SYSVIEW_Start
 .text.SEGGER_SYSVIEW_Stop
                0x08005cac       0x4c ./ThirdParty/SEGGER/SEGGER/SEGGER_SYSVIEW.o
                0x08005cac                SEGGER_SYSVIEW_Stop
 .text.SEGGER_SYSVIEW_GetSysDesc
                0x08005cf8      0x134 ./ThirdParty/SEGGER/SEGGER/SEGGER_SYSVIEW.o
                0x08005cf8                SEGGER_SYSVIEW_GetSysDesc
 .text.SEGGER_SYSVIEW_SendTaskInfo
                0x08005e2c      0x1cc ./ThirdParty/SEGGER/SEGGER/SEGGER_SYSVIEW.o
                0x08005e2c                SEGGER_SYSVIEW_SendTaskInfo
 .text.SEGGER_SYSVIEW_SendTaskList
                0x08005ff8       0x28 ./ThirdParty/SEGGER/SEGGER/SEGGER_SYSVIEW.o
                0x08005ff8                SEGGER_SYSVIEW_SendTaskList
 .text.SEGGER_SYSVIEW_SendSysDesc
                0x08006020       0x48 ./ThirdParty/SEGGER/SEGGER/SEGGER_SYSVIEW.o
                0x08006020                SEGGER_SYSVIEW_SendSysDesc
 .text.SEGGER_SYSVIEW_RecordSystime
                0x08006068       0x64 ./ThirdParty/SEGGER/SEGGER/SEGGER_SYSVIEW.o
                0x08006068                SEGGER_SYSVIEW_RecordSystime
 .text.SEGGER_SYSVIEW_RecordEnterISR
                0x080060cc       0x84 ./ThirdParty/SEGGER/SEGGER/SEGGER_SYSVIEW.o
                0x080060cc                SEGGER_SYSVIEW_RecordEnterISR
 .text.SEGGER_SYSVIEW_RecordExitISR
                0x08006150       0x38 ./ThirdParty/SEGGER/SEGGER/SEGGER_SYSVIEW.o
                0x08006150                SEGGER_SYSVIEW_RecordExitISR
 .text.SEGGER_SYSVIEW_RecordExitISRToScheduler
                0x08006188       0x38 ./ThirdParty/SEGGER/SEGGER/SEGGER_SYSVIEW.o
                0x08006188                SEGGER_SYSVIEW_RecordExitISRToScheduler
 .text.SEGGER_SYSVIEW_OnIdle
                0x080061c0       0x38 ./ThirdParty/SEGGER/SEGGER/SEGGER_SYSVIEW.o
                0x080061c0                SEGGER_SYSVIEW_OnIdle
 .text.SEGGER_SYSVIEW_OnTaskCreate
                0x080061f8       0x88 ./ThirdParty/SEGGER/SEGGER/SEGGER_SYSVIEW.o
                0x080061f8                SEGGER_SYSVIEW_OnTaskCreate
 .text.SEGGER_SYSVIEW_OnTaskStartExec
                0x08006280       0x88 ./ThirdParty/SEGGER/SEGGER/SEGGER_SYSVIEW.o
                0x08006280                SEGGER_SYSVIEW_OnTaskStartExec
 .text.SEGGER_SYSVIEW_OnTaskStartReady
                0x08006308       0x88 ./ThirdParty/SEGGER/SEGGER/SEGGER_SYSVIEW.o
                0x08006308                SEGGER_SYSVIEW_OnTaskStartReady
 .text.SEGGER_SYSVIEW_OnTaskStopReady
                0x08006390       0xc0 ./ThirdParty/SEGGER/SEGGER/SEGGER_SYSVIEW.o
                0x08006390                SEGGER_SYSVIEW_OnTaskStopReady
 .text.SEGGER_SYSVIEW_ShrinkId
                0x08006450       0x24 ./ThirdParty/SEGGER/SEGGER/SEGGER_SYSVIEW.o
                0x08006450                SEGGER_SYSVIEW_ShrinkId
 .text.SEGGER_SYSVIEW_SendModule
                0x08006474      0x100 ./ThirdParty/SEGGER/SEGGER/SEGGER_SYSVIEW.o
                0x08006474                SEGGER_SYSVIEW_SendModule
 .text.SEGGER_SYSVIEW_SendModuleDescription
                0x08006574       0x3c ./ThirdParty/SEGGER/SEGGER/SEGGER_SYSVIEW.o
                0x08006574                SEGGER_SYSVIEW_SendModuleDescription
 .text.SEGGER_SYSVIEW_SendNumModules
                0x080065b0       0x7c ./ThirdParty/SEGGER/SEGGER/SEGGER_SYSVIEW.o
                0x080065b0                SEGGER_SYSVIEW_SendNumModules
 .text.SEGGER_SYSVIEW_Warn
                0x0800662c       0xb8 ./ThirdParty/SEGGER/SEGGER/SEGGER_SYSVIEW.o
                0x0800662c                SEGGER_SYSVIEW_Warn
 .text.memcmp   0x080066e4       0x20 /Applications/STM32CubeIDE.app/Contents/Eclipse/plugins/com.st.stm32cube.ide.mcu.externaltools.gnu-tools-for-stm32.13.3.rel1.macos64_1.0.100.202509120712/tools/bin/../lib/gcc/arm-none-eabi/13.3.1/../../../../arm-none-eabi/lib/thumb/v7e-m+fp/hard/libc_nano.a(libc_a-memcmp.o)
                0x080066e4                memcmp
 .text.memset   0x08006704       0x10 /Applications/STM32CubeIDE.app/Contents/Eclipse/plugins/com.st.stm32cube.ide.mcu.externaltools.gnu-tools-for-stm32.13.3.rel1.macos64_1.0.100.202509120712/tools/bin/../lib/gcc/arm-none-eabi/13.3.1/../../../../arm-none-eabi/lib/thumb/v7e-m+fp/hard/libc_nano.a(libc_a-memset.o)
                0x08006704                memset
 .text.__libc_init_array
                0x08006714       0x48 /Applications/STM32CubeIDE.app/Contents/Eclipse/plugins/com.st.stm32cube.ide.mcu.externaltools.gnu-tools-for-stm32.13.3.rel1.macos64_1.0.100.202509120712/tools/bin/../lib/gcc/arm-none-eabi/13.3.1/../../../../arm-none-eabi/lib/thumb/v7e-m+fp/hard/libc_nano.a(libc_a-init.o)
                0x08006714                __libc_init_array
 .text.memcpy   0x0800675c       0x1c /Applications/STM32CubeIDE.app/Contents/Eclipse/plugins/com.st.stm32cube.ide.mcu.externaltools.gnu-tools-for-stm32.13.3.rel1.macos64_1.0.100.202509120712/tools/bin/../lib/gcc/arm-none-eabi/13.3.1/../../../../arm-none-eabi/lib/thumb/v7e-m+fp/hard/libc_nano.a(libc_a-memcpy-stub.o)
                0x0800675c                memcpy
 *(.glue_7)
 .glue_7        0x08006778        0x0 linker stubs
 *(.glue_7t)
 .glue_7t       0x08006778        0x0 linker stubs
 *(.eh_frame)
 .eh_frame      0x08006778        0x0 /Applications/STM32CubeIDE.app/Contents/Eclipse/plugins/com.st.stm32cube.ide.mcu.externaltools.gnu-tools-for-stm32.13.3.rel1.macos64_1.0.100.202509120712/tools/bin/../lib/gcc/arm-none-eabi/13.3.1/thumb/v7e-m+fp/hard/crtbegin.o
 *(.init)
 .init          0x08006778        0x4 /Applications/STM32CubeIDE.app/Contents/Eclipse/plugins/com.st.stm32cube.ide.mcu.externaltools.gnu-tools-for-stm32.13.3.rel1.macos64_1.0.100.202509120712/tools/bin/../lib/gcc/arm-none-eabi/13.3.1/thumb/v7e-m+fp/hard/crti.o
                0x08006778                _init
 .init          0x0800677c        0x8 /Applications/STM32CubeIDE.app/Contents/Eclipse/plugins/com.st.stm32cube.ide.mcu.externaltools.gnu-tools-for-stm32.13.3.rel1.macos64_1.0.100.202509120712/tools/bin/../lib/gcc/arm-none-eabi/13.3.1/thumb/v7e-m+fp/hard/crtn.o
 *(.fini)
 .fini          0x08006784        0x4 /Applications/STM32CubeIDE.app/Contents/Eclipse/plugins/com.st.stm32cube.ide.mcu.externaltools.gnu-tools-for-stm32.13.3.rel1.macos64_1.0.100.202509120712/tools/bin/../lib/gcc/arm-none-eabi/13.3.1/thumb/v7e-m+fp/hard/crti.o
                0x08006784                _fini
 .fini          0x08006788        0x8 /Applications/STM32CubeIDE.app/Contents/Eclipse/plugins/com.st.stm32cube.ide.mcu.externaltools.gnu-tools-for-stm32.13.3.rel1.macos64_1.0.100.202509120712/tools/bin/../lib/gcc/arm-none-eabi/13.3.1/thumb/v7e-m+fp/hard/crtn.o
                0x08006790                        . = ALIGN (0x4)
                0x08006790                        _etext = .

.vfp11_veneer   0x08006790        0x0
 .vfp11_veneer  0x08006790        0x0 linker stubs

.v4_bx          0x08006790        0x0
 .v4_bx         0x08006790        0x0 linker stubs

.iplt           0x08006790        0x0
 .iplt          0x08006790        0x0 /Applications/STM32CubeIDE.app/Contents/Eclipse/plugins/com.st.stm32cube.ide.mcu.externaltools.gnu-tools-for-stm32.13.3.rel1.macos64_1.0.100.202509120712/tools/bin/../lib/gcc/arm-none-eabi/13.3.1/thumb/v7e-m+fp/hard/crtbegin.o

.rodata         0x08006790      0x120
                0x08006790                        . = ALIGN (0x4)
 *(.rodata)
 .rodata        0x08006790       0x27 ./Core/Src/main.o
 *fill*         0x080067b7        0x1 
 .rodata        0x080067b8        0x5 ./ThirdParty/FreeRTOS/org/Source/tasks.o
 *fill*         0x080067bd        0x3 
 .rodata        0x080067c0       0x45 ./ThirdParty/SEGGER/Config/SEGGER_SYSVIEW_Config_FreeRTOS.o
 *fill*         0x08006805        0x3 
 .rodata        0x08006808       0x58 ./ThirdParty/SEGGER/OS/SEGGER_SYSVIEW_FreeRTOS.o
 .rodata        0x08006860       0x17 ./ThirdParty/SEGGER/SEGGER/SEGGER_RTT.o
 *fill*         0x08006877        0x1 
 .rodata        0x08006878        0x8 ./ThirdParty/SEGGER/SEGGER/SEGGER_SYSVIEW.o
 *(.rodata*)
 .rodata.AHBPrescTable
                0x08006880       0x10 ./Core/Src/system_stm32f4xx.o
                0x08006880                AHBPrescTable
 .rodata.APBPrescTable
                0x08006890        0x8 ./Core/Src/system_stm32f4xx.o
                0x08006890                APBPrescTable
 .rodata.uxTopUsedPriority
                0x08006898        0x4 ./ThirdParty/FreeRTOS/org/Source/tasks.o
 .rodata.SYSVIEW_X_OS_TraceAPI
                0x0800689c        0x8 ./ThirdParty/SEGGER/OS/SEGGER_SYSVIEW_FreeRTOS.o
                0x0800689c                SYSVIEW_X_OS_TraceAPI
 .rodata._abSync
                0x080068a4        0xa ./ThirdParty/SEGGER/SEGGER/SEGGER_SYSVIEW.o
                0x080068b0                        . = ALIGN (0x4)
 *fill*         0x080068ae        0x2 

.ARM.extab      0x080068b0        0x0
                0x080068b0                        . = ALIGN (0x4)
 *(.ARM.extab* .gnu.linkonce.armextab.*)
                0x080068b0                        . = ALIGN (0x4)

.ARM            0x080068b0        0x8
                0x080068b0                        . = ALIGN (0x4)
                0x080068b0                        __exidx_start = .
 *(.ARM.exidx*)
 .ARM.exidx     0x080068b0        0x8 /Applications/STM32CubeIDE.app/Contents/Eclipse/plugins/com.st.stm32cube.ide.mcu.externaltools.gnu-tools-for-stm32.13.3.rel1.macos64_1.0.100.202509120712/tools/bin/../lib/gcc/arm-none-eabi/13.3.1/thumb/v7e-m+fp/hard/libgcc.a(_udivmoddi4.o)
                0x080068b8                        __exidx_end = .
                0x080068b8                        . = ALIGN (0x4)

.preinit_array  0x080068b8        0x0
                0x080068b8                        . = ALIGN (0x4)
                0x080068b8                        PROVIDE (__preinit_array_start = .)
 *(.preinit_array*)
                0x080068b8                        PROVIDE (__preinit_array_end = .)
                0x080068b8                        . = ALIGN (0x4)

.init_array     0x080068b8        0x4
                0x080068b8                        . = ALIGN (0x4)
                0x080068b8                        PROVIDE (__init_array_start = .)
 *(SORT_BY_NAME(.init_array.*))
 *(.init_array*)
 .init_array    0x080068b8        0x4 /Applications/STM32CubeIDE.app/Contents/Eclipse/plugins/com.st.stm32cube.ide.mcu.externaltools.gnu-tools-for-stm32.13.3.rel1.macos64_1.0.100.202509120712/tools/bin/../lib/gcc/arm-none-eabi/13.3.1/thumb/v7e-m+fp/hard/crtbegin.o
                0x080068bc                        PROVIDE (__init_array_end = .)
                0x080068bc                        . = ALIGN (0x4)

.fini_array     0x080068bc        0x4
                0x080068bc                        . = ALIGN (0x4)
                [!provide]                        PROVIDE (__fini_array_start = .)
 *(SORT_BY_NAME(.fini_array.*))
 *(.fini_array*)
 .fini_array    0x080068bc        0x4 /Applications/STM32CubeIDE.app/Contents/Eclipse/plugins/com.st.stm32cube.ide.mcu.externaltools.gnu-tools-for-stm32.13.3.rel1.macos64_1.0.100.202509120712/tools/bin/../lib/gcc/arm-none-eabi/13.3.1/thumb/v7e-m+fp/hard/crtbegin.o
                [!provide]                        PROVIDE (__fini_array_end = .)
                0x080068c0                        . = ALIGN (0x4)
                0x080068c0                        _sidata = LOADADDR (.data)

.rel.dyn        0x080068c0        0x0
 .rel.iplt      0x080068c0        0x0 /Applications/STM32CubeIDE.app/Contents/Eclipse/plugins/com.st.stm32cube.ide.mcu.externaltools.gnu-tools-for-stm32.13.3.rel1.macos64_1.0.100.202509120712/tools/bin/../lib/gcc/arm-none-eabi/13.3.1/thumb/v7e-m+fp/hard/crtbegin.o

.data           0x20000000       0x10 load address 0x080068c0
                0x20000000                        . = ALIGN (0x4)
                0x20000000                        _sdata = .
 *(.data)
 *(.data*)
 .data.SystemCoreClock
                0x20000000        0x4 ./Core/Src/system_stm32f4xx.o
                0x20000000                SystemCoreClock
 .data.uwTickPrio
                0x20000004        0x4 ./Drivers/STM32F4xx_HAL_Driver/Src/stm32f4xx_hal.o
                0x20000004                uwTickPrio
 .data.uwTickFreq
                0x20000008        0x1 ./Drivers/STM32F4xx_HAL_Driver/Src/stm32f4xx_hal.o
                0x20000008                uwTickFreq
 *fill*         0x20000009        0x3 
 .data.uxCriticalNesting
                0x2000000c        0x4 ./ThirdParty/FreeRTOS/org/Source/portable/GCC/ARM_CM4F/port.o
 *(.RamFunc)
 *(.RamFunc*)
                0x20000010                        . = ALIGN (0x4)
                0x20000010                        _edata = .

.igot.plt       0x20000010        0x0 load address 0x080068d0
 .igot.plt      0x20000010        0x0 /Applications/STM32CubeIDE.app/Contents/Eclipse/plugins/com.st.stm32cube.ide.mcu.externaltools.gnu-tools-for-stm32.13.3.rel1.macos64_1.0.100.202509120712/tools/bin/../lib/gcc/arm-none-eabi/13.3.1/thumb/v7e-m+fp/hard/crtbegin.o
                0x20000010                        . = ALIGN (0x4)

.bss            0x20000010    0x17460 load address 0x080068d0
                0x20000010                        _sbss = .
                0x20000010                        __bss_start__ = _sbss
 *(.bss)
 .bss           0x20000010       0x1c /Applications/STM32CubeIDE.app/Contents/Eclipse/plugins/com.st.stm32cube.ide.mcu.externaltools.gnu-tools-for-stm32.13.3.rel1.macos64_1.0.100.202509120712/tools/bin/../lib/gcc/arm-none-eabi/13.3.1/thumb/v7e-m+fp/hard/crtbegin.o
 *(.bss*)
 .bss.huart2    0x2000002c       0x48 ./Core/Src/main.o
                0x2000002c                huart2
 .bss.Task1Handle
                0x20000074        0x4 ./Core/Src/main.o
                0x20000074                Task1Handle
 .bss.Task2Handle
                0x20000078        0x4 ./Core/Src/main.o
                0x20000078                Task2Handle
 .bss.ButtonOpenSemaphore
                0x2000007c        0x4 ./Core/Src/main.o
                0x2000007c                ButtonOpenSemaphore
 .bss.ButtonCloseSemaphore
                0x20000080        0x4 ./Core/Src/main.o
                0x20000080                ButtonCloseSemaphore
 .bss.htim1     0x20000084       0x48 ./Core/Src/stm32f4xx_hal_timebase_tim.o
                0x20000084                htim1
 .bss.uwTick    0x200000cc        0x4 ./Drivers/STM32F4xx_HAL_Driver/Src/stm32f4xx_hal.o
                0x200000cc                uwTick
 .bss.pxCurrentTCB
                0x200000d0        0x4 ./ThirdParty/FreeRTOS/org/Source/tasks.o
                0x200000d0                pxCurrentTCB
 .bss.pxReadyTasksLists
                0x200000d4       0x64 ./ThirdParty/FreeRTOS/org/Source/tasks.o
 .bss.xDelayedTaskList1
                0x20000138       0x14 ./ThirdParty/FreeRTOS/org/Source/tasks.o
 .bss.xDelayedTaskList2
                0x2000014c       0x14 ./ThirdParty/FreeRTOS/org/Source/tasks.o
 .bss.pxDelayedTaskList
                0x20000160        0x4 ./ThirdParty/FreeRTOS/org/Source/tasks.o
 .bss.pxOverflowDelayedTaskList
                0x20000164        0x4 ./ThirdParty/FreeRTOS/org/Source/tasks.o
 .bss.xPendingReadyList
                0x20000168       0x14 ./ThirdParty/FreeRTOS/org/Source/tasks.o
 .bss.xTasksWaitingTermination
                0x2000017c       0x14 ./ThirdParty/FreeRTOS/org/Source/tasks.o
 .bss.uxDeletedTasksWaitingCleanUp
                0x20000190        0x4 ./ThirdParty/FreeRTOS/org/Source/tasks.o
 .bss.xSuspendedTaskList
                0x20000194       0x14 ./ThirdParty/FreeRTOS/org/Source/tasks.o
 .bss.uxCurrentNumberOfTasks
                0x200001a8        0x4 ./ThirdParty/FreeRTOS/org/Source/tasks.o
 .bss.xTickCount
                0x200001ac        0x4 ./ThirdParty/FreeRTOS/org/Source/tasks.o
 .bss.uxTopReadyPriority
                0x200001b0        0x4 ./ThirdParty/FreeRTOS/org/Source/tasks.o
 .bss.xSchedulerRunning
                0x200001b4        0x4 ./ThirdParty/FreeRTOS/org/Source/tasks.o
 .bss.xPendedTicks
                0x200001b8        0x4 ./ThirdParty/FreeRTOS/org/Source/tasks.o
 .bss.xYieldPendings
                0x200001bc        0x4 ./ThirdParty/FreeRTOS/org/Source/tasks.o
 .bss.xNumOfOverflows
                0x200001c0        0x4 ./ThirdParty/FreeRTOS/org/Source/tasks.o
 .bss.uxTaskNumber
                0x200001c4        0x4 ./ThirdParty/FreeRTOS/org/Source/tasks.o
 .bss.xNextTaskUnblockTime
                0x200001c8        0x4 ./ThirdParty/FreeRTOS/org/Source/tasks.o
 .bss.xIdleTaskHandles
                0x200001cc        0x4 ./ThirdParty/FreeRTOS/org/Source/tasks.o
 .bss.uxSchedulerSuspended
                0x200001d0        0x4 ./ThirdParty/FreeRTOS/org/Source/tasks.o
 .bss.ucMaxSysCallPriority
                0x200001d4        0x1 ./ThirdParty/FreeRTOS/org/Source/portable/GCC/ARM_CM4F/port.o
 *fill*         0x200001d5        0x3 
 .bss.ulMaxPRIGROUPValue
                0x200001d8        0x4 ./ThirdParty/FreeRTOS/org/Source/portable/GCC/ARM_CM4F/port.o
 .bss.ucHeap    0x200001dc    0x12c00 ./ThirdParty/FreeRTOS/org/Source/portable/MemMang/heap_4.o
 .bss.xStart    0x20012ddc        0x8 ./ThirdParty/FreeRTOS/org/Source/portable/MemMang/heap_4.o
 .bss.pxEnd     0x20012de4        0x4 ./ThirdParty/FreeRTOS/org/Source/portable/MemMang/heap_4.o
 .bss.xFreeBytesRemaining
                0x20012de8        0x4 ./ThirdParty/FreeRTOS/org/Source/portable/MemMang/heap_4.o
 .bss.xMinimumEverFreeBytesRemaining
                0x20012dec        0x4 ./ThirdParty/FreeRTOS/org/Source/portable/MemMang/heap_4.o
 .bss.xNumberOfSuccessfulAllocations
                0x20012df0        0x4 ./ThirdParty/FreeRTOS/org/Source/portable/MemMang/heap_4.o
 .bss.xNumberOfSuccessfulFrees
                0x20012df4        0x4 ./ThirdParty/FreeRTOS/org/Source/portable/MemMang/heap_4.o
 .bss._aTasks   0x20012df8       0xa0 ./ThirdParty/SEGGER/OS/SEGGER_SYSVIEW_FreeRTOS.o
 .bss._NumTasks
                0x20012e98        0x4 ./ThirdParty/SEGGER/OS/SEGGER_SYSVIEW_FreeRTOS.o
 .bss._SEGGER_RTT
                0x20012e9c       0xa8 ./ThirdParty/SEGGER/SEGGER/SEGGER_RTT.o
                0x20012e9c                _SEGGER_RTT
 .bss._acUpBuffer
                0x20012f44      0x400 ./ThirdParty/SEGGER/SEGGER/SEGGER_RTT.o
 .bss._acDownBuffer
                0x20013344       0x10 ./ThirdParty/SEGGER/SEGGER/SEGGER_RTT.o
 .bss._UpBuffer
                0x20013354     0x4000 ./ThirdParty/SEGGER/SEGGER/SEGGER_SYSVIEW.o
 .bss._DownBuffer
                0x20017354        0x8 ./ThirdParty/SEGGER/SEGGER/SEGGER_SYSVIEW.o
 .bss._SYSVIEW_Globals
                0x2001735c       0x28 ./ThirdParty/SEGGER/SEGGER/SEGGER_SYSVIEW.o
 .bss._pFirstModule
                0x20017384        0x4 ./ThirdParty/SEGGER/SEGGER/SEGGER_SYSVIEW.o
 .bss._NumModules
                0x20017388        0x1 ./ThirdParty/SEGGER/SEGGER/SEGGER_SYSVIEW.o
 *fill*         0x20017389        0x3 
 .bss._aPacket  0x2001738c       0xe3 ./ThirdParty/SEGGER/SEGGER/SEGGER_SYSVIEW.o
 *(COMMON)
                0x20017470                        . = ALIGN (0x4)
 *fill*         0x2001746f        0x1 
                0x20017470                        _ebss = .
                0x20017470                        __bss_end__ = _ebss

._user_heap_stack
                0x20017470      0x600 load address 0x080068d0
                0x20017470                        . = ALIGN (0x8)
                [!provide]                        PROVIDE (end = .)
                0x20017470                        PROVIDE (_end = .)
                0x20017670                        . = (. + _Min_Heap_Size)
 *fill*         0x20017470      0x200 
                0x20017a70                        . = (. + _Min_Stack_Size)
 *fill*         0x20017670      0x400 
                0x20017a70                        . = ALIGN (0x8)

/DISCARD/
 libc.a(*)
 libm.a(*)
 libgcc.a(*)

.ARM.attributes
                0x00000000       0x30
 *(.ARM.attributes)
 .ARM.attributes
                0x00000000       0x22 /Applications/STM32CubeIDE.app/Contents/Eclipse/plugins/com.st.stm32cube.ide.mcu.externaltools.gnu-tools-for-stm32.13.3.rel1.macos64_1.0.100.202509120712/tools/bin/../lib/gcc/arm-none-eabi/13.3.1/thumb/v7e-m+fp/hard/crti.o
 .ARM.attributes
                0x00000022       0x34 /Applications/STM32CubeIDE.app/Contents/Eclipse/plugins/com.st.stm32cube.ide.mcu.externaltools.gnu-tools-for-stm32.13.3.rel1.macos64_1.0.100.202509120712/tools/bin/../lib/gcc/arm-none-eabi/13.3.1/thumb/v7e-m+fp/hard/crtbegin.o
 .ARM.attributes
                0x00000056       0x34 ./Core/Src/main.o
 .ARM.attributes
                0x0000008a       0x34 ./Core/Src/stm32f4xx_hal_msp.o
 .ARM.attributes
                0x000000be       0x34 ./Core/Src/stm32f4xx_hal_timebase_tim.o
 .ARM.attributes
                0x000000f2       0x34 ./Core/Src/stm32f4xx_it.o
 .ARM.attributes
                0x00000126       0x34 ./Core/Src/system_stm32f4xx.o
 .ARM.attributes
                0x0000015a       0x21 ./Core/Startup/startup_stm32f411retx.o
 .ARM.attributes
                0x0000017b       0x34 ./Drivers/Modules/GPIO_Driver.o
 .ARM.attributes
                0x000001af       0x34 ./Drivers/STM32F4xx_HAL_Driver/Src/stm32f4xx_hal.o
 .ARM.attributes
                0x000001e3       0x34 ./Drivers/STM32F4xx_HAL_Driver/Src/stm32f4xx_hal_cortex.o
 .ARM.attributes
                0x00000217       0x34 ./Drivers/STM32F4xx_HAL_Driver/Src/stm32f4xx_hal_gpio.o
 .ARM.attributes
                0x0000024b       0x34 ./Drivers/STM32F4xx_HAL_Driver/Src/stm32f4xx_hal_rcc.o
 .ARM.attributes
                0x0000027f       0x34 ./Drivers/STM32F4xx_HAL_Driver/Src/stm32f4xx_hal_tim.o
 .ARM.attributes
                0x000002b3       0x34 ./Drivers/STM32F4xx_HAL_Driver/Src/stm32f4xx_hal_tim_ex.o
 .ARM.attributes
                0x000002e7       0x34 ./Drivers/STM32F4xx_HAL_Driver/Src/stm32f4xx_hal_uart.o
 .ARM.attributes
                0x0000031b       0x34 ./ThirdParty/FreeRTOS/org/Source/list.o
 .ARM.attributes
                0x0000034f       0x34 ./ThirdParty/FreeRTOS/org/Source/queue.o
 .ARM.attributes
                0x00000383       0x34 ./ThirdParty/FreeRTOS/org/Source/tasks.o
 .ARM.attributes
                0x000003b7       0x34 ./ThirdParty/FreeRTOS/org/Source/portable/GCC/ARM_CM4F/port.o
 .ARM.attributes
                0x000003eb       0x34 ./ThirdParty/FreeRTOS/org/Source/portable/MemMang/heap_4.o
 .ARM.attributes
                0x0000041f       0x34 ./ThirdParty/SEGGER/Config/SEGGER_SYSVIEW_Config_FreeRTOS.o
 .ARM.attributes
                0x00000453       0x34 ./ThirdParty/SEGGER/OS/SEGGER_SYSVIEW_FreeRTOS.o
 .ARM.attributes
                0x00000487       0x34 ./ThirdParty/SEGGER/SEGGER/SEGGER_RTT.o
 .ARM.attributes
                0x000004bb       0x34 ./ThirdParty/SEGGER/SEGGER/SEGGER_SYSVIEW.o
 .ARM.attributes
                0x000004ef       0x34 /Applications/STM32CubeIDE.app/Contents/Eclipse/plugins/com.st.stm32cube.ide.mcu.externaltools.gnu-tools-for-stm32.13.3.rel1.macos64_1.0.100.202509120712/tools/bin/../lib/gcc/arm-none-eabi/13.3.1/../../../../arm-none-eabi/lib/thumb/v7e-m+fp/hard/libc_nano.a(libc_a-memcmp.o)
 .ARM.attributes
                0x00000523       0x34 /Applications/STM32CubeIDE.app/Contents/Eclipse/plugins/com.st.stm32cube.ide.mcu.externaltools.gnu-tools-for-stm32.13.3.rel1.macos64_1.0.100.202509120712/tools/bin/../lib/gcc/arm-none-eabi/13.3.1/../../../../arm-none-eabi/lib/thumb/v7e-m+fp/hard/libc_nano.a(libc_a-memset.o)
 .ARM.attributes
                0x00000557       0x34 /Applications/STM32CubeIDE.app/Contents/Eclipse/plugins/com.st.stm32cube.ide.mcu.externaltools.gnu-tools-for-stm32.13.3.rel1.macos64_1.0.100.202509120712/tools/bin/../lib/gcc/arm-none-eabi/13.3.1/../../../../arm-none-eabi/lib/thumb/v7e-m+fp/hard/libc_nano.a(libc_a-init.o)
 .ARM.attributes
                0x0000058b       0x34 /Applications/STM32CubeIDE.app/Contents/Eclipse/plugins/com.st.stm32cube.ide.mcu.externaltools.gnu-tools-for-stm32.13.3.rel1.macos64_1.0.100.202509120712/tools/bin/../lib/gcc/arm-none-eabi/13.3.1/../../../../arm-none-eabi/lib/thumb/v7e-m+fp/hard/libc_nano.a(libc_a-memcpy-stub.o)
 .ARM.attributes
                0x000005bf       0x22 /Applications/STM32CubeIDE.app/Contents/Eclipse/plugins/com.st.stm32cube.ide.mcu.externaltools.gnu-tools-for-stm32.13.3.rel1.macos64_1.0.100.202509120712/tools/bin/../lib/gcc/arm-none-eabi/13.3.1/thumb/v7e-m+fp/hard/libgcc.a(_aeabi_uldivmod.o)
 .ARM.attributes
                0x000005e1       0x34 /Applications/STM32CubeIDE.app/Contents/Eclipse/plugins/com.st.stm32cube.ide.mcu.externaltools.gnu-tools-for-stm32.13.3.rel1.macos64_1.0.100.202509120712/tools/bin/../lib/gcc/arm-none-eabi/13.3.1/thumb/v7e-m+fp/hard/libgcc.a(_udivmoddi4.o)
 .ARM.attributes
                0x00000615       0x22 /Applications/STM32CubeIDE.app/Contents/Eclipse/plugins/com.st.stm32cube.ide.mcu.externaltools.gnu-tools-for-stm32.13.3.rel1.macos64_1.0.100.202509120712/tools/bin/../lib/gcc/arm-none-eabi/13.3.1/thumb/v7e-m+fp/hard/libgcc.a(_dvmd_tls.o)
 .ARM.attributes
                0x00000637       0x22 /Applications/STM32CubeIDE.app/Contents/Eclipse/plugins/com.st.stm32cube.ide.mcu.externaltools.gnu-tools-for-stm32.13.3.rel1.macos64_1.0.100.202509120712/tools/bin/../lib/gcc/arm-none-eabi/13.3.1/thumb/v7e-m+fp/hard/crtn.o
OUTPUT(FreeRTOS_btn_semaphore_isr.elf elf32-littlearm)
LOAD linker stubs
LOAD /Applications/STM32CubeIDE.app/Contents/Eclipse/plugins/com.st.stm32cube.ide.mcu.externaltools.gnu-tools-for-stm32.13.3.rel1.macos64_1.0.100.202509120712/tools/bin/../lib/gcc/arm-none-eabi/13.3.1/../../../../arm-none-eabi/lib/thumb/v7e-m+fp/hard/libc.a
LOAD /Applications/STM32CubeIDE.app/Contents/Eclipse/plugins/com.st.stm32cube.ide.mcu.externaltools.gnu-tools-for-stm32.13.3.rel1.macos64_1.0.100.202509120712/tools/bin/../lib/gcc/arm-none-eabi/13.3.1/../../../../arm-none-eabi/lib/thumb/v7e-m+fp/hard/libm.a
LOAD /Applications/STM32CubeIDE.app/Contents/Eclipse/plugins/com.st.stm32cube.ide.mcu.externaltools.gnu-tools-for-stm32.13.3.rel1.macos64_1.0.100.202509120712/tools/bin/../lib/gcc/arm-none-eabi/13.3.1/thumb/v7e-m+fp/hard/libgcc.a

.debug_info     0x00000000    0x16840
 .debug_info    0x00000000     0x12a8 ./Core/Src/main.o
 .debug_info    0x000012a8      0x91a ./Core/Src/stm32f4xx_hal_msp.o
 .debug_info    0x00001bc2      0xb75 ./Core/Src/stm32f4xx_hal_timebase_tim.o
 .debug_info    0x00002737      0x6a4 ./Core/Src/stm32f4xx_it.o
 .debug_info    0x00002ddb      0x53e ./Core/Src/system_stm32f4xx.o
 .debug_info    0x00003319       0x30 ./Core/Startup/startup_stm32f411retx.o
 .debug_info    0x00003349      0xa1b ./Drivers/Modules/GPIO_Driver.o
 .debug_info    0x00003d64      0x8c4 ./Drivers/STM32F4xx_HAL_Driver/Src/stm32f4xx_hal.o
 .debug_info    0x00004628      0xcfc ./Drivers/STM32F4xx_HAL_Driver/Src/stm32f4xx_hal_cortex.o
 .debug_info    0x00005324      0x6f9 ./Drivers/STM32F4xx_HAL_Driver/Src/stm32f4xx_hal_gpio.o
 .debug_info    0x00005a1d      0x904 ./Drivers/STM32F4xx_HAL_Driver/Src/stm32f4xx_hal_rcc.o
 .debug_info    0x00006321     0x2996 ./Drivers/STM32F4xx_HAL_Driver/Src/stm32f4xx_hal_tim.o
 .debug_info    0x00008cb7     0x14d4 ./Drivers/STM32F4xx_HAL_Driver/Src/stm32f4xx_hal_tim_ex.o
 .debug_info    0x0000a18b     0x2f56 ./Drivers/STM32F4xx_HAL_Driver/Src/stm32f4xx_hal_uart.o
 .debug_info    0x0000d0e1      0x2aa ./ThirdParty/FreeRTOS/org/Source/list.o
 .debug_info    0x0000d38b     0x184b ./ThirdParty/FreeRTOS/org/Source/queue.o
 .debug_info    0x0000ebd6     0x2883 ./ThirdParty/FreeRTOS/org/Source/tasks.o
 .debug_info    0x00011459      0x626 ./ThirdParty/FreeRTOS/org/Source/portable/GCC/ARM_CM4F/port.o
 .debug_info    0x00011a7f      0x5d9 ./ThirdParty/FreeRTOS/org/Source/portable/MemMang/heap_4.o
 .debug_info    0x00012058      0x173 ./ThirdParty/SEGGER/Config/SEGGER_SYSVIEW_Config_FreeRTOS.o
 .debug_info    0x000121cb      0x412 ./ThirdParty/SEGGER/OS/SEGGER_SYSVIEW_FreeRTOS.o
 .debug_info    0x000125dd      0xef3 ./ThirdParty/SEGGER/SEGGER/SEGGER_RTT.o
 .debug_info    0x000134d0     0x3370 ./ThirdParty/SEGGER/SEGGER/SEGGER_SYSVIEW.o

.debug_abbrev   0x00000000     0x3199
 .debug_abbrev  0x00000000      0x2cd ./Core/Src/main.o
 .debug_abbrev  0x000002cd      0x1ac ./Core/Src/stm32f4xx_hal_msp.o
 .debug_abbrev  0x00000479      0x207 ./Core/Src/stm32f4xx_hal_timebase_tim.o
 .debug_abbrev  0x00000680      0x190 ./Core/Src/stm32f4xx_it.o
 .debug_abbrev  0x00000810      0x11a ./Core/Src/system_stm32f4xx.o
 .debug_abbrev  0x0000092a       0x24 ./Core/Startup/startup_stm32f411retx.o
 .debug_abbrev  0x0000094e      0x247 ./Drivers/Modules/GPIO_Driver.o
 .debug_abbrev  0x00000b95      0x24b ./Drivers/STM32F4xx_HAL_Driver/Src/stm32f4xx_hal.o
 .debug_abbrev  0x00000de0      0x31d ./Drivers/STM32F4xx_HAL_Driver/Src/stm32f4xx_hal_cortex.o
 .debug_abbrev  0x000010fd      0x1d3 ./Drivers/STM32F4xx_HAL_Driver/Src/stm32f4xx_hal_gpio.o
 .debug_abbrev  0x000012d0      0x2b6 ./Drivers/STM32F4xx_HAL_Driver/Src/stm32f4xx_hal_rcc.o
 .debug_abbrev  0x00001586      0x28b ./Drivers/STM32F4xx_HAL_Driver/Src/stm32f4xx_hal_tim.o
 .debug_abbrev  0x00001811      0x296 ./Drivers/STM32F4xx_HAL_Driver/Src/stm32f4xx_hal_tim_ex.o
 .debug_abbrev  0x00001aa7      0x31b ./Drivers/STM32F4xx_HAL_Driver/Src/stm32f4xx_hal_uart.o
 .debug_abbrev  0x00001dc2       0xee ./ThirdParty/FreeRTOS/org/Source/list.o
 .debug_abbrev  0x00001eb0      0x322 ./ThirdParty/FreeRTOS/org/Source/queue.o
 .debug_abbrev  0x000021d2      0x393 ./ThirdParty/FreeRTOS/org/Source/tasks.o
 .debug_abbrev  0x00002565      0x266 ./ThirdParty/FreeRTOS/org/Source/portable/GCC/ARM_CM4F/port.o
 .debug_abbrev  0x000027cb      0x25a ./ThirdParty/FreeRTOS/org/Source/portable/MemMang/heap_4.o
 .debug_abbrev  0x00002a25       0xdf ./ThirdParty/SEGGER/Config/SEGGER_SYSVIEW_Config_FreeRTOS.o
 .debug_abbrev  0x00002b04      0x1a4 ./ThirdParty/SEGGER/OS/SEGGER_SYSVIEW_FreeRTOS.o
 .debug_abbrev  0x00002ca8      0x22d ./ThirdParty/SEGGER/SEGGER/SEGGER_RTT.o
 .debug_abbrev  0x00002ed5      0x2c4 ./ThirdParty/SEGGER/SEGGER/SEGGER_SYSVIEW.o

.debug_aranges  0x00000000     0x1460
 .debug_aranges
                0x00000000       0x58 ./Core/Src/main.o
 .debug_aranges
                0x00000058       0x30 ./Core/Src/stm32f4xx_hal_msp.o
 .debug_aranges
                0x00000088       0x30 ./Core/Src/stm32f4xx_hal_timebase_tim.o
 .debug_aranges
                0x000000b8       0x50 ./Core/Src/stm32f4xx_it.o
 .debug_aranges
                0x00000108       0x28 ./Core/Src/system_stm32f4xx.o
 .debug_aranges
                0x00000130       0x28 ./Core/Startup/startup_stm32f411retx.o
 .debug_aranges
                0x00000158       0x50 ./Drivers/Modules/GPIO_Driver.o
 .debug_aranges
                0x000001a8       0xf0 ./Drivers/STM32F4xx_HAL_Driver/Src/stm32f4xx_hal.o
 .debug_aranges
                0x00000298      0x130 ./Drivers/STM32F4xx_HAL_Driver/Src/stm32f4xx_hal_cortex.o
 .debug_aranges
                0x000003c8       0x58 ./Drivers/STM32F4xx_HAL_Driver/Src/stm32f4xx_hal_gpio.o
 .debug_aranges
                0x00000420       0x88 ./Drivers/STM32F4xx_HAL_Driver/Src/stm32f4xx_hal_rcc.o
 .debug_aranges
                0x000004a8      0x3d0 ./Drivers/STM32F4xx_HAL_Driver/Src/stm32f4xx_hal_tim.o
 .debug_aranges
                0x00000878      0x168 ./Drivers/STM32F4xx_HAL_Driver/Src/stm32f4xx_hal_tim_ex.o
 .debug_aranges
                0x000009e0      0x208 ./Drivers/STM32F4xx_HAL_Driver/Src/stm32f4xx_hal_uart.o
 .debug_aranges
                0x00000be8       0x40 ./ThirdParty/FreeRTOS/org/Source/list.o
 .debug_aranges
                0x00000c28      0x138 ./ThirdParty/FreeRTOS/org/Source/queue.o
 .debug_aranges
                0x00000d60      0x228 ./ThirdParty/FreeRTOS/org/Source/tasks.o
 .debug_aranges
                0x00000f88       0x88 ./ThirdParty/FreeRTOS/org/Source/portable/GCC/ARM_CM4F/port.o
 .debug_aranges
                0x00001010       0x68 ./ThirdParty/FreeRTOS/org/Source/portable/MemMang/heap_4.o
 .debug_aranges
                0x00001078       0x28 ./ThirdParty/SEGGER/Config/SEGGER_SYSVIEW_Config_FreeRTOS.o
 .debug_aranges
                0x000010a0       0x48 ./ThirdParty/SEGGER/OS/SEGGER_SYSVIEW_FreeRTOS.o
 .debug_aranges
                0x000010e8      0x110 ./ThirdParty/SEGGER/SEGGER/SEGGER_RTT.o
 .debug_aranges
                0x000011f8      0x268 ./ThirdParty/SEGGER/SEGGER/SEGGER_SYSVIEW.o

.debug_rnglists
                0x00000000      0xffa
 .debug_rnglists
                0x00000000       0x40 ./Core/Src/main.o
 .debug_rnglists
                0x00000040       0x20 ./Core/Src/stm32f4xx_hal_msp.o
 .debug_rnglists
                0x00000060       0x20 ./Core/Src/stm32f4xx_hal_timebase_tim.o
 .debug_rnglists
                0x00000080       0x37 ./Core/Src/stm32f4xx_it.o
 .debug_rnglists
                0x000000b7       0x1a ./Core/Src/system_stm32f4xx.o
 .debug_rnglists
                0x000000d1       0x19 ./Core/Startup/startup_stm32f411retx.o
 .debug_rnglists
                0x000000ea       0x38 ./Drivers/Modules/GPIO_Driver.o
 .debug_rnglists
                0x00000122       0xaf ./Drivers/STM32F4xx_HAL_Driver/Src/stm32f4xx_hal.o
 .debug_rnglists
                0x000001d1       0xe0 ./Drivers/STM32F4xx_HAL_Driver/Src/stm32f4xx_hal_cortex.o
 .debug_rnglists
                0x000002b1       0x3f ./Drivers/STM32F4xx_HAL_Driver/Src/stm32f4xx_hal_gpio.o
 .debug_rnglists
                0x000002f0       0x66 ./Drivers/STM32F4xx_HAL_Driver/Src/stm32f4xx_hal_rcc.o
 .debug_rnglists
                0x00000356      0x31a ./Drivers/STM32F4xx_HAL_Driver/Src/stm32f4xx_hal_tim.o
 .debug_rnglists
                0x00000670      0x125 ./Drivers/STM32F4xx_HAL_Driver/Src/stm32f4xx_hal_tim_ex.o
 .debug_rnglists
                0x00000795      0x1bc ./Drivers/STM32F4xx_HAL_Driver/Src/stm32f4xx_hal_uart.o
 .debug_rnglists
                0x00000951       0x2b ./ThirdParty/FreeRTOS/org/Source/list.o
 .debug_rnglists
                0x0000097c       0xf2 ./ThirdParty/FreeRTOS/org/Source/queue.o
 .debug_rnglists
                0x00000a6e      0x1c8 ./ThirdParty/FreeRTOS/org/Source/tasks.o
 .debug_rnglists
                0x00000c36       0x64 ./ThirdParty/FreeRTOS/org/Source/portable/GCC/ARM_CM4F/port.o
 .debug_rnglists
                0x00000c9a       0x4e ./ThirdParty/FreeRTOS/org/Source/portable/MemMang/heap_4.o
 .debug_rnglists
                0x00000ce8       0x19 ./ThirdParty/SEGGER/Config/SEGGER_SYSVIEW_Config_FreeRTOS.o
 .debug_rnglists
                0x00000d01       0x36 ./ThirdParty/SEGGER/OS/SEGGER_SYSVIEW_FreeRTOS.o
 .debug_rnglists
                0x00000d37       0xd6 ./ThirdParty/SEGGER/SEGGER/SEGGER_RTT.o
 .debug_rnglists
                0x00000e0d      0x1ed ./ThirdParty/SEGGER/SEGGER/SEGGER_SYSVIEW.o

.debug_macro    0x00000000    0x19b00
 .debug_macro   0x00000000      0x392 ./Core/Src/main.o
 .debug_macro   0x00000392      0xad8 ./Core/Src/main.o
 .debug_macro   0x00000e6a      0x29b ./Core/Src/main.o
 .debug_macro   0x00001105       0x2e ./Core/Src/main.o
 .debug_macro   0x00001133       0x28 ./Core/Src/main.o
 .debug_macro   0x0000115b       0x22 ./Core/Src/main.o
 .debug_macro   0x0000117d       0x8e ./Core/Src/main.o
 .debug_macro   0x0000120b       0x51 ./Core/Src/main.o
 .debug_macro   0x0000125c      0x103 ./Core/Src/main.o
 .debug_macro   0x0000135f       0x6a ./Core/Src/main.o
 .debug_macro   0x000013c9      0x1df ./Core/Src/main.o
 .debug_macro   0x000015a8       0x1c ./Core/Src/main.o
 .debug_macro   0x000015c4       0x22 ./Core/Src/main.o
 .debug_macro   0x000015e6       0xfb ./Core/Src/main.o
 .debug_macro   0x000016e1     0x1011 ./Core/Src/main.o
 .debug_macro   0x000026f2      0x11f ./Core/Src/main.o
 .debug_macro   0x00002811     0xb968 ./Core/Src/main.o
 .debug_macro   0x0000e179       0x6d ./Core/Src/main.o
 .debug_macro   0x0000e1e6     0x3693 ./Core/Src/main.o
 .debug_macro   0x00011879      0x190 ./Core/Src/main.o
 .debug_macro   0x00011a09       0x5c ./Core/Src/main.o
 .debug_macro   0x00011a65      0x45c ./Core/Src/main.o
 .debug_macro   0x00011ec1      0x9e9 ./Core/Src/main.o
 .debug_macro   0x000128aa      0x115 ./Core/Src/main.o
 .debug_macro   0x000129bf      0x11b ./Core/Src/main.o
 .debug_macro   0x00012ada       0xa5 ./Core/Src/main.o
 .debug_macro   0x00012b7f      0x15f ./Core/Src/main.o
 .debug_macro   0x00012cde      0x287 ./Core/Src/main.o
 .debug_macro   0x00012f65       0x5f ./Core/Src/main.o
 .debug_macro   0x00012fc4      0x236 ./Core/Src/main.o
 .debug_macro   0x000131fa      0x132 ./Core/Src/main.o
 .debug_macro   0x0001332c      0x264 ./Core/Src/main.o
 .debug_macro   0x00013590       0x2e ./Core/Src/main.o
 .debug_macro   0x000135be      0x127 ./Core/Src/main.o
 .debug_macro   0x000136e5       0x85 ./Core/Src/main.o
 .debug_macro   0x0001376a       0x89 ./Core/Src/main.o
 .debug_macro   0x000137f3      0x8ed ./Core/Src/main.o
 .debug_macro   0x000140e0       0x47 ./Core/Src/main.o
 .debug_macro   0x00014127      0x2aa ./Core/Src/main.o
 .debug_macro   0x000143d1      0x126 ./Core/Src/main.o
 .debug_macro   0x000144f7       0x58 ./Core/Src/main.o
 .debug_macro   0x0001454f       0x16 ./Core/Src/main.o
 .debug_macro   0x00014565      0x112 ./Core/Src/main.o
 .debug_macro   0x00014677       0x58 ./Core/Src/main.o
 .debug_macro   0x000146cf       0x40 ./Core/Src/main.o
 .debug_macro   0x0001470f       0x4c ./Core/Src/main.o
 .debug_macro   0x0001475b      0x1cd ./Core/Src/main.o
 .debug_macro   0x00014928      0x45a ./Core/Src/main.o
 .debug_macro   0x00014d82       0x1c ./Core/Src/main.o
 .debug_macro   0x00014d9e      0x182 ./Core/Src/main.o
 .debug_macro   0x00014f20       0xee ./Core/Src/main.o
 .debug_macro   0x0001500e       0x2e ./Core/Src/main.o
 .debug_macro   0x0001503c       0x1f ./Core/Src/main.o
 .debug_macro   0x0001505b       0x12 ./Core/Src/main.o
 .debug_macro   0x0001506d      0xf8a ./Core/Src/main.o
 .debug_macro   0x00015ff7       0xc3 ./Core/Src/main.o
 .debug_macro   0x000160ba      0x14f ./Core/Src/main.o
 .debug_macro   0x00016209       0x80 ./Core/Src/main.o
 .debug_macro   0x00016289       0x77 ./Core/Src/main.o
 .debug_macro   0x00016300       0x61 ./Core/Src/main.o
 .debug_macro   0x00016361       0x2a ./Core/Src/main.o
 .debug_macro   0x0001638b       0x43 ./Core/Src/main.o
 .debug_macro   0x000163ce       0x34 ./Core/Src/main.o
 .debug_macro   0x00016402       0x16 ./Core/Src/main.o
 .debug_macro   0x00016418       0x3c ./Core/Src/main.o
 .debug_macro   0x00016454      0x370 ./Core/Src/main.o
 .debug_macro   0x000167c4       0x16 ./Core/Src/main.o
 .debug_macro   0x000167da       0x4a ./Core/Src/main.o
 .debug_macro   0x00016824       0x34 ./Core/Src/main.o
 .debug_macro   0x00016858       0x10 ./Core/Src/main.o
 .debug_macro   0x00016868       0x58 ./Core/Src/main.o
 .debug_macro   0x000168c0       0x8e ./Core/Src/main.o
 .debug_macro   0x0001694e       0x1c ./Core/Src/main.o
 .debug_macro   0x0001696a      0x185 ./Core/Src/main.o
 .debug_macro   0x00016aef       0x16 ./Core/Src/main.o
 .debug_macro   0x00016b05       0x16 ./Core/Src/main.o
 .debug_macro   0x00016b1b      0x146 ./Core/Src/main.o
 .debug_macro   0x00016c61      0x1dd ./Core/Src/stm32f4xx_hal_msp.o
 .debug_macro   0x00016e3e      0x1ce ./Core/Src/stm32f4xx_hal_timebase_tim.o
 .debug_macro   0x0001700c      0x1e7 ./Core/Src/stm32f4xx_it.o
 .debug_macro   0x000171f3      0x1ce ./Core/Src/system_stm32f4xx.o
 .debug_macro   0x000173c1      0x2ba ./Drivers/Modules/GPIO_Driver.o
 .debug_macro   0x0001767b      0x112 ./Drivers/Modules/GPIO_Driver.o
 .debug_macro   0x0001778d      0x22e ./Drivers/STM32F4xx_HAL_Driver/Src/stm32f4xx_hal.o
 .debug_macro   0x000179bb      0x1ce ./Drivers/STM32F4xx_HAL_Driver/Src/stm32f4xx_hal_cortex.o
 .debug_macro   0x00017b89      0x1d4 ./Drivers/STM32F4xx_HAL_Driver/Src/stm32f4xx_hal_gpio.o
 .debug_macro   0x00017d5d      0x1f2 ./Drivers/STM32F4xx_HAL_Driver/Src/stm32f4xx_hal_rcc.o
 .debug_macro   0x00017f4f      0x1cf ./Drivers/STM32F4xx_HAL_Driver/Src/stm32f4xx_hal_tim.o
 .debug_macro   0x0001811e      0x1ce ./Drivers/STM32F4xx_HAL_Driver/Src/stm32f4xx_hal_tim_ex.o
 .debug_macro   0x000182ec      0x1cf ./Drivers/STM32F4xx_HAL_Driver/Src/stm32f4xx_hal_uart.o
 .debug_macro   0x000184bb      0x1f1 ./ThirdParty/FreeRTOS/org/Source/list.o
 .debug_macro   0x000186ac      0x288 ./ThirdParty/FreeRTOS/org/Source/queue.o
 .debug_macro   0x00018934       0x16 ./ThirdParty/FreeRTOS/org/Source/queue.o
 .debug_macro   0x0001894a       0x20 ./ThirdParty/FreeRTOS/org/Source/queue.o
 .debug_macro   0x0001896a      0x30e ./ThirdParty/FreeRTOS/org/Source/tasks.o
 .debug_macro   0x00018c78       0x17 ./ThirdParty/FreeRTOS/org/Source/tasks.o
 .debug_macro   0x00018c8f      0x21e ./ThirdParty/FreeRTOS/org/Source/portable/GCC/ARM_CM4F/port.o
 .debug_macro   0x00018ead      0x286 ./ThirdParty/FreeRTOS/org/Source/portable/MemMang/heap_4.o
 .debug_macro   0x00019133      0x134 ./ThirdParty/SEGGER/Config/SEGGER_SYSVIEW_Config_FreeRTOS.o
 .debug_macro   0x00019267      0x200 ./ThirdParty/SEGGER/OS/SEGGER_SYSVIEW_FreeRTOS.o
 .debug_macro   0x00019467      0x176 ./ThirdParty/SEGGER/SEGGER/SEGGER_RTT.o
 .debug_macro   0x000195dd       0x4f ./ThirdParty/SEGGER/SEGGER/SEGGER_RTT.o
 .debug_macro   0x0001962c      0x115 ./ThirdParty/SEGGER/SEGGER/SEGGER_RTT.o
 .debug_macro   0x00019741      0x20a ./ThirdParty/SEGGER/SEGGER/SEGGER_SYSVIEW.o
 .debug_macro   0x0001994b       0x65 ./ThirdParty/SEGGER/SEGGER/SEGGER_SYSVIEW.o
 .debug_macro   0x000199b0       0x35 ./ThirdParty/SEGGER/SEGGER/SEGGER_SYSVIEW.o
 .debug_macro   0x000199e5      0x11b ./ThirdParty/SEGGER/SEGGER/SEGGER_SYSVIEW.o

.debug_line     0x00000000    0x1726d
 .debug_line    0x00000000      0xd70 ./Core/Src/main.o
 .debug_line    0x00000d70      0x730 ./Core/Src/stm32f4xx_hal_msp.o
 .debug_line    0x000014a0      0x74f ./Core/Src/stm32f4xx_hal_timebase_tim.o
 .debug_line    0x00001bef      0x76c ./Core/Src/stm32f4xx_it.o
 .debug_line    0x0000235b      0x759 ./Core/Src/system_stm32f4xx.o
 .debug_line    0x00002ab4       0x7a ./Core/Startup/startup_stm32f411retx.o
 .debug_line    0x00002b2e      0xbf2 ./Drivers/Modules/GPIO_Driver.o
 .debug_line    0x00003720      0x9d5 ./Drivers/STM32F4xx_HAL_Driver/Src/stm32f4xx_hal.o
 .debug_line    0x000040f5      0xca5 ./Drivers/STM32F4xx_HAL_Driver/Src/stm32f4xx_hal_cortex.o
 .debug_line    0x00004d9a      0xaf1 ./Drivers/STM32F4xx_HAL_Driver/Src/stm32f4xx_hal_gpio.o
 .debug_line    0x0000588b      0xde4 ./Drivers/STM32F4xx_HAL_Driver/Src/stm32f4xx_hal_rcc.o
 .debug_line    0x0000666f     0x3514 ./Drivers/STM32F4xx_HAL_Driver/Src/stm32f4xx_hal_tim.o
 .debug_line    0x00009b83     0x18d0 ./Drivers/STM32F4xx_HAL_Driver/Src/stm32f4xx_hal_tim_ex.o
 .debug_line    0x0000b453     0x251d ./Drivers/STM32F4xx_HAL_Driver/Src/stm32f4xx_hal_uart.o
 .debug_line    0x0000d970      0x9cb ./ThirdParty/FreeRTOS/org/Source/list.o
 .debug_line    0x0000e33b     0x18b6 ./ThirdParty/FreeRTOS/org/Source/queue.o
 .debug_line    0x0000fbf1     0x2289 ./ThirdParty/FreeRTOS/org/Source/tasks.o
 .debug_line    0x00011e7a      0xb59 ./ThirdParty/FreeRTOS/org/Source/portable/GCC/ARM_CM4F/port.o
 .debug_line    0x000129d3      0xd54 ./ThirdParty/FreeRTOS/org/Source/portable/MemMang/heap_4.o
 .debug_line    0x00013727      0x788 ./ThirdParty/SEGGER/Config/SEGGER_SYSVIEW_Config_FreeRTOS.o
 .debug_line    0x00013eaf      0xa92 ./ThirdParty/SEGGER/OS/SEGGER_SYSVIEW_FreeRTOS.o
 .debug_line    0x00014941      0xd7d ./ThirdParty/SEGGER/SEGGER/SEGGER_RTT.o
 .debug_line    0x000156be     0x1baf ./ThirdParty/SEGGER/SEGGER/SEGGER_SYSVIEW.o

.debug_str      0x00000000    0xa3035
 .debug_str     0x00000000    0xa3035 ./Core/Src/main.o
                              0x9a466 (size before relaxing)
 .debug_str     0x000a3035        0x0 ./Core/Src/stm32f4xx_hal_msp.o
                              0x87787 (size before relaxing)
 .debug_str     0x000a3035        0x0 ./Core/Src/stm32f4xx_hal_timebase_tim.o
                              0x87b81 (size before relaxing)
 .debug_str     0x000a3035        0x0 ./Core/Src/stm32f4xx_it.o
                              0x8770c (size before relaxing)
 .debug_str     0x000a3035        0x0 ./Core/Src/system_stm32f4xx.o
                              0x871f2 (size before relaxing)
 .debug_str     0x000a3035        0x0 ./Core/Startup/startup_stm32f411retx.o
                                 0x94 (size before relaxing)
 .debug_str     0x000a3035        0x0 ./Drivers/Modules/GPIO_Driver.o
                              0x96589 (size before relaxing)
 .debug_str     0x000a3035        0x0 ./Drivers/STM32F4xx_HAL_Driver/Src/stm32f4xx_hal.o
                              0x87c1e (size before relaxing)
 .debug_str     0x000a3035        0x0 ./Drivers/STM32F4xx_HAL_Driver/Src/stm32f4xx_hal_cortex.o
                              0x87988 (size before relaxing)
 .debug_str     0x000a3035        0x0 ./Drivers/STM32F4xx_HAL_Driver/Src/stm32f4xx_hal_gpio.o
                              0x8736d (size before relaxing)
 .debug_str     0x000a3035        0x0 ./Drivers/STM32F4xx_HAL_Driver/Src/stm32f4xx_hal_rcc.o
                              0x87626 (size before relaxing)
 .debug_str     0x000a3035        0x0 ./Drivers/STM32F4xx_HAL_Driver/Src/stm32f4xx_hal_tim.o
                              0x8856a (size before relaxing)
 .debug_str     0x000a3035        0x0 ./Drivers/STM32F4xx_HAL_Driver/Src/stm32f4xx_hal_tim_ex.o
                              0x87d76 (size before relaxing)
 .debug_str     0x000a3035        0x0 ./Drivers/STM32F4xx_HAL_Driver/Src/stm32f4xx_hal_uart.o
                              0x87bf5 (size before relaxing)
 .debug_str     0x000a3035        0x0 ./ThirdParty/FreeRTOS/org/Source/list.o
                              0x1411d (size before relaxing)
 .debug_str     0x000a3035        0x0 ./ThirdParty/FreeRTOS/org/Source/queue.o
                              0x16a81 (size before relaxing)
 .debug_str     0x000a3035        0x0 ./ThirdParty/FreeRTOS/org/Source/tasks.o
                              0x17aa1 (size before relaxing)
 .debug_str     0x000a3035        0x0 ./ThirdParty/FreeRTOS/org/Source/portable/GCC/ARM_CM4F/port.o
                              0x12c38 (size before relaxing)
 .debug_str     0x000a3035        0x0 ./ThirdParty/FreeRTOS/org/Source/portable/MemMang/heap_4.o
                              0x15c74 (size before relaxing)
 .debug_str     0x000a3035        0x0 ./ThirdParty/SEGGER/Config/SEGGER_SYSVIEW_Config_FreeRTOS.o
                              0x10344 (size before relaxing)
 .debug_str     0x000a3035        0x0 ./ThirdParty/SEGGER/OS/SEGGER_SYSVIEW_FreeRTOS.o
                              0x15568 (size before relaxing)
 .debug_str     0x000a3035        0x0 ./ThirdParty/SEGGER/SEGGER/SEGGER_RTT.o
                               0x7620 (size before relaxing)
 .debug_str     0x000a3035        0x0 ./ThirdParty/SEGGER/SEGGER/SEGGER_SYSVIEW.o
                               0x960b (size before relaxing)

.comment        0x00000000       0x43
 .comment       0x00000000       0x43 ./Core/Src/main.o
                                 0x44 (size before relaxing)
 .comment       0x00000043        0x0 ./Core/Src/stm32f4xx_hal_msp.o
                                 0x44 (size before relaxing)
 .comment       0x00000043        0x0 ./Core/Src/stm32f4xx_hal_timebase_tim.o
                                 0x44 (size before relaxing)
 .comment       0x00000043        0x0 ./Core/Src/stm32f4xx_it.o
                                 0x44 (size before relaxing)
 .comment       0x00000043        0x0 ./Core/Src/system_stm32f4xx.o
                                 0x44 (size before relaxing)
 .comment       0x00000043        0x0 ./Drivers/Modules/GPIO_Driver.o
                                 0x44 (size before relaxing)
 .comment       0x00000043        0x0 ./Drivers/STM32F4xx_HAL_Driver/Src/stm32f4xx_hal.o
                                 0x44 (size before relaxing)
 .comment       0x00000043        0x0 ./Drivers/STM32F4xx_HAL_Driver/Src/stm32f4xx_hal_cortex.o
                                 0x44 (size before relaxing)
 .comment       0x00000043        0x0 ./Drivers/STM32F4xx_HAL_Driver/Src/stm32f4xx_hal_gpio.o
                                 0x44 (size before relaxing)
 .comment       0x00000043        0x0 ./Drivers/STM32F4xx_HAL_Driver/Src/stm32f4xx_hal_rcc.o
                                 0x44 (size before relaxing)
 .comment       0x00000043        0x0 ./Drivers/STM32F4xx_HAL_Driver/Src/stm32f4xx_hal_tim.o
                                 0x44 (size before relaxing)
 .comment       0x00000043        0x0 ./Drivers/STM32F4xx_HAL_Driver/Src/stm32f4xx_hal_tim_ex.o
                                 0x44 (size before relaxing)
 .comment       0x00000043        0x0 ./Drivers/STM32F4xx_HAL_Driver/Src/stm32f4xx_hal_uart.o
                                 0x44 (size before relaxing)
 .comment       0x00000043        0x0 ./ThirdParty/FreeRTOS/org/Source/list.o
                                 0x44 (size before relaxing)
 .comment       0x00000043        0x0 ./ThirdParty/FreeRTOS/org/Source/queue.o
                                 0x44 (size before relaxing)
 .comment       0x00000043        0x0 ./ThirdParty/FreeRTOS/org/Source/tasks.o
                                 0x44 (size before relaxing)
 .comment       0x00000043        0x0 ./ThirdParty/FreeRTOS/org/Source/portable/GCC/ARM_CM4F/port.o
                                 0x44 (size before relaxing)
 .comment       0x00000043        0x0 ./ThirdParty/FreeRTOS/org/Source/portable/MemMang/heap_4.o
                                 0x44 (size before relaxing)
 .comment       0x00000043        0x0 ./ThirdParty/SEGGER/Config/SEGGER_SYSVIEW_Config_FreeRTOS.o
                                 0x44 (size before relaxing)
 .comment       0x00000043        0x0 ./ThirdParty/SEGGER/OS/SEGGER_SYSVIEW_FreeRTOS.o
                                 0x44 (size before relaxing)
 .comment       0x00000043        0x0 ./ThirdParty/SEGGER/SEGGER/SEGGER_RTT.o
                                 0x44 (size before relaxing)
 .comment       0x00000043        0x0 ./ThirdParty/SEGGER/SEGGER/SEGGER_SYSVIEW.o
                                 0x44 (size before relaxing)

.debug_frame    0x00000000     0x5678
 .debug_frame   0x00000000      0x110 ./Core/Src/main.o
 .debug_frame   0x00000110       0x80 ./Core/Src/stm32f4xx_hal_msp.o
 .debug_frame   0x00000190       0x74 ./Core/Src/stm32f4xx_hal_timebase_tim.o
 .debug_frame   0x00000204       0xc4 ./Core/Src/stm32f4xx_it.o
 .debug_frame   0x000002c8       0x58 ./Core/Src/system_stm32f4xx.o
 .debug_frame   0x00000320      0x114 ./Drivers/Modules/GPIO_Driver.o
 .debug_frame   0x00000434      0x374 ./Drivers/STM32F4xx_HAL_Driver/Src/stm32f4xx_hal.o
 .debug_frame   0x000007a8      0x508 ./Drivers/STM32F4xx_HAL_Driver/Src/stm32f4xx_hal_cortex.o
 .debug_frame   0x00000cb0      0x14c ./Drivers/STM32F4xx_HAL_Driver/Src/stm32f4xx_hal_gpio.o
 .debug_frame   0x00000dfc      0x1f4 ./Drivers/STM32F4xx_HAL_Driver/Src/stm32f4xx_hal_rcc.o
 .debug_frame   0x00000ff0     0x11b8 ./Drivers/STM32F4xx_HAL_Driver/Src/stm32f4xx_hal_tim.o
 .debug_frame   0x000021a8      0x638 ./Drivers/STM32F4xx_HAL_Driver/Src/stm32f4xx_hal_tim_ex.o
 .debug_frame   0x000027e0      0x954 ./Drivers/STM32F4xx_HAL_Driver/Src/stm32f4xx_hal_uart.o
 .debug_frame   0x00003134       0xd8 ./ThirdParty/FreeRTOS/org/Source/list.o
 .debug_frame   0x0000320c      0x570 ./ThirdParty/FreeRTOS/org/Source/queue.o
 .debug_frame   0x0000377c      0x99c ./ThirdParty/FreeRTOS/org/Source/tasks.o
 .debug_frame   0x00004118      0x1d0 ./ThirdParty/FreeRTOS/org/Source/portable/GCC/ARM_CM4F/port.o
 .debug_frame   0x000042e8      0x174 ./ThirdParty/FreeRTOS/org/Source/portable/MemMang/heap_4.o
 .debug_frame   0x0000445c       0x48 ./ThirdParty/SEGGER/Config/SEGGER_SYSVIEW_Config_FreeRTOS.o
 .debug_frame   0x000044a4      0x104 ./ThirdParty/SEGGER/OS/SEGGER_SYSVIEW_FreeRTOS.o
 .debug_frame   0x000045a8      0x478 ./ThirdParty/SEGGER/SEGGER/SEGGER_RTT.o
 .debug_frame   0x00004a20      0xb5c ./ThirdParty/SEGGER/SEGGER/SEGGER_SYSVIEW.o
 .debug_frame   0x0000557c       0x28 /Applications/STM32CubeIDE.app/Contents/Eclipse/plugins/com.st.stm32cube.ide.mcu.externaltools.gnu-tools-for-stm32.13.3.rel1.macos64_1.0.100.202509120712/tools/bin/../lib/gcc/arm-none-eabi/13.3.1/../../../../arm-none-eabi/lib/thumb/v7e-m+fp/hard/libc_nano.a(libc_a-memcmp.o)
 .debug_frame   0x000055a4       0x20 /Applications/STM32CubeIDE.app/Contents/Eclipse/plugins/com.st.stm32cube.ide.mcu.externaltools.gnu-tools-for-stm32.13.3.rel1.macos64_1.0.100.202509120712/tools/bin/../lib/gcc/arm-none-eabi/13.3.1/../../../../arm-none-eabi/lib/thumb/v7e-m+fp/hard/libc_nano.a(libc_a-memset.o)
 .debug_frame   0x000055c4       0x2c /Applications/STM32CubeIDE.app/Contents/Eclipse/plugins/com.st.stm32cube.ide.mcu.externaltools.gnu-tools-for-stm32.13.3.rel1.macos64_1.0.100.202509120712/tools/bin/../lib/gcc/arm-none-eabi/13.3.1/../../../../arm-none-eabi/lib/thumb/v7e-m+fp/hard/libc_nano.a(libc_a-init.o)
 .debug_frame   0x000055f0       0x28 /Applications/STM32CubeIDE.app/Contents/Eclipse/plugins/com.st.stm32cube.ide.mcu.externaltools.gnu-tools-for-stm32.13.3.rel1.macos64_1.0.100.202509120712/tools/bin/../lib/gcc/arm-none-eabi/13.3.1/../../../../arm-none-eabi/lib/thumb/v7e-m+fp/hard/libc_nano.a(libc_a-memcpy-stub.o)
 .debug_frame   0x00005618       0x2c /Applications/STM32CubeIDE.app/Contents/Eclipse/plugins/com.st.stm32cube.ide.mcu.externaltools.gnu-tools-for-stm32.13.3.rel1.macos64_1.0.100.202509120712/tools/bin/../lib/gcc/arm-none-eabi/13.3.1/thumb/v7e-m+fp/hard/libgcc.a(_aeabi_uldivmod.o)
 .debug_frame   0x00005644       0x34 /Applications/STM32CubeIDE.app/Contents/Eclipse/plugins/com.st.stm32cube.ide.mcu.externaltools.gnu-tools-for-stm32.13.3.rel1.macos64_1.0.100.202509120712/tools/bin/../lib/gcc/arm-none-eabi/13.3.1/thumb/v7e-m+fp/hard/libgcc.a(_udivmoddi4.o)

.debug_line_str
                0x00000000       0x78
 .debug_line_str
                0x00000000       0x78 ./Core/Startup/startup_stm32f411retx.o
